Archive member included to satisfy reference by file (symbol)

C:/devkitPro/libnds/lib\libnds9.a(background.o)
                              Board.o (bgState)
C:/devkitPro/libnds/lib\libnds9.a(sassert.o)
                              Cursor.o (__sassert)
C:/devkitPro/libnds/lib\libnds9.a(sprite_alloc.o)
                              Cursor.o (oamAllocateGfx)
C:/devkitPro/libnds/lib\libnds9.a(console.o)
                              C:/devkitPro/libnds/lib\libnds9.a(sassert.o) (consoleDemoInit)
C:/devkitPro/libnds/lib\libnds9.a(trig.o)
                              C:/devkitPro/libnds/lib\libnds9.a(background.o) (sinLerp)
C:/devkitPro/libnds/lib\libnds9.a(sprite.o)
                              GameSystem.o (oamInit)
C:/devkitPro/libnds/lib\libnds9.a(keys.o)
                              GameSystem.o (scanKeys)
C:/devkitPro/libnds/lib\libnds9.a(initSystem.o)
                              c:/devkitpro/devkitarm/bin/../lib/gcc/arm-none-eabi/10.1.0/../../../../arm-none-eabi/lib/ds_arm9_crt0.o (initSystem)
C:/devkitPro/libnds/lib\libnds9.a(timeSupport.o)
                              C:/devkitPro/libnds/lib\libnds9.a(initSystem.o) (__libnds_gtod)
C:/devkitPro/libnds/lib\libnds9.a(securearea.o)
                              c:/devkitpro/devkitarm/bin/../lib/gcc/arm-none-eabi/10.1.0/../../../../arm-none-eabi/lib/ds_arm9_crt0.o (__secure_area__)
C:/devkitPro/libnds/lib\libnds9.a(timers.o)
                              GameSystem.o (timerStart)
C:/devkitPro/libnds/lib\libnds9.a(interrupts.o)
                              C:/devkitPro/libnds/lib\libnds9.a(timers.o) (irqSet)
C:/devkitPro/libnds/lib\libnds9.a(libnds_exit.arm.o)
                              c:/devkitpro/devkitarm/bin/../lib/gcc/arm-none-eabi/10.1.0/../../../../arm-none-eabi/lib/ds_arm9_crt0.o (__libnds_exit)
C:/devkitPro/libnds/lib\libnds9.a(fifosystem.o)
                              C:/devkitPro/libnds/lib\libnds9.a(initSystem.o) (fifoSetValue32Handler)
C:/devkitPro/libnds/lib\libnds9.a(dcache.o)
                              C:/devkitPro/libnds/lib\libnds9.a(sprite.o) (DC_FlushRange)
C:/devkitPro/libnds/lib\libnds9.a(mpu_setup.o)
                              c:/devkitpro/devkitarm/bin/../lib/gcc/arm-none-eabi/10.1.0/../../../../arm-none-eabi/lib/ds_arm9_crt0.o (__libnds_mpu_setup)
C:/devkitPro/libnds/lib\libnds9.a(IntrWait.o)
                              GameSystem.o (swiWaitForVBlank)
C:/devkitPro/libnds/lib\libnds9.a(cpu_clock.o)
                              C:/devkitPro/libnds/lib\libnds9.a(initSystem.o) (setCpuClock)
C:/devkitPro/libnds/lib\libnds9.a(interruptDispatcher.o)
                              C:/devkitPro/libnds/lib\libnds9.a(interrupts.o) (IntrMain)
C:/devkitPro/libnds/lib\libnds9.a(debugprint.o)
                              C:/devkitPro/libnds/lib\libnds9.a(console.o) (nocashWrite)
C:/devkitPro/libnds/lib\libnds9.a(swiSoftReset.o)
                              C:/devkitPro/libnds/lib\libnds9.a(fifosystem.o) (swiSoftReset)
C:/devkitPro/libnds/lib\libnds9.a(default_font.bin.o)
                              C:/devkitPro/libnds/lib\libnds9.a(console.o) (default_font_bin)
C:/devkitPro/libnds/lib\libnds9.a(video.o)
                              C:/devkitPro/libnds/lib\libnds9.a(initSystem.o) (vramDefault)
C:/devkitPro/libnds/lib\libnds9.a(system.o)
                              C:/devkitPro/libnds/lib\libnds9.a(initSystem.o) (systemValueHandler)
C:/devkitPro/libnds/lib\libnds9.a(biosCalls.o)
                              C:/devkitPro/libnds/lib\libnds9.a(system.o) (swiDelay)
c:/devkitpro/devkitarm/bin/../lib/gcc/arm-none-eabi/10.1.0/../../../../arm-none-eabi/lib\libstdc++.a(atexit_arm.o)
                              Square.o (__aeabi_atexit)
c:/devkitpro/devkitarm/bin/../lib/gcc/arm-none-eabi/10.1.0/../../../../arm-none-eabi/lib\libstdc++.a(del_ops.o)
                              Board.o (operator delete(void*, unsigned int))
c:/devkitpro/devkitarm/bin/../lib/gcc/arm-none-eabi/10.1.0/../../../../arm-none-eabi/lib\libstdc++.a(new_op.o)
                              Board.o (operator new(unsigned int))
c:/devkitpro/devkitarm/bin/../lib/gcc/arm-none-eabi/10.1.0/../../../../arm-none-eabi/lib\libstdc++.a(functexcept.o)
                              Board.o (std::__throw_length_error(char const*))
c:/devkitpro/devkitarm/bin/../lib/gcc/arm-none-eabi/10.1.0/../../../../arm-none-eabi/lib\libstdc++.a(random.o)
                              Board.o (std::random_device::_M_init(std::__cxx11::basic_string<char, std::char_traits<char>, std::allocator<char> > const&))
c:/devkitpro/devkitarm/bin/../lib/gcc/arm-none-eabi/10.1.0/../../../../arm-none-eabi/lib\libstdc++.a(snprintf_lite.o)
                              c:/devkitpro/devkitarm/bin/../lib/gcc/arm-none-eabi/10.1.0/../../../../arm-none-eabi/lib\libstdc++.a(functexcept.o) (__gnu_cxx::__snprintf_lite(char*, unsigned int, char const*, std::__va_list))
c:/devkitpro/devkitarm/bin/../lib/gcc/arm-none-eabi/10.1.0/../../../../arm-none-eabi/lib\libstdc++.a(string-inst.o)
[...]
Memory Configuration

Name             Origin             Length             Attributes
ewram            0x0000000002000000 0x0000000000380000
dtcm             0x000000000b000000 0x0000000000004000
vectors          0x0000000001000000 0x0000000000000100
itcm             0x0000000001000100 0x0000000000007f00
*default*        0x0000000000000000 0xffffffffffffffff

Linker script and memory map

                0x0000000002380000                __ewram_end = (ORIGIN (ewram) + LENGTH (ewram))
                0x0000000002380000                __eheap_end = (ORIGIN (ewram) + LENGTH (ewram))
                0x000000000b004000                __dtcm_top = (ORIGIN (dtcm) + LENGTH (dtcm))
                0x000000000b003ff8                __irq_flags = (__dtcm_top - 0x8)
                0x000000000b003ffc                __irq_vector = (__dtcm_top - 0x4)
                0x000000000b003f00                __sp_svc = (__dtcm_top - 0x100)
                0x000000000b003e00                __sp_irq = (__sp_svc - 0x100)
                0x000000000b003d00                __sp_usr = (__sp_irq - 0x100)

.secure         0x0000000002000000      0x800
 *(.secure)
 .secure        0x0000000002000000      0x800 C:/devkitPro/libnds/lib\libnds9.a(securearea.o)
                0x0000000002000000                __secure_area__

.crt0           0x0000000002000800      0x300
                0x0000000002000800                __text_start = .
 *(.crt0)
 .crt0          0x0000000002000800      0x300 c:/devkitpro/devkitarm/bin/../lib/gcc/arm-none-eabi/10.1.0/../../../../arm-none-eabi/lib/ds_arm9_crt0.o
                0x0000000002000800                _start
                0x0000000002000b00                . = ALIGN (0x4)

.plt
 *(.plt)

.init           0x0000000002000b00       0x18
 *(SORT_NONE(.init))
 .init          0x0000000002000b00        0xc c:/devkitpro/devkitarm/bin/../lib/gcc/arm-none-eabi/10.1.0/crti.o
                0x0000000002000b00                _init
 .init          0x0000000002000b0c        0xc c:/devkitpro/devkitarm/bin/../lib/gcc/arm-none-eabi/10.1.0/crtn.o

.text           0x0000000002000b18    0x149c0
 *(EXCLUDE_FILE(*.twl* *.vectors* *.itcm*) .text)
 .text          0x0000000002000b18     0x10a4 Board.o
                0x0000000002000b18                Board::~Board()
                0x0000000002000b18                Board::~Board()
                0x0000000002000c38                Board::check_overlap() const
                0x0000000002000da8                Board::can_move_down() const
                0x0000000002000e70                Board::can_rotate(bool) const
                0x0000000002000f40                Board::can_move(bool) const
                0x0000000002001018                Board::erase_rows_if_needed()
                0x0000000002001304                Board::update()
                0x000000000200132c                Board::game_over()
                0x00000000020013b8                Board::new_future_tile()
                0x00000000020015cc                Board::new_tile()
                0x00000000020017b4                Board::process_input(int, int)
                0x0000000002001868                Board::move_down_cur_tile()
                0x000000000200192c                Board::Board()
                0x000000000200192c                Board::Board()
 .text          0x0000000002001bbc      0x25c Cursor.o
                0x0000000002001bbc                Cursor::Cursor(unsigned char, unsigned char, unsigned char, OamState*)
                0x0000000002001bbc                Cursor::Cursor(unsigned char, unsigned char, unsigned char, OamState*)
                0x0000000002001d40                Cursor::~Cursor()
                0x0000000002001d40                Cursor::~Cursor()
                0x0000000002001da4                Cursor::move(unsigned char, unsigned char)
                0x0000000002001db0                Cursor::update()
 .text          0x0000000002001e18      0x488 GameSystem.o
                0x0000000002001e18                GameSystem::timer_callback()
                0x0000000002001e4c                GameSystem::GameSystem()
                0x0000000002001e4c                GameSystem::GameSystem()
                0x0000000002001f30                GameSystem::hardware_init()
                0x0000000002001fe8                GameSystem::run()
                0x00000000020021fc                GameSystem::init_menu()
                0x000000000200221c                GameSystem::deinit_menu()
                0x0000000002002244                GameSystem::init_board()
                0x0000000002002278                GameSystem::deinit_board()
 .text          0x00000000020022a0      0x284 Menu.o
                0x00000000020022a0                Menu::Menu()
                0x00000000020022a0                Menu::Menu()
                0x0000000002002430                Menu::~Menu()
                0x0000000002002430                Menu::~Menu()
                0x0000000002002460                Menu::process_input(int)
                0x00000000020024f4                Menu::update()
                0x00000000020024fc                Menu::move_cursor_left()
                0x0000000002002510                Menu::move_cursor_right()
 .text          0x0000000002002524      0xc14 Square.o
                0x0000000002002608                Square::~Square()
                0x0000000002002608                Square::~Square()
                0x00000000020028f0                Square::move_right(unsigned short)
                0x0000000002002900                Square::move_left(unsigned short)
                0x0000000002002910                Square::update()
                0x0000000002002990                Square::init()
                0x0000000002002ce4                Square::Square(unsigned short, unsigned short, unsigned int const*, unsigned long, unsigned short const*, unsigned long, unsigned char)
                0x0000000002002ce4                Square::Square(unsigned short, unsigned short, unsigned int const*, unsigned long, unsigned short const*, unsigned long, unsigned char)
                0x0000000002002d38                Square::change_oam(OamState*)
                0x0000000002003034                Square::change_oam_if_needed()
                0x000000000200306c                Square::move(unsigned short, unsigned short)
                0x00000000020030a8                Square::move_up(unsigned short)
                0x00000000020030f0                Square::move_down(unsigned short)
 .text          0x0000000002003138     0x1378 TetrisTile.o
                0x0000000002003138                TetrisTile::~TetrisTile()
                0x0000000002003138                TetrisTile::~TetrisTile()
                0x00000000020031b4                TetrisTile::~TetrisTile()
                0x000000000200323c                TetrisTile::move_to_side(bool, unsigned short)
                0x00000000020032a8                TetrisTile::rotate(bool)
                0x00000000020033b0                TetrisTile::move_down(unsigned short)
                0x00000000020033ec                TetrisTile::move_up(unsigned short)
                0x0000000002003428                TetrisTile::move_down_squares(unsigned short, unsigned short)
                0x000000000200348c                TetrisTile::erase_row(unsigned short)
                0x0000000002003578                TetrisTile::update()
                0x00000000020035a0                TetrisTile::get_square_positions(std::vector<std::pair<unsigned short, unsigned short>, std::allocator<std::pair<unsigned short, unsigned short> > >&) const
                0x00000000020036ac                TetrisTile::get_suqare_offsets(std::vector<std::pair<unsigned short, unsigned short>, std::allocator<std::pair<unsigned short, unsigned short> > >&, TILE_TYPE) const
                0x0000000002003c6c                TetrisTile::move(unsigned short, unsigned short)
                0x0000000002003d3c                TetrisTile::TetrisTile(unsigned short, unsigned short, TILE_TYPE)
                0x0000000002003d3c                TetrisTile::TetrisTile(unsigned short, unsigned short, TILE_TYPE)
 .text          0x00000000020044b0      0x114 c:/devkitpro/devkitarm/bin/../lib/gcc/arm-none-eabi/10.1.0\libgcc.a(_udivsi3.o)
                0x00000000020044b0                __aeabi_uidiv
                0x00000000020044b0                __udivsi3
                0x00000000020045a4                __aeabi_uidivmod
 .text          0x00000000020045c4      0x148 c:/devkitpro/devkitarm/bin/../lib/gcc/arm-none-eabi/10.1.0\libgcc.a(_divsi3.o)
                0x00000000020045c4                __divsi3
                0x00000000020045c4                __aeabi_idiv
                0x00000000020046ec                __aeabi_idivmod
 .text          0x000000000200470c        0x4 c:/devkitpro/devkitarm/bin/../lib/gcc/arm-none-eabi/10.1.0\libgcc.a(_dvmd_tls.o)
                0x000000000200470c                __aeabi_idiv0
                0x000000000200470c                __aeabi_ldiv0
 .text          0x0000000002004710      0x1b0 c:/devkitpro/devkitarm/bin/../lib/gcc/arm-none-eabi/10.1.0\libgcc.a(libunwind.o)
                0x0000000002004710                __restore_core_regs
                0x0000000002004710                restore_core_regs
                0x000000000200472c                __gnu_Unwind_Restore_VFP
                0x0000000002004734                __gnu_Unwind_Save_VFP
                0x000000000200473c                __gnu_Unwind_Restore_VFP_D
                0x0000000002004744                __gnu_Unwind_Save_VFP_D
                0x000000000200474c                __gnu_Unwind_Restore_VFP_D_16_to_31
                0x0000000002004754                __gnu_Unwind_Save_VFP_D_16_to_31
                0x000000000200475c                __gnu_Unwind_Restore_WMMXD
                0x00000000020047a0                __gnu_Unwind_Save_WMMXD
                0x00000000020047e4                __gnu_Unwind_Restore_WMMXC
                0x00000000020047f8                __gnu_Unwind_Save_WMMXC
                0x000000000200480c                ___Unwind_RaiseException
                0x000000000200480c                _Unwind_RaiseException
                0x0000000002004830                _Unwind_Resume
                0x0000000002004830                ___Unwind_Resume
                0x0000000002004854                _Unwind_Resume_or_Rethrow
                0x0000000002004854                ___Unwind_Resume_or_Rethrow
                0x0000000002004878                _Unwind_ForcedUnwind
                0x0000000002004878                ___Unwind_ForcedUnwind
                0x000000000200489c                ___Unwind_Backtrace
                0x000000000200489c                _Unwind_Backtrace
 .text          0x00000000020048c0      0x224 c:/devkitpro/devkitarm/bin/../lib/gcc/arm-none-eabi/10.1.0/../../../../arm-none-eabi/lib\libg.a(lib_a-strcmp.o)
                0x00000000020048c0                strcmp
 .text          0x0000000002004ae4       0x3c c:/devkitpro/devkitarm/bin/../lib/gcc/arm-none-eabi/10.1.0\libgcc.a(_aeabi_uldivmod.o)
                0x0000000002004ae4                __aeabi_uldivmod
 .text          0x0000000002004b20       0x28 c:/devkitpro/devkitarm/bin/../lib/gcc/arm-none-eabi/10.1.0\libgcc.a(_clzdi2.o)
                0x0000000002004b20                __clzdi2
 .text          0x0000000002004b48       0x48 c:/devkitpro/devkitarm/bin/../lib/gcc/arm-none-eabi/10.1.0\libgcc.a(_clzsi2.o)
                0x0000000002004b48                __clzsi2
 *(EXCLUDE_FILE(*.twl* *.vectors* *.itcm*) .stub)
 *(EXCLUDE_FILE(*.twl* *.vectors* *.itcm*) .text.*)
 .text.deregister_tm_clones
                0x0000000002004b90       0x2c c:/devkitpro/devkitarm/bin/../lib/gcc/arm-none-eabi/10.1.0/crtbegin.o
 .text.register_tm_clones
                0x0000000002004bbc       0x38 c:/devkitpro/devkitarm/bin/../lib/gcc/arm-none-eabi/10.1.0/crtbegin.o
 .text.__do_global_dtors_aux
                0x0000000002004bf4       0x44 c:/devkitpro/devkitarm/bin/../lib/gcc/arm-none-eabi/10.1.0/crtbegin.o
 .text.frame_dummy
                0x0000000002004c38       0x34 c:/devkitpro/devkitarm/bin/../lib/gcc/arm-none-eabi/10.1.0/crtbegin.o
 .text._ZNSt19_Sp_counted_deleterIP10TetrisTileSt14default_deleteIS0_ESaIvELN9__gnu_cxx12_Lock_policyE0EED1Ev
                0x0000000002004c6c        0x4 Board.o
                0x0000000002004c6c                std::_Sp_counted_deleter<TetrisTile*, std::default_delete<TetrisTile>, std::allocator<void>, (__gnu_cxx::_Lock_policy)0>::~_Sp_counted_deleter()
 .text._ZNSt19_Sp_counted_deleterIP10TetrisTileSt14default_deleteIS0_ESaIvELN9__gnu_cxx12_Lock_policyE0EE10_M_disposeEv
                0x0000000002004c70       0x18 Board.o
                0x0000000002004c70                std::_Sp_counted_deleter<TetrisTile*, std::default_delete<TetrisTile>, std::allocator<void>, (__gnu_cxx::_Lock_policy)0>::_M_dispose()
 .text._ZNSt19_Sp_counted_deleterIP10TetrisTileSt14default_deleteIS0_ESaIvELN9__gnu_cxx12_Lock_policyE0EE14_M_get_deleterERKSt9type_info
                0x0000000002004c88        0x8 Board.o
                0x0000000002004c88                std::_Sp_counted_deleter<TetrisTile*, std::default_delete<TetrisTile>, std::allocator<void>, (__gnu_cxx::_Lock_policy)0>::_M_get_deleter(std::type_info const&)
 .text._ZNSt19_Sp_counted_deleterIP10TetrisTileSt14default_deleteIS0_ESaIvELN9__gnu_cxx12_Lock_policyE0EED0Ev
                0x0000000002004c90       0x18 Board.o
                0x0000000002004c90                std::_Sp_counted_deleter<TetrisTile*, std::default_delete<TetrisTile>, std::allocator<void>, (__gnu_cxx::_Lock_policy)0>::~_Sp_counted_deleter()
 .text._ZNSt19_Sp_counted_deleterIP10TetrisTileSt14default_deleteIS0_ESaIvELN9__gnu_cxx12_Lock_policyE0EE10_M_destroyEv
                0x0000000002004ca8        0x8 Board.o
                0x0000000002004ca8                std::_Sp_counted_deleter<TetrisTile*, std::default_delete<TetrisTile>, std::allocator<void>, (__gnu_cxx::_Lock_policy)0>::_M_destroy()
 .text._ZNSt13random_deviceC2Ev
                0x0000000002004cb0       0x70 Board.o
                0x0000000002004cb0                std::random_device::random_device()
                0x0000000002004cb0                std::random_device::random_device()
 .text._ZNSt14__shared_countILN9__gnu_cxx12_Lock_policyE0EEC2I10TetrisTileSt14default_deleteIS4_EEEOSt10unique_ptrIT_T0_E
                0x0000000002004d20       0x58 Board.o
                0x0000000002004d20                std::__shared_count<(__gnu_cxx::_Lock_policy)0>::__shared_count<TetrisTile, std::default_delete<TetrisTile> >(std::unique_ptr<TetrisTile, std::default_delete<TetrisTile> >&&)
                0x0000000002004d20                std::__shared_count<(__gnu_cxx::_Lock_policy)0>::__shared_count<TetrisTile, std::default_delete<TetrisTile> >(std::unique_ptr<TetrisTile, std::default_delete<TetrisTile> >&&)
 .text._ZNSt6vectorISt10shared_ptrI10TetrisTileESaIS2_EE17_M_realloc_insertIJS2_EEEvN9__gnu_cxx17__normal_iteratorIPS2_S4_EEDpOT_
                0x0000000002004d78      0x234 Board.o
                0x0000000002004d78                void std::vector<std::shared_ptr<TetrisTile>, std::allocator<std::shared_ptr<TetrisTile> > >::_M_realloc_insert<std::shared_ptr<TetrisTile> >(__gnu_cxx::__normal_iterator<std::shared_ptr<TetrisTile>*, std::vector<std::shared_ptr<TetrisTile>, std::allocator<std::shared_ptr<TetrisTile> > > >, std::shared_ptr<TetrisTile>&&)
 .text._ZNSt23mersenne_twister_engineIjLj32ELj624ELj397ELj31ELj2567483615ELj11ELj4294967295ELj7ELj2636928640ELj15ELj4022730752ELj18ELj1812433253EE11_M_gen_randEv
                0x0000000002004fac       0xc0 Board.o
                0x0000000002004fac                std::mersenne_twister_engine<unsigned int, 32u, 624u, 397u, 31u, 2567483615u, 11u, 4294967295u, 7u, 2636928640u, 15u, 4022730752u, 18u, 1812433253u>::_M_gen_rand()
 .text.startup  0x000000000200506c       0x64 Board.o
 .text.startup  0x00000000020050d0       0x24 main.o
                0x00000000020050d0                main
 .text._ZNSt6vectorIiSaIiEED2Ev
                0x00000000020050f4       0x28 Square.o
                0x00000000020050f4                std::vector<int, std::allocator<int> >::~vector()
                0x00000000020050f4                std::vector<int, std::allocator<int> >::~vector()
 .text._ZNSt6vectorIiSaIiEE17_M_realloc_insertIJRKiEEEvN9__gnu_cxx17__normal_iteratorIPiS1_EEDpOT_
                0x000000000200511c      0x124 Square.o
                0x000000000200511c                void std::vector<int, std::allocator<int> >::_M_realloc_insert<int const&>(__gnu_cxx::__normal_iterator<int*, std::vector<int, std::allocator<int> > >, int const&)
 .text.startup  0x0000000002005240       0x5c Square.o
 .text._ZNSt6vectorISt10unique_ptrI6SquareSt14default_deleteIS1_EESaIS4_EE17_M_realloc_insertIJS4_EEEvN9__gnu_cxx17__normal_iteratorIPS4_S6_EEDpOT_
                0x000000000200529c      0x188 TetrisTile.o
                0x000000000200529c                void std::vector<std::unique_ptr<Square, std::default_delete<Square> >, std::allocator<std::unique_ptr<Square, std::default_delete<Square> > > >::_M_realloc_insert<std::unique_ptr<Square, std::default_delete<Square> > >(__gnu_cxx::__normal_iterator<std::unique_ptr<Square, std::default_delete<Square> >*, std::vector<std::unique_ptr<Square, std::default_delete<Square> >, std::allocator<std::unique_ptr<Square, std::default_delete<Square> > > > >, std::unique_ptr<Square, std::default_delete<Square> >&&)
 .text._ZNSt6vectorISt4pairIttESaIS1_EE17_M_realloc_insertIJS1_EEEvN9__gnu_cxx17__normal_iteratorIPS1_S3_EEDpOT_
                0x0000000002005424      0x128 TetrisTile.o
                0x0000000002005424                void std::vector<std::pair<unsigned short, unsigned short>, std::allocator<std::pair<unsigned short, unsigned short> > >::_M_realloc_insert<std::pair<unsigned short, unsigned short> >(__gnu_cxx::__normal_iterator<std::pair<unsigned short, unsigned short>*, std::vector<std::pair<unsigned short, unsigned short>, std::allocator<std::pair<unsigned short, unsigned short> > > >, std::pair<unsigned short, unsigned short>&&)
 .text.checkIfText
                0x000000000200554c       0x5c C:/devkitPro/libnds/lib\libnds9.a(background.o)
                0x000000000200554c                checkIfText
 .text.bgUpdate
                0x00000000020055a8       0xf4 C:/devkitPro/libnds/lib\libnds9.a(background.o)
                0x00000000020055a8                bgUpdate
 .text.bgInit_call
                0x000000000200569c       0xc4 C:/devkitPro/libnds/lib\libnds9.a(background.o)
                0x000000000200569c                bgInit_call
 .text.bgInitSub_call
                0x0000000002005760       0xcc C:/devkitPro/libnds/lib\libnds9.a(background.o)
                0x0000000002005760                bgInitSub_call
 .text.__sassert
                0x000000000200582c       0x38 C:/devkitPro/libnds/lib\libnds9.a(sassert.o)
                0x000000000200582c                __sassert
 .text.oamAllocReset
                0x0000000002005864       0x1c C:/devkitPro/libnds/lib\libnds9.a(sprite_alloc.o)
                0x0000000002005864                oamAllocReset
 .text.oamAllocateGfx
                0x0000000002005880      0x510 C:/devkitPro/libnds/lib\libnds9.a(sprite_alloc.o)
                0x0000000002005880                oamAllocateGfx
 .text.oamFreeGfx
                0x0000000002005d90      0x438 C:/devkitPro/libnds/lib\libnds9.a(sprite_alloc.o)
                0x0000000002005d90                oamFreeGfx
 .text.newRow   0x00000000020061c8       0xb0 C:/devkitPro/libnds/lib\libnds9.a(console.o)
 .text.consolePrintChar
                0x0000000002006278       0xec C:/devkitPro/libnds/lib\libnds9.a(console.o)
                0x0000000002006278                consolePrintChar
 .text.con_write
                0x0000000002006364      0x374 C:/devkitPro/libnds/lib\libnds9.a(console.o)
                0x0000000002006364                con_write
 .text.consoleLoadFont
                0x00000000020066d8      0x2a8 C:/devkitPro/libnds/lib\libnds9.a(console.o)
                0x00000000020066d8                consoleLoadFont
 .text.consoleInit
                0x0000000002006980      0x194 C:/devkitPro/libnds/lib\libnds9.a(console.o)
                0x0000000002006980                consoleInit
 .text.consoleDemoInit
                0x0000000002006b14       0x40 C:/devkitPro/libnds/lib\libnds9.a(console.o)
                0x0000000002006b14                consoleDemoInit
 .text.sinLutLookup
                0x0000000002006b54       0x38 C:/devkitPro/libnds/lib\libnds9.a(trig.o)
                0x0000000002006b54                sinLutLookup
 .text.sinLerp  0x0000000002006b8c       0x40 C:/devkitPro/libnds/lib\libnds9.a(trig.o)
                0x0000000002006b8c                sinLerp
 .text.cosLerp  0x0000000002006bcc       0x4c C:/devkitPro/libnds/lib\libnds9.a(trig.o)
                0x0000000002006bcc                cosLerp
 .text.oamInit  0x0000000002006c18      0x118 C:/devkitPro/libnds/lib\libnds9.a(sprite.o)
                0x0000000002006c18                oamInit
 .text.oamGetGfxPtr
                0x0000000002006d30       0x38 C:/devkitPro/libnds/lib\libnds9.a(sprite.o)
                0x0000000002006d30                oamGetGfxPtr
 .text.oamGfxPtrToOffset
                0x0000000002006d68       0x34 C:/devkitPro/libnds/lib\libnds9.a(sprite.o)
                0x0000000002006d68                oamGfxPtrToOffset
 .text.oamSet   0x0000000002006d9c      0x11c C:/devkitPro/libnds/lib\libnds9.a(sprite.o)
                0x0000000002006d9c                oamSet
 .text.oamUpdate
                0x0000000002006eb8       0x60 C:/devkitPro/libnds/lib\libnds9.a(sprite.o)
                0x0000000002006eb8                oamUpdate
 .text.scanKeys
                0x0000000002006f18       0x8c C:/devkitPro/libnds/lib\libnds9.a(keys.o)
                0x0000000002006f18                scanKeys
 .text.keysHeld
                0x0000000002006fa4        0xc C:/devkitPro/libnds/lib\libnds9.a(keys.o)
                0x0000000002006fa4                keysHeld
 .text.keysDown
                0x0000000002006fb0       0x14 C:/devkitPro/libnds/lib\libnds9.a(keys.o)
                0x0000000002006fb0                keysDown
 .text.initSystem
                0x0000000002006fc4      0x198 C:/devkitPro/libnds/lib\libnds9.a(initSystem.o)
                0x0000000002006fc4                initSystem
 .text.__libnds_gtod
                0x000000000200715c       0x28 C:/devkitPro/libnds/lib\libnds9.a(timeSupport.o)
                0x000000000200715c                __libnds_gtod
 .text.timerStart
                0x0000000002007184       0x40 C:/devkitPro/libnds/lib\libnds9.a(timers.o)
                0x0000000002007184                timerStart
 .text.irqDummy
                0x00000000020071c4        0x4 C:/devkitPro/libnds/lib\libnds9.a(interrupts.o)
                0x00000000020071c4                irqDummy
 .text.irqSet   0x00000000020071c8       0x6c C:/devkitPro/libnds/lib\libnds9.a(interrupts.o)
                0x00000000020071c8                irqSet
 .text.irqInit  0x0000000002007234       0x50 C:/devkitPro/libnds/lib\libnds9.a(interrupts.o)
                0x0000000002007234                irqInit
 .text.irqEnable
                0x0000000002007284       0x64 C:/devkitPro/libnds/lib\libnds9.a(interrupts.o)
                0x0000000002007284                irqEnable
 .text.systemErrorExit
                0x00000000020072e8        0x4 C:/devkitPro/libnds/lib\libnds9.a(libnds_exit.arm.o)
                0x00000000020072e8                systemErrorExit
 .text.__libnds_exit
                0x00000000020072ec       0x5c C:/devkitPro/libnds/lib\libnds9.a(libnds_exit.arm.o)
                0x00000000020072ec                __libnds_exit
 .text.fifo_queueBlock
                0x0000000002007348       0x44 C:/devkitPro/libnds/lib\libnds9.a(fifosystem.o)
 .text.fifo_waitBlock
                0x000000000200738c       0x80 C:/devkitPro/libnds/lib\libnds9.a(fifosystem.o)
 .text.fifoInternalSend.part.0
                0x000000000200740c       0xd4 C:/devkitPro/libnds/lib\libnds9.a(fifosystem.o)
 .text.fifoInternalSendInterrupt
                0x00000000020074e0       0xa8 C:/devkitPro/libnds/lib\libnds9.a(fifosystem.o)
 .text.fifoSetValue32Handler
                0x0000000002007588       0xd8 C:/devkitPro/libnds/lib\libnds9.a(fifosystem.o)
                0x0000000002007588                fifoSetValue32Handler
 .text.fifoSendValue32
                0x0000000002007660       0x4c C:/devkitPro/libnds/lib\libnds9.a(fifosystem.o)
                0x0000000002007660                fifoSendValue32
 .text.fifoGetDatamsg
                0x00000000020076ac       0xf4 C:/devkitPro/libnds/lib\libnds9.a(fifosystem.o)
                0x00000000020076ac                fifoGetDatamsg
 .text.fifoInternalRecvInterrupt
                0x00000000020077a0      0x380 C:/devkitPro/libnds/lib\libnds9.a(fifosystem.o)
 .text.fifoSetDatamsgHandler
                0x0000000002007b20       0x9c C:/devkitPro/libnds/lib\libnds9.a(fifosystem.o)
                0x0000000002007b20                fifoSetDatamsgHandler
 .text.fifoInit
                0x0000000002007bbc       0xf8 C:/devkitPro/libnds/lib\libnds9.a(fifosystem.o)
                0x0000000002007bbc                fifoInit
 .text.DC_FlushRange
                0x0000000002007cb4       0x24 C:/devkitPro/libnds/lib\libnds9.a(dcache.o)
                0x0000000002007cb4                DC_FlushRange
 .text.__libnds_mpu_setup
                0x0000000002007cd8      0x174 C:/devkitPro/libnds/lib\libnds9.a(mpu_setup.o)
                0x0000000002007cd8                __libnds_mpu_setup
 .text.memUncached
                0x0000000002007e4c       0x20 C:/devkitPro/libnds/lib\libnds9.a(mpu_setup.o)
                0x0000000002007e4c                memUncached
 .text.swiWaitForVBlank
                0x0000000002007e6c        0x8 C:/devkitPro/libnds/lib\libnds9.a(IntrWait.o)
                0x0000000002007e6c                swiWaitForVBlank
 .text.swiIntrWait
                0x0000000002007e74       0x70 C:/devkitPro/libnds/lib\libnds9.a(IntrWait.o)
                0x0000000002007e74                swiIntrWait
 .text.setCpuClock
                0x0000000002007ee4       0x50 C:/devkitPro/libnds/lib\libnds9.a(cpu_clock.o)
                0x0000000002007ee4                setCpuClock
 .text.swiSoftReset
                0x0000000002007f34       0x2c C:/devkitPro/libnds/lib\libnds9.a(swiSoftReset.o)
                0x0000000002007f34                swiSoftReset
 .text.vramDefault
                0x0000000002007f60       0xd0 C:/devkitPro/libnds/lib\libnds9.a(video.o)
                0x0000000002007f60                vramDefault
 .text.systemValueHandler
                0x0000000002008030       0x48 C:/devkitPro/libnds/lib\libnds9.a(system.o)
                0x0000000002008030                systemValueHandler
 .text.systemMsgHandler
                0x0000000002008078       0x60 C:/devkitPro/libnds/lib\libnds9.a(system.o)
                0x0000000002008078                systemMsgHandler
 .text.powerOn  0x00000000020080d8       0x2c C:/devkitPro/libnds/lib\libnds9.a(system.o)
                0x00000000020080d8                powerOn
 .text.swiDelay
                0x0000000002008104        0x4 C:/devkitPro/libnds/lib\libnds9.a(biosCalls.o)
                0x0000000002008104                swiDelay
 .text.__aeabi_atexit
                0x0000000002008108       0x1c c:/devkitpro/devkitarm/bin/../lib/gcc/arm-none-eabi/10.1.0/../../../../arm-none-eabi/lib\libstdc++.a(atexit_arm.o)
                0x0000000002008108                __aeabi_atexit
 .text._ZdlPvj  0x0000000002008124       0x10 c:/devkitpro/devkitarm/bin/../lib/gcc/arm-none-eabi/10.1.0/../../../../arm-none-eabi/lib\libstdc++.a(del_ops.o)
                0x0000000002008124                operator delete(void*, unsigned int)
 .text._Znwj    0x0000000002008134       0x68 c:/devkitpro/devkitarm/bin/../lib/gcc/arm-none-eabi/10.1.0/../../../../arm-none-eabi/lib\libstdc++.a(new_op.o)
                0x0000000002008134                operator new(unsigned int)
 .text.unlikely._ZSt17__throw_bad_allocv
                0x000000000200819c       0x2c c:/devkitpro/devkitarm/bin/../lib/gcc/arm-none-eabi/10.1.0/../../../../arm-none-eabi/lib\libstdc++.a(functexcept.o)
                0x000000000200819c                std::__throw_bad_alloc()
 .text.unlikely._ZSt19__throw_logic_errorPKc
                0x00000000020081c8       0x40 c:/devkitpro/devkitarm/bin/../lib/gcc/arm-none-eabi/10.1.0/../../../../arm-none-eabi/lib\libstdc++.a(functexcept.o)
                0x00000000020081c8                std::__throw_logic_error(char const*)
 .text.unlikely._ZSt20__throw_length_errorPKc
                0x0000000002008208       0x40 c:/devkitpro/devkitarm/bin/../lib/gcc/arm-none-eabi/10.1.0/../../../../arm-none-eabi/lib\libstdc++.a(functexcept.o)
                0x0000000002008208                std::__throw_length_error(char const*)
 .text.unlikely._ZSt21__throw_runtime_errorPKc
                0x0000000002008248       0x40 c:/devkitpro/devkitarm/bin/../lib/gcc/arm-none-eabi/10.1.0/../../../../arm-none-eabi/lib\libstdc++.a(functexcept.o)
                0x0000000002008248                std::__throw_runtime_error(char const*)
 .text._ZNSt23mersenne_twister_engineIjLj32ELj624ELj397ELj31ELj2567483615ELj11ELj4294967295ELj7ELj2636928640ELj15ELj4022730752ELj18ELj1812433253EE4seedEj
                0x0000000002008288       0x34 c:/devkitpro/devkitarm/bin/../lib/gcc/arm-none-eabi/10.1.0/../../../../arm-none-eabi/lib\libstdc++.a(random.o)
                0x0000000002008288                std::mersenne_twister_engine<unsigned int, 32u, 624u, 397u, 31u, 2567483615u, 11u, 4294967295u, 7u, 2636928640u, 15u, 4022730752u, 18u, 1812433253u>::seed(unsigned int)
 .text._ZNSt13random_device14_M_init_pretr1ERKNSt7__cxx1112basic_stringIcSt11char_traitsIcESaIcEEE
                0x00000000020082bc       0x9c c:/devkitpro/devkitarm/bin/../lib/gcc/arm-none-eabi/10.1.0/../../../../arm-none-eabi/lib\libstdc++.a(random.o)
                0x00000000020082bc                std::random_device::_M_init_pretr1(std::__cxx11::basic_string<char, std::char_traits<char>, std::allocator<char> > const&)
 .text._ZNSt13random_device7_M_initERKNSt7__cxx1112basic_stringIcSt11char_traitsIcESaIcEEE
                0x0000000002008358        0x4 c:/devkitpro/devkitarm/bin/../lib/gcc/arm-none-eabi/10.1.0/../../../../arm-none-eabi/lib\libstdc++.a(random.o)
                0x0000000002008358                std::random_device::_M_init(std::__cxx11::basic_string<char, std::char_traits<char>, std::allocator<char> > const&)
 .text._ZNSt23mersenne_twister_engineIjLj32ELj624ELj397ELj31ELj2567483615ELj11ELj4294967295ELj7ELj2636928640ELj15ELj4022730752ELj18ELj1812433253EEclEv
                0x000000000200835c       0x5c c:/devkitpro/devkitarm/bin/../lib/gcc/arm-none-eabi/10.1.0/../../../../arm-none-eabi/lib\libstdc++.a(random.o)
                0x000000000200835c                std::mersenne_twister_engine<unsigned int, 32u, 624u, 397u, 31u, 2567483615u, 11u, 4294967295u, 7u, 2636928640u, 15u, 4022730752u, 18u, 1812433253u>::operator()()
 .text._ZNSt13random_device9_M_getvalEv
                0x00000000020083b8       0x10 c:/devkitpro/devkitarm/bin/../lib/gcc/arm-none-eabi/10.1.0/../../../../arm-none-eabi/lib\libstdc++.a(random.o)
                0x00000000020083b8                std::random_device::_M_getval()
 .text._ZNKSt7__cxx1112basic_stringIcSt11char_traitsIcESaIcEE7compareEPKc
                0x00000000020083c8       0x50 c:/devkitpro/devkitarm/bin/../lib/gcc/arm-none-eabi/10.1.0/../../../../arm-none-eabi/lib\libstdc++.a(string-inst.o)
                0x00000000020083c8                std::__cxx11::basic_string<char, std::char_traits<char>, std::allocator<char> >::compare(char const*) const
 .text._ZNKSt9bad_alloc4whatEv
                0x0000000002008418        0xc c:/devkitpro/devkitarm/bin/../lib/gcc/arm-none-eabi/10.1.0/../../../../arm-none-eabi/lib\libstdc++.a(bad_alloc.o)
                0x0000000002008418                std::bad_alloc::what() const
 .text._ZNSt9bad_allocD2Ev
                0x0000000002008424       0x24 c:/devkitpro/devkitarm/bin/../lib/gcc/arm-none-eabi/10.1.0/../../../../arm-none-eabi/lib\libstdc++.a(bad_alloc.o)
                0x0000000002008424                std::bad_alloc::~bad_alloc()
                0x0000000002008424                std::bad_alloc::~bad_alloc()
 .text._ZNSt9bad_allocD0Ev
                0x0000000002008448       0x30 c:/devkitpro/devkitarm/bin/../lib/gcc/arm-none-eabi/10.1.0/../../../../arm-none-eabi/lib\libstdc++.a(bad_alloc.o)
                0x0000000002008448                std::bad_alloc::~bad_alloc()
 .text._ZdlPv   0x0000000002008478       0x10 c:/devkitpro/devkitarm/bin/../lib/gcc/arm-none-eabi/10.1.0/../../../../arm-none-eabi/lib\libstdc++.a(del_op.o)
                0x0000000002008478                operator delete(void*)
 .text._ZN12_GLOBAL__N_14pool4freeEPv.constprop.0
                0x0000000002008488       0xdc c:/devkitpro/devkitarm/bin/../lib/gcc/arm-none-eabi/10.1.0/../../../../arm-none-eabi/lib\libstdc++.a(eh_alloc.o)
 .text._ZN12_GLOBAL__N_14pool8allocateEj.constprop.0
                0x0000000002008564       0xac c:/devkitpro/devkitarm/bin/../lib/gcc/arm-none-eabi/10.1.0/../../../../arm-none-eabi/lib\libstdc++.a(eh_alloc.o)
 .text.__cxa_allocate_exception
                0x0000000002008610       0x48 c:/devkitpro/devkitarm/bin/../lib/gcc/arm-none-eabi/10.1.0/../../../../arm-none-eabi/lib\libstdc++.a(eh_alloc.o)
                0x0000000002008610                __cxa_allocate_exception
 .text.__cxa_free_exception
                0x0000000002008658       0x38 c:/devkitpro/devkitarm/bin/../lib/gcc/arm-none-eabi/10.1.0/../../../../arm-none-eabi/lib\libstdc++.a(eh_alloc.o)
                0x0000000002008658                __cxa_free_exception
 .text.startup._GLOBAL__sub_I__ZN9__gnu_cxx9__freeresEv
                0x0000000002008690       0x44 c:/devkitpro/devkitarm/bin/../lib/gcc/arm-none-eabi/10.1.0/../../../../arm-none-eabi/lib\libstdc++.a(eh_alloc.o)
 .text.__cxa_end_cleanup
                0x00000000020086d4       0x10 c:/devkitpro/devkitarm/bin/../lib/gcc/arm-none-eabi/10.1.0/../../../../arm-none-eabi/lib\libstdc++.a(eh_arm.o)
                0x00000000020086d4                __cxa_end_cleanup
 .text.__cxa_type_match
                0x00000000020086e4      0x144 c:/devkitpro/devkitarm/bin/../lib/gcc/arm-none-eabi/10.1.0/../../../../arm-none-eabi/lib\libstdc++.a(eh_arm.o)
                0x00000000020086e4                __cxa_type_match
 .text.__cxa_begin_cleanup
                0x0000000002008828       0xbc c:/devkitpro/devkitarm/bin/../lib/gcc/arm-none-eabi/10.1.0/../../../../arm-none-eabi/lib\libstdc++.a(eh_arm.o)
                0x0000000002008828                __cxa_begin_cleanup
 .text.__gnu_end_cleanup
                0x00000000020088e4       0xbc c:/devkitpro/devkitarm/bin/../lib/gcc/arm-none-eabi/10.1.0/../../../../arm-none-eabi/lib\libstdc++.a(eh_arm.o)
                0x00000000020088e4                __gnu_end_cleanup
 .text.__cxa_begin_catch
                0x00000000020089a0       0xd4 c:/devkitpro/devkitarm/bin/../lib/gcc/arm-none-eabi/10.1.0/../../../../arm-none-eabi/lib\libstdc++.a(eh_catch.o)
                0x00000000020089a0                __cxa_begin_catch
 .text.__cxa_end_catch
                0x0000000002008a74       0xe0 c:/devkitpro/devkitarm/bin/../lib/gcc/arm-none-eabi/10.1.0/../../../../arm-none-eabi/lib\libstdc++.a(eh_catch.o)
                0x0000000002008a74                __cxa_end_catch
 .text._ZNSt9exceptionD2Ev
                0x0000000002008b54        0x4 c:/devkitpro/devkitarm/bin/../lib/gcc/arm-none-eabi/10.1.0/../../../../arm-none-eabi/lib\libstdc++.a(eh_exception.o)
                0x0000000002008b54                std::exception::~exception()
                0x0000000002008b54                std::exception::~exception()
 .text._ZNSt13bad_exceptionD2Ev
                0x0000000002008b58        0x4 c:/devkitpro/devkitarm/bin/../lib/gcc/arm-none-eabi/10.1.0/../../../../arm-none-eabi/lib\libstdc++.a(eh_exception.o)
                0x0000000002008b58                std::bad_exception::~bad_exception()
                0x0000000002008b58                std::bad_exception::~bad_exception()
 .text._ZNKSt13bad_exception4whatEv
                0x0000000002008b5c        0xc c:/devkitpro/devkitarm/bin/../lib/gcc/arm-none-eabi/10.1.0/../../../../arm-none-eabi/lib\libstdc++.a(eh_exception.o)
                0x0000000002008b5c                std::bad_exception::what() const
                0x0000000002008b5c                transaction clone for std::bad_exception::what() const
 .text._ZNSt13bad_exceptionD0Ev
                0x0000000002008b68       0x1c c:/devkitpro/devkitarm/bin/../lib/gcc/arm-none-eabi/10.1.0/../../../../arm-none-eabi/lib\libstdc++.a(eh_exception.o)
                0x0000000002008b68                std::bad_exception::~bad_exception()
 .text.__cxa_get_globals_fast
                0x0000000002008b84        0xc c:/devkitpro/devkitarm/bin/../lib/gcc/arm-none-eabi/10.1.0/../../../../arm-none-eabi/lib\libstdc++.a(eh_globals.o)
                0x0000000002008b84                __cxa_get_globals_fast
 .text.__cxa_get_globals
                0x0000000002008b90        0xc c:/devkitpro/devkitarm/bin/../lib/gcc/arm-none-eabi/10.1.0/../../../../arm-none-eabi/lib\libstdc++.a(eh_globals.o)
                0x0000000002008b90                __cxa_get_globals
 .text._ZL28read_encoded_value_with_basehjPKhPj
                0x0000000002008b9c      0x174 c:/devkitpro/devkitarm/bin/../lib/gcc/arm-none-eabi/10.1.0/../../../../arm-none-eabi/lib\libstdc++.a(eh_personality.o)
 .text._ZL21base_of_encoded_valuehP15_Unwind_Context
                0x0000000002008d10       0x80 c:/devkitpro/devkitarm/bin/../lib/gcc/arm-none-eabi/10.1.0/../../../../arm-none-eabi/lib\libstdc++.a(eh_personality.o)
 .text._ZL17parse_lsda_headerP15_Unwind_ContextPKhP16lsda_header_info
                0x0000000002008d90       0xd8 c:/devkitpro/devkitarm/bin/../lib/gcc/arm-none-eabi/10.1.0/../../../../arm-none-eabi/lib\libstdc++.a(eh_personality.o)
 .text.__gxx_personality_v0
                0x0000000002008e68      0x6fc c:/devkitpro/devkitarm/bin/../lib/gcc/arm-none-eabi/10.1.0/../../../../arm-none-eabi/lib\libstdc++.a(eh_personality.o)
                0x0000000002008e68                __gxx_personality_v0
 .text._ZN10__cxxabiv111__terminateEPFvvE
                0x0000000002009564       0x34 c:/devkitpro/devkitarm/bin/../lib/gcc/arm-none-eabi/10.1.0/../../../../arm-none-eabi/lib\libstdc++.a(eh_terminate.o)
                0x0000000002009564                __cxxabiv1::__terminate(void (*)())
 .text._ZSt9terminatev
                0x0000000002009598       0x14 c:/devkitpro/devkitarm/bin/../lib/gcc/arm-none-eabi/10.1.0/../../../../arm-none-eabi/lib\libstdc++.a(eh_terminate.o)
                0x0000000002009598                std::terminate()
 .text._ZN10__cxxabiv112__unexpectedEPFvvE
                0x00000000020095ac       0x10 c:/devkitpro/devkitarm/bin/../lib/gcc/arm-none-eabi/10.1.0/../../../../arm-none-eabi/lib\libstdc++.a(eh_terminate.o)
                0x00000000020095ac                __cxxabiv1::__unexpected(void (*)())
 .text._ZSt10unexpectedv
                0x00000000020095bc       0x14 c:/devkitpro/devkitarm/bin/../lib/gcc/arm-none-eabi/10.1.0/../../../../arm-none-eabi/lib\libstdc++.a(eh_terminate.o)
                0x00000000020095bc                std::unexpected()
 .text._ZSt13get_terminatev
                0x00000000020095d0       0x10 c:/devkitpro/devkitarm/bin/../lib/gcc/arm-none-eabi/10.1.0/../../../../arm-none-eabi/lib\libstdc++.a(eh_terminate.o)
                0x00000000020095d0                std::get_terminate()
 .text._ZSt14get_unexpectedv
                0x00000000020095e0       0x10 c:/devkitpro/devkitarm/bin/../lib/gcc/arm-none-eabi/10.1.0/../../../../arm-none-eabi/lib\libstdc++.a(eh_terminate.o)
                0x00000000020095e0                std::get_unexpected()
 .text._ZL23__gxx_exception_cleanup19_Unwind_Reason_CodeP21_Unwind_Control_Block
                0x00000000020095f0       0x58 c:/devkitpro/devkitarm/bin/../lib/gcc/arm-none-eabi/10.1.0/../../../../arm-none-eabi/lib\libstdc++.a(eh_throw.o)
 .text.__cxa_init_primary_exception
                0x0000000002009648       0x74 c:/devkitpro/devkitarm/bin/../lib/gcc/arm-none-eabi/10.1.0/../../../../arm-none-eabi/lib\libstdc++.a(eh_throw.o)
                0x0000000002009648                __cxa_init_primary_exception
 .text.__cxa_throw
                0x00000000020096bc       0x54 c:/devkitpro/devkitarm/bin/../lib/gcc/arm-none-eabi/10.1.0/../../../../arm-none-eabi/lib\libstdc++.a(eh_throw.o)
                0x00000000020096bc                __cxa_throw
 .text.__cxa_rethrow
                0x0000000002009710       0xb0 c:/devkitpro/devkitarm/bin/../lib/gcc/arm-none-eabi/10.1.0/../../../../arm-none-eabi/lib\libstdc++.a(eh_throw.o)
                0x0000000002009710                __cxa_rethrow
 .text._ZSt15get_new_handlerv
                0x00000000020097c0       0x10 c:/devkitpro/devkitarm/bin/../lib/gcc/arm-none-eabi/10.1.0/../../../../arm-none-eabi/lib\libstdc++.a(new_handler.o)
                0x00000000020097c0                std::get_new_handler()
 .text._ZN10__cxxabiv120__si_class_type_infoD2Ev
                0x00000000020097d0       0x24 c:/devkitpro/devkitarm/bin/../lib/gcc/arm-none-eabi/10.1.0/../../../../arm-none-eabi/lib\libstdc++.a(si_class_type_info.o)
                0x00000000020097d0                __cxxabiv1::__si_class_type_info::~__si_class_type_info()
                0x00000000020097d0                __cxxabiv1::__si_class_type_info::~__si_class_type_info()
 .text._ZN10__cxxabiv120__si_class_type_infoD0Ev
                0x00000000020097f4       0x30 c:/devkitpro/devkitarm/bin/../lib/gcc/arm-none-eabi/10.1.0/../../../../arm-none-eabi/lib\libstdc++.a(si_class_type_info.o)
                0x00000000020097f4                __cxxabiv1::__si_class_type_info::~__si_class_type_info()
 .text._ZNK10__cxxabiv120__si_class_type_info20__do_find_public_srcEiPKvPKNS_17__class_type_infoES2_
                0x0000000002009824       0x70 c:/devkitpro/devkitarm/bin/../lib/gcc/arm-none-eabi/10.1.0/../../../../arm-none-eabi/lib\libstdc++.a(si_class_type_info.o)
                0x0000000002009824                __cxxabiv1::__si_class_type_info::__do_find_public_src(int, void const*, __cxxabiv1::__class_type_info const*, void const*) const
 .text._ZNK10__cxxabiv120__si_class_type_info12__do_dyncastEiNS_17__class_type_info10__sub_kindEPKS1_PKvS4_S6_RNS1_16__dyncast_resultE
                0x0000000002009894       0xe4 c:/devkitpro/devkitarm/bin/../lib/gcc/arm-none-eabi/10.1.0/../../../../arm-none-eabi/lib\libstdc++.a(si_class_type_info.o)
                0x0000000002009894                __cxxabiv1::__si_class_type_info::__do_dyncast(int, __cxxabiv1::__class_type_info::__sub_kind, __cxxabiv1::__class_type_info const*, void const*, __cxxabiv1::__class_type_info const*, void const*, __cxxabiv1::__class_type_info::__dyncast_result&) const
 .text._ZNK10__cxxabiv120__si_class_type_info11__do_upcastEPKNS_17__class_type_infoEPKvRNS1_15__upcast_resultE
                0x0000000002009978       0x4c c:/devkitpro/devkitarm/bin/../lib/gcc/arm-none-eabi/10.1.0/../../../../arm-none-eabi/lib\libstdc++.a(si_class_type_info.o)
                0x0000000002009978                __cxxabiv1::__si_class_type_info::__do_upcast(__cxxabiv1::__class_type_info const*, void const*, __cxxabiv1::__class_type_info::__upcast_result&) const
 .text._ZNSt9type_infoD2Ev
                0x00000000020099c4        0x4 c:/devkitpro/devkitarm/bin/../lib/gcc/arm-none-eabi/10.1.0/../../../../arm-none-eabi/lib\libstdc++.a(tinfo.o)
                0x00000000020099c4                std::type_info::~type_info()
                0x00000000020099c4                std::type_info::~type_info()
 .text._ZNKSt9type_info14__is_pointer_pEv
                0x00000000020099c8        0x8 c:/devkitpro/devkitarm/bin/../lib/gcc/arm-none-eabi/10.1.0/../../../../arm-none-eabi/lib\libstdc++.a(tinfo.o)
                0x00000000020099c8                std::type_info::__is_pointer_p() const
                0x00000000020099c8                std::type_info::__is_function_p() const
 .text._ZNKSt9type_infoeqERKS_
                0x00000000020099d0       0x50 c:/devkitpro/devkitarm/bin/../lib/gcc/arm-none-eabi/10.1.0/../../../../arm-none-eabi/lib\libstdc++.a(tinfo.o)
                0x00000000020099d0                std::type_info::operator==(std::type_info const&) const
 .text._ZNKSt11logic_error4whatEv
                0x0000000002009a20        0x8 c:/devkitpro/devkitarm/bin/../lib/gcc/arm-none-eabi/10.1.0/../../../../arm-none-eabi/lib\libstdc++.a(stdexcept.o)
                0x0000000002009a20                std::logic_error::what() const
                0x0000000002009a20                std::runtime_error::what() const
 .text._ZNSt13runtime_errorD2Ev
                0x0000000002009a28       0x68 c:/devkitpro/devkitarm/bin/../lib/gcc/arm-none-eabi/10.1.0/../../../../arm-none-eabi/lib\libstdc++.a(stdexcept.o)
                0x0000000002009a28                std::runtime_error::~runtime_error()
                0x0000000002009a28                std::runtime_error::~runtime_error()
 .text._ZNSt11logic_errorD2Ev
                0x0000000002009a90       0x68 c:/devkitpro/devkitarm/bin/../lib/gcc/arm-none-eabi/10.1.0/../../../../arm-none-eabi/lib\libstdc++.a(stdexcept.o)
                0x0000000002009a90                std::logic_error::~logic_error()
                0x0000000002009a90                std::logic_error::~logic_error()
 .text._ZNSt13runtime_errorD0Ev
                0x0000000002009af8       0x70 c:/devkitpro/devkitarm/bin/../lib/gcc/arm-none-eabi/10.1.0/../../../../arm-none-eabi/lib\libstdc++.a(stdexcept.o)
                0x0000000002009af8                std::runtime_error::~runtime_error()
 .text._ZNSt12length_errorD2Ev
                0x0000000002009b68       0x68 c:/devkitpro/devkitarm/bin/../lib/gcc/arm-none-eabi/10.1.0/../../../../arm-none-eabi/lib\libstdc++.a(stdexcept.o)
                0x0000000002009b68                std::length_error::~length_error()
                0x0000000002009b68                std::length_error::~length_error()
 .text._ZNSt11logic_errorD0Ev
                0x0000000002009bd0       0x70 c:/devkitpro/devkitarm/bin/../lib/gcc/arm-none-eabi/10.1.0/../../../../arm-none-eabi/lib\libstdc++.a(stdexcept.o)
                0x0000000002009bd0                std::logic_error::~logic_error()
 .text._ZNSt12length_errorD0Ev
                0x0000000002009c40       0x70 c:/devkitpro/devkitarm/bin/../lib/gcc/arm-none-eabi/10.1.0/../../../../arm-none-eabi/lib\libstdc++.a(stdexcept.o)
                0x0000000002009c40                std::length_error::~length_error()
 .text._ZNSt11logic_errorC2EPKc
                0x0000000002009cb0       0x3c c:/devkitpro/devkitarm/bin/../lib/gcc/arm-none-eabi/10.1.0/../../../../arm-none-eabi/lib\libstdc++.a(cow-stdexcept.o)
                0x0000000002009cb0                std::logic_error::logic_error(char const*)
                0x0000000002009cb0                std::logic_error::logic_error(char const*)
 .text._ZNSt12length_errorC2EPKc
                0x0000000002009cec       0x48 c:/devkitpro/devkitarm/bin/../lib/gcc/arm-none-eabi/10.1.0/../../../../arm-none-eabi/lib\libstdc++.a(cow-stdexcept.o)
                0x0000000002009cec                std::length_error::length_error(char const*)
                0x0000000002009cec                std::length_error::length_error(char const*)
 .text._ZNSt13runtime_errorC2EPKc
                0x0000000002009d34       0x3c c:/devkitpro/devkitarm/bin/../lib/gcc/arm-none-eabi/10.1.0/../../../../arm-none-eabi/lib\libstdc++.a(cow-stdexcept.o)
                0x0000000002009d34                std::runtime_error::runtime_error(char const*)
                0x0000000002009d34                std::runtime_error::runtime_error(char const*)
 .text._ZNSs4_Rep9_S_createEjjRKSaIcE
                0x0000000002009d70       0x8c c:/devkitpro/devkitarm/bin/../lib/gcc/arm-none-eabi/10.1.0/../../../../arm-none-eabi/lib\libstdc++.a(cow-string-inst.o)
                0x0000000002009d70                std::string::_Rep::_S_create(unsigned int, unsigned int, std::allocator<char> const&)
 .text._ZNSs4_Rep10_M_destroyERKSaIcE
                0x0000000002009dfc       0x10 c:/devkitpro/devkitarm/bin/../lib/gcc/arm-none-eabi/10.1.0/../../../../arm-none-eabi/lib\libstdc++.a(cow-string-inst.o)
                0x0000000002009dfc                std::string::_Rep::_M_destroy(std::allocator<char> const&)
 .text._ZNSs12_S_constructIPKcEEPcT_S3_RKSaIcESt20forward_iterator_tag
                0x0000000002009e0c       0xa8 c:/devkitpro/devkitarm/bin/../lib/gcc/arm-none-eabi/10.1.0/../../../../arm-none-eabi/lib\libstdc++.a(cow-string-inst.o)
                0x0000000002009e0c                char* std::string::_S_construct<char const*>(char const*, char const*, std::allocator<char> const&, std::forward_iterator_tag)
 .text._ZNSsC2EPKcRKSaIcE
                0x0000000002009eb4       0x48 c:/devkitpro/devkitarm/bin/../lib/gcc/arm-none-eabi/10.1.0/../../../../arm-none-eabi/lib\libstdc++.a(cow-string-inst.o)
                0x0000000002009eb4                std::basic_string<char, std::char_traits<char>, std::allocator<char> >::basic_string(char const*, std::allocator<char> const&)
                0x0000000002009eb4                std::basic_string<char, std::char_traits<char>, std::allocator<char> >::basic_string(char const*, std::allocator<char> const&)
 .text._ZNK10__cxxabiv117__class_type_info11__do_upcastEPKS0_PPv
                0x0000000002009efc       0x64 c:/devkitpro/devkitarm/bin/../lib/gcc/arm-none-eabi/10.1.0/../../../../arm-none-eabi/lib\libstdc++.a(class_type_info.o)
                0x0000000002009efc                __cxxabiv1::__class_type_info::__do_upcast(__cxxabiv1::__class_type_info const*, void**) const
 .text._ZNK10__cxxabiv117__class_type_info20__do_find_public_srcEiPKvPKS0_S2_
                0x0000000002009f60       0x14 c:/devkitpro/devkitarm/bin/../lib/gcc/arm-none-eabi/10.1.0/../../../../arm-none-eabi/lib\libstdc++.a(class_type_info.o)
                0x0000000002009f60                __cxxabiv1::__class_type_info::__do_find_public_src(int, void const*, __cxxabiv1::__class_type_info const*, void const*) const
 .text._ZN10__cxxabiv117__class_type_infoD2Ev
                0x0000000002009f74       0x24 c:/devkitpro/devkitarm/bin/../lib/gcc/arm-none-eabi/10.1.0/../../../../arm-none-eabi/lib\libstdc++.a(class_type_info.o)
                0x0000000002009f74                __cxxabiv1::__class_type_info::~__class_type_info()
                0x0000000002009f74                __cxxabiv1::__class_type_info::~__class_type_info()
 .text._ZN10__cxxabiv117__class_type_infoD0Ev
                0x0000000002009f98       0x30 c:/devkitpro/devkitarm/bin/../lib/gcc/arm-none-eabi/10.1.0/../../../../arm-none-eabi/lib\libstdc++.a(class_type_info.o)
                0x0000000002009f98                __cxxabiv1::__class_type_info::~__class_type_info()
 .text._ZNK10__cxxabiv117__class_type_info12__do_dyncastEiNS0_10__sub_kindEPKS0_PKvS3_S5_RNS0_16__dyncast_resultE
                0x0000000002009fc8       0x70 c:/devkitpro/devkitarm/bin/../lib/gcc/arm-none-eabi/10.1.0/../../../../arm-none-eabi/lib\libstdc++.a(class_type_info.o)
                0x0000000002009fc8                __cxxabiv1::__class_type_info::__do_dyncast(int, __cxxabiv1::__class_type_info::__sub_kind, __cxxabiv1::__class_type_info const*, void const*, __cxxabiv1::__class_type_info const*, void const*, __cxxabiv1::__class_type_info::__dyncast_result&) const
 .text._ZNK10__cxxabiv117__class_type_info11__do_upcastEPKS0_PKvRNS0_15__upcast_resultE
                0x000000000200a038       0x30 c:/devkitpro/devkitarm/bin/../lib/gcc/arm-none-eabi/10.1.0/../../../../arm-none-eabi/lib\libstdc++.a(class_type_info.o)
                0x000000000200a038                __cxxabiv1::__class_type_info::__do_upcast(__cxxabiv1::__class_type_info const*, void const*, __cxxabiv1::__class_type_info::__upcast_result&) const
 .text._ZNK10__cxxabiv117__class_type_info10__do_catchEPKSt9type_infoPPvj
                0x000000000200a068       0x4c c:/devkitpro/devkitarm/bin/../lib/gcc/arm-none-eabi/10.1.0/../../../../arm-none-eabi/lib\libstdc++.a(class_type_info.o)
                0x000000000200a068                __cxxabiv1::__class_type_info::__do_catch(std::type_info const*, void**, unsigned int) const
 .text._ZN10__cxxabiv1L24__is_gxx_exception_classEPc
                0x000000000200a0b4       0x70 c:/devkitpro/devkitarm/bin/../lib/gcc/arm-none-eabi/10.1.0/../../../../arm-none-eabi/lib\libstdc++.a(eh_call.o)
 .text.__cxa_call_terminate
                0x000000000200a124       0x2c c:/devkitpro/devkitarm/bin/../lib/gcc/arm-none-eabi/10.1.0/../../../../arm-none-eabi/lib\libstdc++.a(eh_call.o)
                0x000000000200a124                __cxa_call_terminate
 .text.unlikely.__cxa_call_unexpected
                0x000000000200a150      0x14c c:/devkitpro/devkitarm/bin/../lib/gcc/arm-none-eabi/10.1.0/../../../../arm-none-eabi/lib\libstdc++.a(eh_call.o)
                0x000000000200a150                __cxa_call_unexpected
 .text.selfrel_offset31
                0x000000000200a29c       0x18 c:/devkitpro/devkitarm/bin/../lib/gcc/arm-none-eabi/10.1.0\libgcc.a(unwind-arm.o)
 .text.search_EIT_table
                0x000000000200a2b4       0x98 c:/devkitpro/devkitarm/bin/../lib/gcc/arm-none-eabi/10.1.0\libgcc.a(unwind-arm.o)
 .text.__gnu_unwind_get_pr_addr
                0x000000000200a34c       0x40 c:/devkitpro/devkitarm/bin/../lib/gcc/arm-none-eabi/10.1.0\libgcc.a(unwind-arm.o)
 .text.get_eit_entry
                0x000000000200a38c      0x124 c:/devkitpro/devkitarm/bin/../lib/gcc/arm-none-eabi/10.1.0\libgcc.a(unwind-arm.o)
 .text.restore_non_core_regs
                0x000000000200a4b0       0x90 c:/devkitpro/devkitarm/bin/../lib/gcc/arm-none-eabi/10.1.0\libgcc.a(unwind-arm.o)
 .text._Unwind_decode_typeinfo_ptr.constprop.0
                0x000000000200a540       0x14 c:/devkitpro/devkitarm/bin/../lib/gcc/arm-none-eabi/10.1.0\libgcc.a(unwind-arm.o)
 .text._Unwind_DebugHook
                0x000000000200a554        0x4 c:/devkitpro/devkitarm/bin/../lib/gcc/arm-none-eabi/10.1.0\libgcc.a(unwind-arm.o)
 .text.unwind_phase2
                0x000000000200a558       0x68 c:/devkitpro/devkitarm/bin/../lib/gcc/arm-none-eabi/10.1.0\libgcc.a(unwind-arm.o)
 .text.unwind_phase2_forced
                0x000000000200a5c0      0x144 c:/devkitpro/devkitarm/bin/../lib/gcc/arm-none-eabi/10.1.0\libgcc.a(unwind-arm.o)
 .text.__gnu_Unwind_RaiseException
                0x000000000200a704       0xac c:/devkitpro/devkitarm/bin/../lib/gcc/arm-none-eabi/10.1.0\libgcc.a(unwind-arm.o)
                0x000000000200a704                __gnu_Unwind_RaiseException
 .text.__gnu_Unwind_ForcedUnwind
                0x000000000200a7b0       0x28 c:/devkitpro/devkitarm/bin/../lib/gcc/arm-none-eabi/10.1.0\libgcc.a(unwind-arm.o)
                0x000000000200a7b0                __gnu_Unwind_ForcedUnwind
 .text.__gnu_Unwind_Resume
                0x000000000200a7d8       0x78 c:/devkitpro/devkitarm/bin/../lib/gcc/arm-none-eabi/10.1.0\libgcc.a(unwind-arm.o)
                0x000000000200a7d8                __gnu_Unwind_Resume
 .text.__gnu_Unwind_Resume_or_Rethrow
                0x000000000200a850       0x1c c:/devkitpro/devkitarm/bin/../lib/gcc/arm-none-eabi/10.1.0\libgcc.a(unwind-arm.o)
                0x000000000200a850                __gnu_Unwind_Resume_or_Rethrow
 .text._Unwind_Complete
                0x000000000200a86c        0x4 c:/devkitpro/devkitarm/bin/../lib/gcc/arm-none-eabi/10.1.0\libgcc.a(unwind-arm.o)
                0x000000000200a86c                _Unwind_Complete
 .text._Unwind_DeleteException
                0x000000000200a870       0x18 c:/devkitpro/devkitarm/bin/../lib/gcc/arm-none-eabi/10.1.0\libgcc.a(unwind-arm.o)
                0x000000000200a870                _Unwind_DeleteException
 .text._Unwind_VRS_Get
                0x000000000200a888       0x5c c:/devkitpro/devkitarm/bin/../lib/gcc/arm-none-eabi/10.1.0\libgcc.a(unwind-arm.o)
                0x000000000200a888                _Unwind_VRS_Get
 .text._Unwind_GetGR
                0x000000000200a8e4       0x30 c:/devkitpro/devkitarm/bin/../lib/gcc/arm-none-eabi/10.1.0\libgcc.a(unwind-arm.o)
 .text._Unwind_VRS_Set
                0x000000000200a914       0x5c c:/devkitpro/devkitarm/bin/../lib/gcc/arm-none-eabi/10.1.0\libgcc.a(unwind-arm.o)
                0x000000000200a914                _Unwind_VRS_Set
 .text._Unwind_SetGR
                0x000000000200a970       0x30 c:/devkitpro/devkitarm/bin/../lib/gcc/arm-none-eabi/10.1.0\libgcc.a(unwind-arm.o)
 .text.__gnu_Unwind_Backtrace
                0x000000000200a9a0       0xcc c:/devkitpro/devkitarm/bin/../lib/gcc/arm-none-eabi/10.1.0\libgcc.a(unwind-arm.o)
                0x000000000200a9a0                __gnu_Unwind_Backtrace
 .text.__gnu_unwind_pr_common
                0x000000000200aa6c      0x42c c:/devkitpro/devkitarm/bin/../lib/gcc/arm-none-eabi/10.1.0\libgcc.a(unwind-arm.o)
 .text.__aeabi_unwind_cpp_pr0
                0x000000000200ae98        0x8 c:/devkitpro/devkitarm/bin/../lib/gcc/arm-none-eabi/10.1.0\libgcc.a(unwind-arm.o)
                0x000000000200ae98                __aeabi_unwind_cpp_pr0
 .text.__aeabi_unwind_cpp_pr1
                0x000000000200aea0        0x8 c:/devkitpro/devkitarm/bin/../lib/gcc/arm-none-eabi/10.1.0\libgcc.a(unwind-arm.o)
                0x000000000200aea0                __aeabi_unwind_cpp_pr1
 .text.__aeabi_unwind_cpp_pr2
                0x000000000200aea8        0x8 c:/devkitpro/devkitarm/bin/../lib/gcc/arm-none-eabi/10.1.0\libgcc.a(unwind-arm.o)
                0x000000000200aea8                __aeabi_unwind_cpp_pr2
 .text._Unwind_VRS_Pop
                0x000000000200aeb0      0x3f4 c:/devkitpro/devkitarm/bin/../lib/gcc/arm-none-eabi/10.1.0\libgcc.a(unwind-arm.o)
                0x000000000200aeb0                _Unwind_VRS_Pop
 .text.next_unwind_byte
                0x000000000200b2a4       0x60 c:/devkitpro/devkitarm/bin/../lib/gcc/arm-none-eabi/10.1.0\libgcc.a(pr-support.o)
 .text._Unwind_GetGR.constprop.0
                0x000000000200b304       0x30 c:/devkitpro/devkitarm/bin/../lib/gcc/arm-none-eabi/10.1.0\libgcc.a(pr-support.o)
 .text.unwind_UCB_from_context
                0x000000000200b334        0x4 c:/devkitpro/devkitarm/bin/../lib/gcc/arm-none-eabi/10.1.0\libgcc.a(pr-support.o)
 .text.__gnu_unwind_execute
                0x000000000200b338      0x41c c:/devkitpro/devkitarm/bin/../lib/gcc/arm-none-eabi/10.1.0\libgcc.a(pr-support.o)
                0x000000000200b338                __gnu_unwind_execute
 .text.__gnu_unwind_frame
                0x000000000200b754       0x4c c:/devkitpro/devkitarm/bin/../lib/gcc/arm-none-eabi/10.1.0\libgcc.a(pr-support.o)
                0x000000000200b754                __gnu_unwind_frame
 .text._Unwind_GetRegionStart
                0x000000000200b7a0       0x14 c:/devkitpro/devkitarm/bin/../lib/gcc/arm-none-eabi/10.1.0\libgcc.a(pr-support.o)
                0x000000000200b7a0                _Unwind_GetRegionStart
 .text._Unwind_GetLanguageSpecificData
                0x000000000200b7b4       0x20 c:/devkitpro/devkitarm/bin/../lib/gcc/arm-none-eabi/10.1.0\libgcc.a(pr-support.o)
                0x000000000200b7b4                _Unwind_GetLanguageSpecificData
 .text.unlikely._Unwind_GetDataRelBase
                0x000000000200b7d4        0x8 c:/devkitpro/devkitarm/bin/../lib/gcc/arm-none-eabi/10.1.0\libgcc.a(pr-support.o)
                0x000000000200b7d4                _Unwind_GetDataRelBase
 .text.unlikely._Unwind_GetTextRelBase
                0x000000000200b7dc        0x8 c:/devkitpro/devkitarm/bin/../lib/gcc/arm-none-eabi/10.1.0\libgcc.a(pr-support.o)
                0x000000000200b7dc                _Unwind_GetTextRelBase
 .text.abort    0x000000000200b7e4       0x14 c:/devkitpro/devkitarm/bin/../lib/gcc/arm-none-eabi/10.1.0/../../../../arm-none-eabi/lib\libg.a(lib_a-abort.o)
                0x000000000200b7e4                abort
 .text.__cxa_atexit
                0x000000000200b7f8       0x28 c:/devkitpro/devkitarm/bin/../lib/gcc/arm-none-eabi/10.1.0/../../../../arm-none-eabi/lib\libg.a(lib_a-cxa_atexit.o)
                0x000000000200b7f8                __cxa_atexit
 .text.__libc_init_array
                0x000000000200b820       0x88 c:/devkitpro/devkitarm/bin/../lib/gcc/arm-none-eabi/10.1.0/../../../../arm-none-eabi/lib\libg.a(lib_a-init.o)
                0x000000000200b820                __libc_init_array
 .text.iprintf  0x000000000200b8a8       0x34 c:/devkitpro/devkitarm/bin/../lib/gcc/arm-none-eabi/10.1.0/../../../../arm-none-eabi/lib\libg.a(lib_a-iprintf.o)
                0x000000000200b8a8                iprintf
 .text.malloc   0x000000000200b8dc       0x1c c:/devkitpro/devkitarm/bin/../lib/gcc/arm-none-eabi/10.1.0/../../../../arm-none-eabi/lib\libg.a(lib_a-malloc.o)
                0x000000000200b8dc                malloc
 .text.free     0x000000000200b8f8       0x1c c:/devkitpro/devkitarm/bin/../lib/gcc/arm-none-eabi/10.1.0/../../../../arm-none-eabi/lib\libg.a(lib_a-malloc.o)
                0x000000000200b8f8                free
 .text._malloc_r
                0x000000000200b914      0x800 c:/devkitpro/devkitarm/bin/../lib/gcc/arm-none-eabi/10.1.0/../../../../arm-none-eabi/lib\libg.a(lib_a-mallocr.o)
                0x000000000200b914                _malloc_r
 .text.memchr   0x000000000200c114       0xf0 c:/devkitpro/devkitarm/bin/../lib/gcc/arm-none-eabi/10.1.0/../../../../arm-none-eabi/lib\libg.a(lib_a-memchr-stub.o)
                0x000000000200c114                memchr
 .text.memcmp   0x000000000200c204       0xac c:/devkitpro/devkitarm/bin/../lib/gcc/arm-none-eabi/10.1.0/../../../../arm-none-eabi/lib\libg.a(lib_a-memcmp.o)
                0x000000000200c204                memcmp
 .text.memcpy   0x000000000200c2b0      0x120 c:/devkitpro/devkitarm/bin/../lib/gcc/arm-none-eabi/10.1.0/../../../../arm-none-eabi/lib\libg.a(lib_a-memcpy-stub.o)
                0x000000000200c2b0                memcpy
 .text.memmove  0x000000000200c3d0      0x158 c:/devkitpro/devkitarm/bin/../lib/gcc/arm-none-eabi/10.1.0/../../../../arm-none-eabi/lib\libg.a(lib_a-memmove.o)
                0x000000000200c3d0                memmove
 .text.memset   0x000000000200c528      0x11c c:/devkitpro/devkitarm/bin/../lib/gcc/arm-none-eabi/10.1.0/../../../../arm-none-eabi/lib\libg.a(lib_a-memset.o)
                0x000000000200c528                memset
 .text.__malloc_lock
                0x000000000200c644       0x18 c:/devkitpro/devkitarm/bin/../lib/gcc/arm-none-eabi/10.1.0/../../../../arm-none-eabi/lib\libg.a(lib_a-mlock.o)
                0x000000000200c644                __malloc_lock
 .text.__malloc_unlock
                0x000000000200c65c       0x18 c:/devkitpro/devkitarm/bin/../lib/gcc/arm-none-eabi/10.1.0/../../../../arm-none-eabi/lib\libg.a(lib_a-mlock.o)
                0x000000000200c65c                __malloc_unlock
 .text.realloc  0x000000000200c674       0x24 c:/devkitpro/devkitarm/bin/../lib/gcc/arm-none-eabi/10.1.0/../../../../arm-none-eabi/lib\libg.a(lib_a-realloc.o)
                0x000000000200c674                realloc
 .text._realloc_r
                0x000000000200c698      0x5ac c:/devkitpro/devkitarm/bin/../lib/gcc/arm-none-eabi/10.1.0/../../../../arm-none-eabi/lib\libg.a(lib_a-reallocr.o)
                0x000000000200c698                _realloc_r
 .text.setvbuf  0x000000000200cc44      0x268 c:/devkitpro/devkitarm/bin/../lib/gcc/arm-none-eabi/10.1.0/../../../../arm-none-eabi/lib\libg.a(lib_a-setvbuf.o)
                0x000000000200cc44                setvbuf
 .text._raise_r
                0x000000000200ceac       0x98 c:/devkitpro/devkitarm/bin/../lib/gcc/arm-none-eabi/10.1.0/../../../../arm-none-eabi/lib\libg.a(lib_a-signal.o)
                0x000000000200ceac                _raise_r
 .text.raise    0x000000000200cf44       0x18 c:/devkitpro/devkitarm/bin/../lib/gcc/arm-none-eabi/10.1.0/../../../../arm-none-eabi/lib\libg.a(lib_a-signal.o)
                0x000000000200cf44                raise
 .text.siscanf  0x000000000200cf5c       0x74 c:/devkitpro/devkitarm/bin/../lib/gcc/arm-none-eabi/10.1.0/../../../../arm-none-eabi/lib\libg.a(lib_a-siscanf.o)
                0x000000000200cf5c                siscanf
 .text.__sread  0x000000000200cfd0       0x4c c:/devkitpro/devkitarm/bin/../lib/gcc/arm-none-eabi/10.1.0/../../../../arm-none-eabi/lib\libg.a(lib_a-stdio.o)
                0x000000000200cfd0                __sread
 .text.__seofread
                0x000000000200d01c        0x8 c:/devkitpro/devkitarm/bin/../lib/gcc/arm-none-eabi/10.1.0/../../../../arm-none-eabi/lib\libg.a(lib_a-stdio.o)
                0x000000000200d01c                __seofread
 .text.__swrite
                0x000000000200d024       0x6c c:/devkitpro/devkitarm/bin/../lib/gcc/arm-none-eabi/10.1.0/../../../../arm-none-eabi/lib\libg.a(lib_a-stdio.o)
                0x000000000200d024                __swrite
 .text.__sseek  0x000000000200d090       0x4c c:/devkitpro/devkitarm/bin/../lib/gcc/arm-none-eabi/10.1.0/../../../../arm-none-eabi/lib\libg.a(lib_a-stdio.o)
                0x000000000200d090                __sseek
 .text.__sclose
                0x000000000200d0dc       0x14 c:/devkitpro/devkitarm/bin/../lib/gcc/arm-none-eabi/10.1.0/../../../../arm-none-eabi/lib\libg.a(lib_a-stdio.o)
                0x000000000200d0dc                __sclose
 .text.strlen   0x000000000200d0f0       0x60 c:/devkitpro/devkitarm/bin/../lib/gcc/arm-none-eabi/10.1.0/../../../../arm-none-eabi/lib\libg.a(lib_a-strlen-stub.o)
                0x000000000200d0f0                strlen
 .text._strtoul_l.constprop.0
                0x000000000200d150      0x1cc c:/devkitpro/devkitarm/bin/../lib/gcc/arm-none-eabi/10.1.0/../../../../arm-none-eabi/lib\libg.a(lib_a-strtoul.o)
 .text._strtoul_r
                0x000000000200d31c        0x4 c:/devkitpro/devkitarm/bin/../lib/gcc/arm-none-eabi/10.1.0/../../../../arm-none-eabi/lib\libg.a(lib_a-strtoul.o)
                0x000000000200d31c                _strtoul_r
 .text.strtoul  0x000000000200d320       0x28 c:/devkitpro/devkitarm/bin/../lib/gcc/arm-none-eabi/10.1.0/../../../../arm-none-eabi/lib\libg.a(lib_a-strtoul.o)
                0x000000000200d320                strtoul
 .text.get_arg  0x000000000200d348       0x54 c:/devkitpro/devkitarm/bin/../lib/gcc/arm-none-eabi/10.1.0/../../../../arm-none-eabi/lib\libg.a(lib_a-svfiscanf.o)
 .text._sungetc_r
                0x000000000200d39c       0xe4 c:/devkitpro/devkitarm/bin/../lib/gcc/arm-none-eabi/10.1.0/../../../../arm-none-eabi/lib\libg.a(lib_a-svfiscanf.o)
                0x000000000200d39c                _sungetc_r
 .text.__ssrefill_r
                0x000000000200d480       0x68 c:/devkitpro/devkitarm/bin/../lib/gcc/arm-none-eabi/10.1.0/../../../../arm-none-eabi/lib\libg.a(lib_a-svfiscanf.o)
                0x000000000200d480                __ssrefill_r
 .text._sfread_r
                0x000000000200d4e8       0xcc c:/devkitpro/devkitarm/bin/../lib/gcc/arm-none-eabi/10.1.0/../../../../arm-none-eabi/lib\libg.a(lib_a-svfiscanf.o)
                0x000000000200d4e8                _sfread_r
 .text.__ssvfiscanf_r
                0x000000000200d5b4     0x233c c:/devkitpro/devkitarm/bin/../lib/gcc/arm-none-eabi/10.1.0/../../../../arm-none-eabi/lib\libg.a(lib_a-svfiscanf.o)
                0x000000000200d5b4                __ssvfiscanf_r
 .text.__submore
                0x000000000200f8f0       0xb0 c:/devkitpro/devkitarm/bin/../lib/gcc/arm-none-eabi/10.1.0/../../../../arm-none-eabi/lib\libg.a(lib_a-ungetc.o)
                0x000000000200f8f0                __submore
 .text.get_arg  0x000000000200f9a0      0x64c c:/devkitpro/devkitarm/bin/../lib/gcc/arm-none-eabi/10.1.0/../../../../arm-none-eabi/lib\libg.a(lib_a-vfiprintf.o)
 .text.__sprint_r
                0x000000000200ffec       0x34 c:/devkitpro/devkitarm/bin/../lib/gcc/arm-none-eabi/10.1.0/../../../../arm-none-eabi/lib\libg.a(lib_a-vfiprintf.o)
                0x000000000200ffec                __sprint_r
 .text._vfiprintf_r
                0x0000000002010020     0x2598 c:/devkitpro/devkitarm/bin/../lib/gcc/arm-none-eabi/10.1.0/../../../../arm-none-eabi/lib\libg.a(lib_a-vfiprintf.o)
                0x0000000002010020                _vfiprintf_r
 .text.__sbprintf
                0x00000000020125b8       0xd4 c:/devkitpro/devkitarm/bin/../lib/gcc/arm-none-eabi/10.1.0/../../../../arm-none-eabi/lib\libg.a(lib_a-vfiprintf.o)
 .text.viprintf
                0x000000000201268c       0x28 c:/devkitpro/devkitarm/bin/../lib/gcc/arm-none-eabi/10.1.0/../../../../arm-none-eabi/lib\libg.a(lib_a-viprintf.o)
                0x000000000201268c                viprintf
 .text._wcrtomb_r
                0x00000000020126b4       0x5c c:/devkitpro/devkitarm/bin/../lib/gcc/arm-none-eabi/10.1.0/../../../../arm-none-eabi/lib\libg.a(lib_a-wcrtomb.o)
                0x00000000020126b4                _wcrtomb_r
 .text._wcsrtombs_r
                0x0000000002012710       0x2c c:/devkitpro/devkitarm/bin/../lib/gcc/arm-none-eabi/10.1.0/../../../../arm-none-eabi/lib\libg.a(lib_a-wcsrtombs.o)
                0x0000000002012710                _wcsrtombs_r
 .text.__swsetup_r
                0x000000000201273c      0x160 c:/devkitpro/devkitarm/bin/../lib/gcc/arm-none-eabi/10.1.0/../../../../arm-none-eabi/lib\libg.a(lib_a-wsetup.o)
                0x000000000201273c                __swsetup_r
 .text.__register_exitproc
                0x000000000201289c       0xb8 c:/devkitpro/devkitarm/bin/../lib/gcc/arm-none-eabi/10.1.0/../../../../arm-none-eabi/lib\libg.a(lib_a-__atexit.o)
                0x000000000201289c                __register_exitproc
 .text.__sflush_r
                0x0000000002012954      0x280 c:/devkitpro/devkitarm/bin/../lib/gcc/arm-none-eabi/10.1.0/../../../../arm-none-eabi/lib\libg.a(lib_a-fflush.o)
                0x0000000002012954                __sflush_r
 .text._fflush_r
                0x0000000002012bd4       0x9c c:/devkitpro/devkitarm/bin/../lib/gcc/arm-none-eabi/10.1.0/../../../../arm-none-eabi/lib\libg.a(lib_a-fflush.o)
                0x0000000002012bd4                _fflush_r
 .text._cleanup_r
                0x0000000002012c70       0x18 c:/devkitpro/devkitarm/bin/../lib/gcc/arm-none-eabi/10.1.0/../../../../arm-none-eabi/lib\libg.a(lib_a-findfp.o)
                0x0000000002012c70                _cleanup_r
 .text.__sinit  0x0000000002012c88      0x18c c:/devkitpro/devkitarm/bin/../lib/gcc/arm-none-eabi/10.1.0/../../../../arm-none-eabi/lib\libg.a(lib_a-findfp.o)
                0x0000000002012c88                __sinit
 .text.__sfp_lock_acquire
                0x0000000002012e14       0x18 c:/devkitpro/devkitarm/bin/../lib/gcc/arm-none-eabi/10.1.0/../../../../arm-none-eabi/lib\libg.a(lib_a-findfp.o)
                0x0000000002012e14                __sfp_lock_acquire
 .text.__sfp_lock_release
                0x0000000002012e2c       0x18 c:/devkitpro/devkitarm/bin/../lib/gcc/arm-none-eabi/10.1.0/../../../../arm-none-eabi/lib\libg.a(lib_a-findfp.o)
                0x0000000002012e2c                __sfp_lock_release
 .text._malloc_trim_r
                0x0000000002012e44      0x100 c:/devkitpro/devkitarm/bin/../lib/gcc/arm-none-eabi/10.1.0/../../../../arm-none-eabi/lib\libg.a(lib_a-freer.o)
                0x0000000002012e44                _malloc_trim_r
 .text._free_r  0x0000000002012f44      0x2e0 c:/devkitpro/devkitarm/bin/../lib/gcc/arm-none-eabi/10.1.0/../../../../arm-none-eabi/lib\libg.a(lib_a-freer.o)
                0x0000000002012f44                _free_r
 .text.__sfvwrite_r
                0x0000000002013224      0x4d0 c:/devkitpro/devkitarm/bin/../lib/gcc/arm-none-eabi/10.1.0/../../../../arm-none-eabi/lib\libg.a(lib_a-fvwrite.o)
                0x0000000002013224                __sfvwrite_r
 .text._fwalk_reent
                0x00000000020136f4       0x78 c:/devkitpro/devkitarm/bin/../lib/gcc/arm-none-eabi/10.1.0/../../../../arm-none-eabi/lib\libg.a(lib_a-fwalk.o)
                0x00000000020136f4                _fwalk_reent
 .text.iswspace
                0x000000000201376c       0x14 c:/devkitpro/devkitarm/bin/../lib/gcc/arm-none-eabi/10.1.0/../../../../arm-none-eabi/lib\libg.a(lib_a-iswspace.o)
                0x000000000201376c                iswspace
 .text._localeconv_r
                0x0000000002013780        0xc c:/devkitpro/devkitarm/bin/../lib/gcc/arm-none-eabi/10.1.0/../../../../arm-none-eabi/lib\libg.a(lib_a-localeconv.o)
                0x0000000002013780                _localeconv_r
 .text.__locale_mb_cur_max
                0x000000000201378c       0x10 c:/devkitpro/devkitarm/bin/../lib/gcc/arm-none-eabi/10.1.0/../../../../arm-none-eabi/lib\libg.a(lib_a-locale.o)
                0x000000000201378c                __locale_mb_cur_max
 .text.__smakebuf_r
                0x000000000201379c      0x144 c:/devkitpro/devkitarm/bin/../lib/gcc/arm-none-eabi/10.1.0/../../../../arm-none-eabi/lib\libg.a(lib_a-makebuf.o)
                0x000000000201379c                __smakebuf_r
 .text.__swhatbuf_r
                0x00000000020138e0       0xa0 c:/devkitpro/devkitarm/bin/../lib/gcc/arm-none-eabi/10.1.0/../../../../arm-none-eabi/lib\libg.a(lib_a-makebuf.o)
                0x00000000020138e0                __swhatbuf_r
 .text._mbrtowc_r
                0x0000000002013980       0x70 c:/devkitpro/devkitarm/bin/../lib/gcc/arm-none-eabi/10.1.0/../../../../arm-none-eabi/lib\libg.a(lib_a-mbrtowc.o)
                0x0000000002013980                _mbrtowc_r
 .text.__utf8_mbtowc
                0x00000000020139f0      0x308 c:/devkitpro/devkitarm/bin/../lib/gcc/arm-none-eabi/10.1.0/../../../../arm-none-eabi/lib\libg.a(lib_a-mbtowc_r.o)
                0x00000000020139f0                __utf8_mbtowc
 .text.__sccl   0x0000000002013cf8       0xe8 c:/devkitpro/devkitarm/bin/../lib/gcc/arm-none-eabi/10.1.0/../../../../arm-none-eabi/lib\libg.a(lib_a-sccl.o)
                0x0000000002013cf8                __sccl
 .text.strncpy  0x0000000002013de0       0xcc c:/devkitpro/devkitarm/bin/../lib/gcc/arm-none-eabi/10.1.0/../../../../arm-none-eabi/lib\libg.a(lib_a-strncpy.o)
                0x0000000002013de0                strncpy
 .text._strtoll_l.constprop.0
                0x0000000002013eac      0x230 c:/devkitpro/devkitarm/bin/../lib/gcc/arm-none-eabi/10.1.0/../../../../arm-none-eabi/lib\libg.a(lib_a-strtoll.o)
 .text._strtoll_r
                0x00000000020140dc        0x4 c:/devkitpro/devkitarm/bin/../lib/gcc/arm-none-eabi/10.1.0/../../../../arm-none-eabi/lib\libg.a(lib_a-strtoll.o)
                0x00000000020140dc                _strtoll_r
 .text._strtol_l.part.0
                0x00000000020140e0      0x1b4 c:/devkitpro/devkitarm/bin/../lib/gcc/arm-none-eabi/10.1.0/../../../../arm-none-eabi/lib\libg.a(lib_a-strtol.o)
 .text._strtol_r
                0x0000000002014294       0x3c c:/devkitpro/devkitarm/bin/../lib/gcc/arm-none-eabi/10.1.0/../../../../arm-none-eabi/lib\libg.a(lib_a-strtol.o)
                0x0000000002014294                _strtol_r
 .text._strtoull_l.constprop.0
                0x00000000020142d0      0x248 c:/devkitpro/devkitarm/bin/../lib/gcc/arm-none-eabi/10.1.0/../../../../arm-none-eabi/lib\libg.a(lib_a-strtoull.o)
 .text._strtoull_r
                0x0000000002014518        0x4 c:/devkitpro/devkitarm/bin/../lib/gcc/arm-none-eabi/10.1.0/../../../../arm-none-eabi/lib\libg.a(lib_a-strtoull.o)
                0x0000000002014518                _strtoull_r
 .text._wcsnrtombs_l
                0x000000000201451c      0x1a0 c:/devkitpro/devkitarm/bin/../lib/gcc/arm-none-eabi/10.1.0/../../../../arm-none-eabi/lib\libg.a(lib_a-wcsnrtombs.o)
                0x000000000201451c                _wcsnrtombs_l
 .text._wcsnrtombs_r
                0x00000000020146bc       0x50 c:/devkitpro/devkitarm/bin/../lib/gcc/arm-none-eabi/10.1.0/../../../../arm-none-eabi/lib\libg.a(lib_a-wcsnrtombs.o)
                0x00000000020146bc                _wcsnrtombs_r
 .text.__utf8_wctomb
                0x000000000201470c       0xf4 c:/devkitpro/devkitarm/bin/../lib/gcc/arm-none-eabi/10.1.0/../../../../arm-none-eabi/lib\libg.a(lib_a-wctomb_r.o)
                0x000000000201470c                __utf8_wctomb
 .text.__errno  0x0000000002014800       0x10 c:/devkitpro/devkitarm/bin/../lib/gcc/arm-none-eabi/10.1.0/../../../../arm-none-eabi/lib\libg.a(lib_a-errno.o)
                0x0000000002014800                __errno
 .text._fclose_r
                0x0000000002014810      0x16c c:/devkitpro/devkitarm/bin/../lib/gcc/arm-none-eabi/10.1.0/../../../../arm-none-eabi/lib\libg.a(lib_a-fclose.o)
                0x0000000002014810                _fclose_r
 .text.iswspace_l
                0x000000000201497c       0x44 c:/devkitpro/devkitarm/bin/../lib/gcc/arm-none-eabi/10.1.0/../../../../arm-none-eabi/lib\libg.a(lib_a-iswspace_l.o)
                0x000000000201497c                iswspace_l
 .text.__jp2uc  0x00000000020149c0      0x1e4 c:/devkitpro/devkitarm/bin/../lib/gcc/arm-none-eabi/10.1.0/../../../../arm-none-eabi/lib\libg.a(lib_a-jp2uc.o)
 .text._jp2uc_l
                0x0000000002014ba4       0x94 c:/devkitpro/devkitarm/bin/../lib/gcc/arm-none-eabi/10.1.0/../../../../arm-none-eabi/lib\libg.a(lib_a-jp2uc.o)
                0x0000000002014ba4                _jp2uc_l
 .text.category
                0x0000000002014c38       0x8c c:/devkitpro/devkitarm/bin/../lib/gcc/arm-none-eabi/10.1.0/../../../../arm-none-eabi/lib\libg.a(lib_a-categories.o)
                0x0000000002014c38                category
 .text.null_write
                0x0000000002014cc4        0x8 c:/devkitpro/devkitarm/bin/../lib/gcc/arm-none-eabi/10.1.0/../../../../arm-none-eabi/lib\libsysbase.a(iosupport.o)
 .text._fstat_r
                0x0000000002014ccc       0x7c c:/devkitpro/devkitarm/bin/../lib/gcc/arm-none-eabi/10.1.0/../../../../arm-none-eabi/lib\libsysbase.a(fstat.o)
                0x0000000002014ccc                _fstat_r
 .text._getpid_r
                0x0000000002014d48       0x14 c:/devkitpro/devkitarm/bin/../lib/gcc/arm-none-eabi/10.1.0/../../../../arm-none-eabi/lib\libsysbase.a(getpid.o)
                0x0000000002014d48                _getpid_r
 .text._isatty_r
                0x0000000002014d5c        0x8 c:/devkitpro/devkitarm/bin/../lib/gcc/arm-none-eabi/10.1.0/../../../../arm-none-eabi/lib\libsysbase.a(isatty.o)
                0x0000000002014d5c                _isatty_r
 .text._kill_r  0x0000000002014d64       0x14 c:/devkitpro/devkitarm/bin/../lib/gcc/arm-none-eabi/10.1.0/../../../../arm-none-eabi/lib\libsysbase.a(kill.o)
                0x0000000002014d64                _kill_r
 .text._lseek_r
                0x0000000002014d78       0x88 c:/devkitpro/devkitarm/bin/../lib/gcc/arm-none-eabi/10.1.0/../../../../arm-none-eabi/lib\libsysbase.a(lseek.o)
                0x0000000002014d78                _lseek_r
 .text._read_r  0x0000000002014e00       0x84 c:/devkitpro/devkitarm/bin/../lib/gcc/arm-none-eabi/10.1.0/../../../../arm-none-eabi/lib\libsysbase.a(read.o)
                0x0000000002014e00                _read_r
 .text._sbrk_r  0x0000000002014e84       0x7c c:/devkitpro/devkitarm/bin/../lib/gcc/arm-none-eabi/10.1.0/../../../../arm-none-eabi/lib\libsysbase.a(sbrk.o)
                0x0000000002014e84                _sbrk_r
 .text._write_r
                0x0000000002014f00       0x84 c:/devkitpro/devkitarm/bin/../lib/gcc/arm-none-eabi/10.1.0/../../../../arm-none-eabi/lib\libsysbase.a(write.o)
                0x0000000002014f00                _write_r
 .text._exit    0x0000000002014f84       0x28 c:/devkitpro/devkitarm/bin/../lib/gcc/arm-none-eabi/10.1.0/../../../../arm-none-eabi/lib\libsysbase.a(_exit.o)
                0x0000000002014f84                _exit
 .text.build_argv
                0x0000000002014fac       0x80 c:/devkitpro/devkitarm/bin/../lib/gcc/arm-none-eabi/10.1.0/../../../../arm-none-eabi/lib\libsysbase.a(build_argv.o)
                0x0000000002014fac                build_argv
 .text.__flockfile
                0x000000000201502c       0x14 c:/devkitpro/devkitarm/bin/../lib/gcc/arm-none-eabi/10.1.0/../../../../arm-none-eabi/lib\libsysbase.a(flock.o)
                0x000000000201502c                __flockfile
 .text.__funlockfile
                0x0000000002015040       0x14 c:/devkitpro/devkitarm/bin/../lib/gcc/arm-none-eabi/10.1.0/../../../../arm-none-eabi/lib\libsysbase.a(flock.o)
                0x0000000002015040                __funlockfile
 .text.__libc_lock_acquire
                0x0000000002015054       0x18 c:/devkitpro/devkitarm/bin/../lib/gcc/arm-none-eabi/10.1.0/../../../../arm-none-eabi/lib\libsysbase.a(syscall_support.o)
                0x0000000002015054                __libc_lock_acquire
 .text.__libc_lock_release
                0x000000000201506c       0x18 c:/devkitpro/devkitarm/bin/../lib/gcc/arm-none-eabi/10.1.0/../../../../arm-none-eabi/lib\libsysbase.a(syscall_support.o)
                0x000000000201506c                __libc_lock_release
 .text.__libc_lock_init_recursive
                0x0000000002015084       0x18 c:/devkitpro/devkitarm/bin/../lib/gcc/arm-none-eabi/10.1.0/../../../../arm-none-eabi/lib\libsysbase.a(syscall_support.o)
                0x0000000002015084                __libc_lock_init_recursive
 .text.__libc_lock_acquire_recursive
                0x000000000201509c       0x18 c:/devkitpro/devkitarm/bin/../lib/gcc/arm-none-eabi/10.1.0/../../../../arm-none-eabi/lib\libsysbase.a(syscall_support.o)
                0x000000000201509c                __libc_lock_acquire_recursive
 .text.__libc_lock_release_recursive
                0x00000000020150b4       0x18 c:/devkitpro/devkitarm/bin/../lib/gcc/arm-none-eabi/10.1.0/../../../../arm-none-eabi/lib\libsysbase.a(syscall_support.o)
                0x00000000020150b4                __libc_lock_release_recursive
 .text.__libc_lock_close_recursive
                0x00000000020150cc       0x18 c:/devkitpro/devkitarm/bin/../lib/gcc/arm-none-eabi/10.1.0/../../../../arm-none-eabi/lib\libsysbase.a(syscall_support.o)
                0x00000000020150cc                __libc_lock_close_recursive
 .text.__get_handle
                0x00000000020150e4       0x40 c:/devkitpro/devkitarm/bin/../lib/gcc/arm-none-eabi/10.1.0/../../../../arm-none-eabi/lib\libsysbase.a(handle_manager.o)
                0x00000000020150e4                __get_handle
 .text._close_r
                0x0000000002015124       0xfc c:/devkitpro/devkitarm/bin/../lib/gcc/arm-none-eabi/10.1.0/../../../../arm-none-eabi/lib\libsysbase.a(handle_manager.o)
                0x0000000002015124                _close_r
 .text.__getreent
                0x0000000002015220       0x24 c:/devkitpro/devkitarm/bin/../lib/gcc/arm-none-eabi/10.1.0/../../../../arm-none-eabi/lib\libsysbase.a(getreent.o)
                0x0000000002015220                __getreent
 .text.__udivmoddi4
                0x0000000002015244      0x128 c:/devkitpro/devkitarm/bin/../lib/gcc/arm-none-eabi/10.1.0\libgcc.a(_udivmoddi4.o)
                0x0000000002015244                __udivmoddi4
 *fill*         0x000000000201536c        0x4 ff
 .text.__udivmoddi4.__stub
                0x0000000002015370      0x130 linker stubs
 *(EXCLUDE_FILE(*.twl*) .gnu.warning)
 *(EXCLUDE_FILE(*.twl*) .gnu.linkonce.t*)
 *(.glue_7)
 .glue_7        0x00000000020154d8        0x0 linker stubs
 *(.glue_7t)
 .glue_7t       0x00000000020154d8        0x0 linker stubs
                0x00000000020154d8                . = ALIGN (0x4)

.vfp11_veneer   0x00000000020154d8        0x0
 .vfp11_veneer  0x00000000020154d8        0x0 linker stubs

.v4_bx          0x00000000020154d8        0x0
 .v4_bx         0x00000000020154d8        0x0 linker stubs

.iplt           0x00000000020154d8        0x0
 .iplt          0x00000000020154d8        0x0 c:/devkitpro/devkitarm/bin/../lib/gcc/arm-none-eabi/10.1.0/../../../../arm-none-eabi/lib/ds_arm9_crt0.o

.fini           0x00000000020154d8       0x18
 *(.fini)
 .fini          0x00000000020154d8        0xc c:/devkitpro/devkitarm/bin/../lib/gcc/arm-none-eabi/10.1.0/crti.o
                0x00000000020154d8                _fini
 .fini          0x00000000020154e4        0xc c:/devkitpro/devkitarm/bin/../lib/gcc/arm-none-eabi/10.1.0/crtn.o
                0x00000000020154f0                __text_end = .

.rodata         0x00000000020154f0    0x1078c
 *(EXCLUDE_FILE(*.twl*) .rodata)
 .rodata        0x00000000020154f0     0x1240 board_bg_down.o
                0x00000000020154f0                board_bg_downTiles
                0x0000000002015d30                board_bg_downMap
                0x0000000002016530                board_bg_downPal
 .rodata        0x0000000002016730     0x15c0 board_bg_up.o
                0x0000000002016730                board_bg_upTiles
                0x00000000020172f0                board_bg_upMap
                0x0000000002017af0                board_bg_upPal
 .rodata        0x0000000002017cf0      0x110 i_square.o
                0x0000000002017cf0                i_squareTiles
                0x0000000002017df0                i_squarePal
 .rodata        0x0000000002017e00      0x110 j_square.o
                0x0000000002017e00                j_squareTiles
                0x0000000002017f00                j_squarePal
 .rodata        0x0000000002017f10      0x110 l_square.o
                0x0000000002017f10                l_squareTiles
                0x0000000002018010                l_squarePal
 .rodata        0x0000000002018020     0x4500 main_menu.o
                0x0000000002018020                main_menuTiles
                0x000000000201bb20                main_menuMap
                0x000000000201c320                main_menuPal
 .rodata        0x000000000201c520      0x110 menu_cursor.o
                0x000000000201c520                menu_cursorTiles
                0x000000000201c620                menu_cursorPal
 .rodata        0x000000000201c630      0x110 o_square.o
                0x000000000201c630                o_squareTiles
                0x000000000201c730                o_squarePal
 .rodata        0x000000000201c740      0x110 s_square.o
                0x000000000201c740                s_squareTiles
                0x000000000201c840                s_squarePal
 .rodata        0x000000000201c850      0x110 t_square.o
                0x000000000201c850                t_squareTiles
                0x000000000201c950                t_squarePal
 .rodata        0x000000000201c960      0x110 z_square.o
                0x000000000201c960                z_squareTiles
                0x000000000201ca60                z_squarePal
 .rodata        0x000000000201ca70       0x10 TetrisTile.o
                0x000000000201ca70                vtable for TetrisTile
 .rodata        0x000000000201ca80     0x2004 C:/devkitPro/libnds/lib\libnds9.a(default_font.bin.o)
                0x000000000201ca80                default_font_bin
                0x000000000201ea80                default_font_bin_size
                0x000000000201ea80                default_font_bin_end
 *all.rodata*(*)
 *(EXCLUDE_FILE(*.twl*) .roda)
 *(EXCLUDE_FILE(*.twl*) .rodata.*)
 .rodata._ZNSt13random_deviceC2Ev.str1.4
                0x000000000201ea84        0x8 Board.o
 .rodata._ZNSt6vectorISt10shared_ptrI10TetrisTileESaIS2_EE17_M_realloc_insertIJS2_EEEvN9__gnu_cxx17__normal_iteratorIPS2_S4_EEDpOT_.str1.4
                0x000000000201ea8c       0x1a Board.o
 *fill*         0x000000000201eaa6        0x2 ff
 .rodata._ZTVSt19_Sp_counted_deleterIP10TetrisTileSt14default_deleteIS0_ESaIvELN9__gnu_cxx12_Lock_policyE0EE
                0x000000000201eaa8       0x1c Board.o
                0x000000000201eaa8                vtable for std::_Sp_counted_deleter<TetrisTile*, std::default_delete<TetrisTile>, std::allocator<void>, (__gnu_cxx::_Lock_policy)0>
 .rodata.str1.4
                0x000000000201eac4      0x12f Cursor.o
 .rodata.str1.4
                0x000000000201ebf3      0x12d Square.o
 .rodata._ZNSt6vectorIiSaIiEE17_M_realloc_insertIJRKiEEEvN9__gnu_cxx17__normal_iteratorIPiS1_EEDpOT_.str1.4
                0x000000000201ebf3       0x1a Square.o
 .rodata._ZNSt6vectorISt10unique_ptrI6SquareSt14default_deleteIS1_EESaIS4_EE17_M_realloc_insertIJS4_EEEvN9__gnu_cxx17__normal_iteratorIPS4_S6_EEDpOT_.str1.4
                0x000000000201ebf3       0x1a TetrisTile.o
 *fill*         0x000000000201ebf3        0x1 ff
 .rodata.__sassert.str1.4
                0x000000000201ebf4       0x42 C:/devkitPro/libnds/lib\libnds9.a(sassert.o)
 *fill*         0x000000000201ec36        0x2 ff
 .rodata.con_write.str1.4
                0x000000000201ec38       0x30 C:/devkitPro/libnds/lib\libnds9.a(console.o)
 .rodata.con_write
                0x000000000201ec68       0xd4 C:/devkitPro/libnds/lib\libnds9.a(console.o)
 .rodata.str1.4
                0x000000000201ed3c       0x14 C:/devkitPro/libnds/lib\libnds9.a(console.o)
 .rodata.dotab_stdout
                0x000000000201ed50       0x70 C:/devkitPro/libnds/lib\libnds9.a(console.o)
 .rodata.SIN_LUT
                0x000000000201edc0      0x102 C:/devkitPro/libnds/lib\libnds9.a(trig.o)
                0x000000000201edc0                SIN_LUT
 *fill*         0x000000000201eec2        0x2 ff
 .rodata._ZNSt13random_device14_M_init_pretr1ERKNSt7__cxx1112basic_stringIcSt11char_traitsIcESaIcEEE.str1.4
                0x000000000201eec4       0x3a c:/devkitpro/devkitarm/bin/../lib/gcc/arm-none-eabi/10.1.0/../../../../arm-none-eabi/lib\libstdc++.a(random.o)
                                         0x42 (size before relaxing)
 *fill*         0x000000000201eefe        0x2 ff
 .rodata._ZNKSt9bad_alloc4whatEv.str1.4
                0x000000000201ef00        0xf c:/devkitpro/devkitarm/bin/../lib/gcc/arm-none-eabi/10.1.0/../../../../arm-none-eabi/lib\libstdc++.a(bad_alloc.o)
 *fill*         0x000000000201ef0f        0x1 ff
 .rodata._ZTISt9bad_alloc
                0x000000000201ef10        0xc c:/devkitpro/devkitarm/bin/../lib/gcc/arm-none-eabi/10.1.0/../../../../arm-none-eabi/lib\libstdc++.a(bad_alloc.o)
                0x000000000201ef10                typeinfo for std::bad_alloc
 .rodata._ZTSSt9bad_alloc
                0x000000000201ef1c        0xd c:/devkitpro/devkitarm/bin/../lib/gcc/arm-none-eabi/10.1.0/../../../../arm-none-eabi/lib\libstdc++.a(bad_alloc.o)
                0x000000000201ef1c                typeinfo name for std::bad_alloc
 *fill*         0x000000000201ef29        0x3 ff
 .rodata._ZTVSt9bad_alloc
                0x000000000201ef2c       0x14 c:/devkitpro/devkitarm/bin/../lib/gcc/arm-none-eabi/10.1.0/../../../../arm-none-eabi/lib\libstdc++.a(bad_alloc.o)
                0x000000000201ef2c                vtable for std::bad_alloc
 .rodata._ZNKSt13bad_exception4whatEv.str1.4
                0x000000000201ef40       0x13 c:/devkitpro/devkitarm/bin/../lib/gcc/arm-none-eabi/10.1.0/../../../../arm-none-eabi/lib\libstdc++.a(eh_exception.o)
 *fill*         0x000000000201ef53        0x1 ff
 .rodata._ZTIN10__cxxabiv115__forced_unwindE
                0x000000000201ef54        0x8 c:/devkitpro/devkitarm/bin/../lib/gcc/arm-none-eabi/10.1.0/../../../../arm-none-eabi/lib\libstdc++.a(eh_exception.o)
                0x000000000201ef54                typeinfo for __cxxabiv1::__forced_unwind
 .rodata._ZTIN10__cxxabiv119__foreign_exceptionE
                0x000000000201ef5c        0x8 c:/devkitpro/devkitarm/bin/../lib/gcc/arm-none-eabi/10.1.0/../../../../arm-none-eabi/lib\libstdc++.a(eh_exception.o)
                0x000000000201ef5c                typeinfo for __cxxabiv1::__foreign_exception
 .rodata._ZTISt13bad_exception
                0x000000000201ef64        0xc c:/devkitpro/devkitarm/bin/../lib/gcc/arm-none-eabi/10.1.0/../../../../arm-none-eabi/lib\libstdc++.a(eh_exception.o)
                0x000000000201ef64                typeinfo for std::bad_exception
 .rodata._ZTISt9exception
                0x000000000201ef70        0x8 c:/devkitpro/devkitarm/bin/../lib/gcc/arm-none-eabi/10.1.0/../../../../arm-none-eabi/lib\libstdc++.a(eh_exception.o)
                0x000000000201ef70                typeinfo for std::exception
 .rodata._ZTSN10__cxxabiv115__forced_unwindE
                0x000000000201ef78       0x20 c:/devkitpro/devkitarm/bin/../lib/gcc/arm-none-eabi/10.1.0/../../../../arm-none-eabi/lib\libstdc++.a(eh_exception.o)
                0x000000000201ef78                typeinfo name for __cxxabiv1::__forced_unwind
 .rodata._ZTSN10__cxxabiv119__foreign_exceptionE
                0x000000000201ef98       0x24 c:/devkitpro/devkitarm/bin/../lib/gcc/arm-none-eabi/10.1.0/../../../../arm-none-eabi/lib\libstdc++.a(eh_exception.o)
                0x000000000201ef98                typeinfo name for __cxxabiv1::__foreign_exception
 .rodata._ZTSSt13bad_exception
                0x000000000201efbc       0x12 c:/devkitpro/devkitarm/bin/../lib/gcc/arm-none-eabi/10.1.0/../../../../arm-none-eabi/lib\libstdc++.a(eh_exception.o)
                0x000000000201efbc                typeinfo name for std::bad_exception
 *fill*         0x000000000201efce        0x2 ff
 .rodata._ZTSSt9exception
                0x000000000201efd0        0xd c:/devkitpro/devkitarm/bin/../lib/gcc/arm-none-eabi/10.1.0/../../../../arm-none-eabi/lib\libstdc++.a(eh_exception.o)
                0x000000000201efd0                typeinfo name for std::exception
 *fill*         0x000000000201efdd        0x3 ff
 .rodata._ZTVSt13bad_exception
                0x000000000201efe0       0x14 c:/devkitpro/devkitarm/bin/../lib/gcc/arm-none-eabi/10.1.0/../../../../arm-none-eabi/lib\libstdc++.a(eh_exception.o)
                0x000000000201efe0                vtable for std::bad_exception
 .rodata._ZTIN10__cxxabiv120__si_class_type_infoE
                0x000000000201eff4        0xc c:/devkitpro/devkitarm/bin/../lib/gcc/arm-none-eabi/10.1.0/../../../../arm-none-eabi/lib\libstdc++.a(si_class_type_info.o)
                0x000000000201eff4                typeinfo for __cxxabiv1::__si_class_type_info
 .rodata._ZTSN10__cxxabiv120__si_class_type_infoE
                0x000000000201f000       0x25 c:/devkitpro/devkitarm/bin/../lib/gcc/arm-none-eabi/10.1.0/../../../../arm-none-eabi/lib\libstdc++.a(si_class_type_info.o)
                0x000000000201f000                typeinfo name for __cxxabiv1::__si_class_type_info
 *fill*         0x000000000201f025        0x3 ff
 .rodata._ZTVN10__cxxabiv120__si_class_type_infoE