Archive member included to satisfy reference by file (symbol)

C:/devkitPro/libnds/lib\libnds9.a(background.o)
                              Board.o (bgState)
C:/devkitPro/libnds/lib\libnds9.a(sassert.o)
                              Square.o (__sassert)
C:/devkitPro/libnds/lib\libnds9.a(sprite_alloc.o)
                              Square.o (oamAllocateGfx)
C:/devkitPro/libnds/lib\libnds9.a(console.o)
                              C:/devkitPro/libnds/lib\libnds9.a(sassert.o) (consoleDemoInit)
C:/devkitPro/libnds/lib\libnds9.a(trig.o)
                              C:/devkitPro/libnds/lib\libnds9.a(background.o) (sinLerp)
C:/devkitPro/libnds/lib\libnds9.a(sprite.o)
                              main.o (oamInit)
C:/devkitPro/libnds/lib\libnds9.a(keys.o)
                              main.o (scanKeys)
C:/devkitPro/libnds/lib\libnds9.a(initSystem.o)
                              c:/devkitpro/devkitarm/bin/../lib/gcc/arm-none-eabi/10.1.0/../../../../arm-none-eabi/lib/ds_arm9_crt0.o (initSystem)
C:/devkitPro/libnds/lib\libnds9.a(timeSupport.o)
                              C:/devkitPro/libnds/lib\libnds9.a(initSystem.o) (__libnds_gtod)
C:/devkitPro/libnds/lib\libnds9.a(securearea.o)
                              c:/devkitpro/devkitarm/bin/../lib/gcc/arm-none-eabi/10.1.0/../../../../arm-none-eabi/lib/ds_arm9_crt0.o (__secure_area__)
C:/devkitPro/libnds/lib\libnds9.a(timers.o)
                              main.o (timerStart)
C:/devkitPro/libnds/lib\libnds9.a(interrupts.o)
                              C:/devkitPro/libnds/lib\libnds9.a(timers.o) (irqSet)
C:/devkitPro/libnds/lib\libnds9.a(libnds_exit.arm.o)
                              c:/devkitpro/devkitarm/bin/../lib/gcc/arm-none-eabi/10.1.0/../../../../arm-none-eabi/lib/ds_arm9_crt0.o (__libnds_exit)
C:/devkitPro/libnds/lib\libnds9.a(fifosystem.o)
                              C:/devkitPro/libnds/lib\libnds9.a(initSystem.o) (fifoSetValue32Handler)
C:/devkitPro/libnds/lib\libnds9.a(dcache.o)
                              C:/devkitPro/libnds/lib\libnds9.a(sprite.o) (DC_FlushRange)
C:/devkitPro/libnds/lib\libnds9.a(mpu_setup.o)
                              c:/devkitpro/devkitarm/bin/../lib/gcc/arm-none-eabi/10.1.0/../../../../arm-none-eabi/lib/ds_arm9_crt0.o (__libnds_mpu_setup)
C:/devkitPro/libnds/lib\libnds9.a(IntrWait.o)
                              main.o (swiWaitForVBlank)
C:/devkitPro/libnds/lib\libnds9.a(cpu_clock.o)
                              C:/devkitPro/libnds/lib\libnds9.a(initSystem.o) (setCpuClock)
C:/devkitPro/libnds/lib\libnds9.a(interruptDispatcher.o)
                              C:/devkitPro/libnds/lib\libnds9.a(interrupts.o) (IntrMain)
C:/devkitPro/libnds/lib\libnds9.a(debugprint.o)
                              C:/devkitPro/libnds/lib\libnds9.a(console.o) (nocashWrite)
C:/devkitPro/libnds/lib\libnds9.a(swiSoftReset.o)
                              C:/devkitPro/libnds/lib\libnds9.a(fifosystem.o) (swiSoftReset)
C:/devkitPro/libnds/lib\libnds9.a(default_font.bin.o)
                              C:/devkitPro/libnds/lib\libnds9.a(console.o) (default_font_bin)
C:/devkitPro/libnds/lib\libnds9.a(video.o)
                              C:/devkitPro/libnds/lib\libnds9.a(initSystem.o) (vramDefault)
C:/devkitPro/libnds/lib\libnds9.a(system.o)
                              C:/devkitPro/libnds/lib\libnds9.a(initSystem.o) (systemValueHandler)
C:/devkitPro/libnds/lib\libnds9.a(biosCalls.o)
                              C:/devkitPro/libnds/lib\libnds9.a(system.o) (swiDelay)
c:/devkitpro/devkitarm/bin/../lib/gcc/arm-none-eabi/10.1.0/../../../../arm-none-eabi/lib\libstdc++.a(atexit_arm.o)
                              Square.o (__aeabi_atexit)
c:/devkitpro/devkitarm/bin/../lib/gcc/arm-none-eabi/10.1.0/../../../../arm-none-eabi/lib\libstdc++.a(del_ops.o)
                              Board.o (operator delete(void*, unsigned int))
c:/devkitpro/devkitarm/bin/../lib/gcc/arm-none-eabi/10.1.0/../../../../arm-none-eabi/lib\libstdc++.a(new_op.o)
                              Board.o (operator new(unsigned int))
c:/devkitpro/devkitarm/bin/../lib/gcc/arm-none-eabi/10.1.0/../../../../arm-none-eabi/lib\libstdc++.a(functexcept.o)
                              Board.o (std::__throw_length_error(char const*))
c:/devkitpro/devkitarm/bin/../lib/gcc/arm-none-eabi/10.1.0/../../../../arm-none-eabi/lib\libstdc++.a(random.o)
                              Board.o (std::random_device::_M_init(std::__cxx11::basic_string<char, std::char_traits<char>, std::allocator<char> > const&))
c:/devkitpro/devkitarm/bin/../lib/gcc/arm-none-eabi/10.1.0/../../../../arm-none-eabi/lib\libstdc++.a(shared_ptr.o)
                              Board.o (std::_Sp_make_shared_tag::_S_eq(std::type_info const&))
c:/devkitpro/devkitarm/bin/../lib/gcc/arm-none-eabi/10.1.0/../../../../arm-none-eabi/lib\libstdc++.a(snprintf_lite.o)
[...]
Memory Configuration

Name             Origin             Length             Attributes
ewram            0x0000000002000000 0x0000000000380000
dtcm             0x000000000b000000 0x0000000000004000
vectors          0x0000000001000000 0x0000000000000100
itcm             0x0000000001000100 0x0000000000007f00
*default*        0x0000000000000000 0xffffffffffffffff

Linker script and memory map

                0x0000000002380000                __ewram_end = (ORIGIN (ewram) + LENGTH (ewram))
                0x0000000002380000                __eheap_end = (ORIGIN (ewram) + LENGTH (ewram))
                0x000000000b004000                __dtcm_top = (ORIGIN (dtcm) + LENGTH (dtcm))
                0x000000000b003ff8                __irq_flags = (__dtcm_top - 0x8)
                0x000000000b003ffc                __irq_vector = (__dtcm_top - 0x4)
                0x000000000b003f00                __sp_svc = (__dtcm_top - 0x100)
                0x000000000b003e00                __sp_irq = (__sp_svc - 0x100)
                0x000000000b003d00                __sp_usr = (__sp_irq - 0x100)

.secure         0x0000000002000000      0x800
 *(.secure)
 .secure        0x0000000002000000      0x800 C:/devkitPro/libnds/lib\libnds9.a(securearea.o)
                0x0000000002000000                __secure_area__

.crt0           0x0000000002000800      0x300
                0x0000000002000800                __text_start = .
 *(.crt0)
 .crt0          0x0000000002000800      0x300 c:/devkitpro/devkitarm/bin/../lib/gcc/arm-none-eabi/10.1.0/../../../../arm-none-eabi/lib/ds_arm9_crt0.o
                0x0000000002000800                _start
                0x0000000002000b00                . = ALIGN (0x4)

.plt
 *(.plt)

.init           0x0000000002000b00       0x18
 *(SORT_NONE(.init))
 .init          0x0000000002000b00        0xc c:/devkitpro/devkitarm/bin/../lib/gcc/arm-none-eabi/10.1.0/crti.o
                0x0000000002000b00                _init
 .init          0x0000000002000b0c        0xc c:/devkitpro/devkitarm/bin/../lib/gcc/arm-none-eabi/10.1.0/crtn.o

.text           0x0000000002000b18    0x13ec0
 *(EXCLUDE_FILE(*.twl* *.vectors* *.itcm*) .text)
 .text          0x0000000002000b18      0xbec Board.o
                0x0000000002000b18                Board::check_overlap() const
                0x0000000002000c68                Board::can_fall() const
                0x0000000002000d14                Board::can_rotate(bool) const
                0x0000000002000dd0                Board::can_move(bool) const
                0x0000000002000e8c                Board::erase_rows_if_needed()
                0x0000000002001134                Board::new_tile()
                0x00000000020013b0                Board::Board()
                0x00000000020013b0                Board::Board()
                0x0000000002001614                Board::process_input(int, int)
                0x00000000020016c8                Board::fall_cur_tile()
 .text          0x0000000002001704       0x34 main.o
                0x0000000002001704                timer_callback()
 .text          0x0000000002001738      0xc1c Square.o
                0x000000000200181c                Square::update()
                0x00000000020018a4                Square::move_right()
                0x00000000020018b4                Square::move_left()
                0x00000000020018c4                Square::~Square()
                0x00000000020018c4                Square::~Square()
                0x0000000002001bac                Square::init()
                0x0000000002001f08                Square::Square(unsigned char, unsigned char, unsigned int const*, unsigned long, unsigned short const*, unsigned long, unsigned char)
                0x0000000002001f08                Square::Square(unsigned char, unsigned char, unsigned int const*, unsigned long, unsigned short const*, unsigned long, unsigned char)
                0x0000000002001f5c                Square::change_oam(OamState*)
                0x0000000002002258                Square::change_oam_if_needed()
                0x0000000002002290                Square::move(unsigned char, unsigned char)
                0x00000000020022cc                Square::move_up()
                0x0000000002002310                Square::move_down()
 .text          0x0000000002002354     0x1560 TetrisTile.o
                0x0000000002002354                TetrisTile::~TetrisTile()
                0x0000000002002354                TetrisTile::~TetrisTile()
                0x00000000020023d0                TetrisTile::~TetrisTile()
                0x0000000002002458                TetrisTile::update()
                0x0000000002002480                TetrisTile::move(bool)
                0x0000000002002550                TetrisTile::rotate(bool)
                0x0000000002002674                TetrisTile::fall()
                0x00000000020026c0                TetrisTile::fly()
                0x000000000200270c                TetrisTile::fall_square(unsigned char)
                0x0000000002002768                TetrisTile::erase_row(unsigned char)
                0x0000000002002854                TetrisTile::TetrisTile(signed char, unsigned char, TILE_TYPE)
                0x0000000002002854                TetrisTile::TetrisTile(signed char, unsigned char, TILE_TYPE)
                0x0000000002003820                TetrisTile::get_square_positions() const
 .text          0x00000000020038b4      0x114 c:/devkitpro/devkitarm/bin/../lib/gcc/arm-none-eabi/10.1.0\libgcc.a(_udivsi3.o)
                0x00000000020038b4                __aeabi_uidiv
                0x00000000020038b4                __udivsi3
                0x00000000020039a8                __aeabi_uidivmod
 .text          0x00000000020039c8      0x148 c:/devkitpro/devkitarm/bin/../lib/gcc/arm-none-eabi/10.1.0\libgcc.a(_divsi3.o)
                0x00000000020039c8                __divsi3
                0x00000000020039c8                __aeabi_idiv
                0x0000000002003af0                __aeabi_idivmod
 .text          0x0000000002003b10        0x4 c:/devkitpro/devkitarm/bin/../lib/gcc/arm-none-eabi/10.1.0\libgcc.a(_dvmd_tls.o)
                0x0000000002003b10                __aeabi_idiv0
                0x0000000002003b10                __aeabi_ldiv0
 .text          0x0000000002003b14      0x1b0 c:/devkitpro/devkitarm/bin/../lib/gcc/arm-none-eabi/10.1.0\libgcc.a(libunwind.o)
                0x0000000002003b14                __restore_core_regs
                0x0000000002003b14                restore_core_regs
                0x0000000002003b30                __gnu_Unwind_Restore_VFP
                0x0000000002003b38                __gnu_Unwind_Save_VFP
                0x0000000002003b40                __gnu_Unwind_Restore_VFP_D
                0x0000000002003b48                __gnu_Unwind_Save_VFP_D
                0x0000000002003b50                __gnu_Unwind_Restore_VFP_D_16_to_31
                0x0000000002003b58                __gnu_Unwind_Save_VFP_D_16_to_31
                0x0000000002003b60                __gnu_Unwind_Restore_WMMXD
                0x0000000002003ba4                __gnu_Unwind_Save_WMMXD
                0x0000000002003be8                __gnu_Unwind_Restore_WMMXC
                0x0000000002003bfc                __gnu_Unwind_Save_WMMXC
                0x0000000002003c10                ___Unwind_RaiseException
                0x0000000002003c10                _Unwind_RaiseException
                0x0000000002003c34                _Unwind_Resume
                0x0000000002003c34                ___Unwind_Resume
                0x0000000002003c58                _Unwind_Resume_or_Rethrow
                0x0000000002003c58                ___Unwind_Resume_or_Rethrow
                0x0000000002003c7c                _Unwind_ForcedUnwind
                0x0000000002003c7c                ___Unwind_ForcedUnwind
                0x0000000002003ca0                ___Unwind_Backtrace
                0x0000000002003ca0                _Unwind_Backtrace
 .text          0x0000000002003cc4      0x224 c:/devkitpro/devkitarm/bin/../lib/gcc/arm-none-eabi/10.1.0/../../../../arm-none-eabi/lib\libg.a(lib_a-strcmp.o)
                0x0000000002003cc4                strcmp
 .text          0x0000000002003ee8       0x3c c:/devkitpro/devkitarm/bin/../lib/gcc/arm-none-eabi/10.1.0\libgcc.a(_aeabi_uldivmod.o)
                0x0000000002003ee8                __aeabi_uldivmod
 .text          0x0000000002003f24       0x28 c:/devkitpro/devkitarm/bin/../lib/gcc/arm-none-eabi/10.1.0\libgcc.a(_clzdi2.o)
                0x0000000002003f24                __clzdi2
 .text          0x0000000002003f4c       0x48 c:/devkitpro/devkitarm/bin/../lib/gcc/arm-none-eabi/10.1.0\libgcc.a(_clzsi2.o)
                0x0000000002003f4c                __clzsi2
 *(EXCLUDE_FILE(*.twl* *.vectors* *.itcm*) .stub)
 *(EXCLUDE_FILE(*.twl* *.vectors* *.itcm*) .text.*)
 .text.deregister_tm_clones
                0x0000000002003f94       0x2c c:/devkitpro/devkitarm/bin/../lib/gcc/arm-none-eabi/10.1.0/crtbegin.o
 .text.register_tm_clones
                0x0000000002003fc0       0x38 c:/devkitpro/devkitarm/bin/../lib/gcc/arm-none-eabi/10.1.0/crtbegin.o
 .text.__do_global_dtors_aux
                0x0000000002003ff8       0x44 c:/devkitpro/devkitarm/bin/../lib/gcc/arm-none-eabi/10.1.0/crtbegin.o
 .text.frame_dummy
                0x000000000200403c       0x34 c:/devkitpro/devkitarm/bin/../lib/gcc/arm-none-eabi/10.1.0/crtbegin.o
 .text._ZNSt23_Sp_counted_ptr_inplaceI10TetrisTileSaIS0_ELN9__gnu_cxx12_Lock_policyE0EED1Ev
                0x0000000002004070        0x4 Board.o
                0x0000000002004070                std::_Sp_counted_ptr_inplace<TetrisTile, std::allocator<TetrisTile>, (__gnu_cxx::_Lock_policy)0>::~_Sp_counted_ptr_inplace()
 .text._ZNSt23_Sp_counted_ptr_inplaceI10TetrisTileSaIS0_ELN9__gnu_cxx12_Lock_policyE0EE10_M_disposeEv
                0x0000000002004074       0x10 Board.o
                0x0000000002004074                std::_Sp_counted_ptr_inplace<TetrisTile, std::allocator<TetrisTile>, (__gnu_cxx::_Lock_policy)0>::_M_dispose()
 .text._ZNSt23_Sp_counted_ptr_inplaceI10TetrisTileSaIS0_ELN9__gnu_cxx12_Lock_policyE0EED0Ev
                0x0000000002004084       0x18 Board.o
                0x0000000002004084                std::_Sp_counted_ptr_inplace<TetrisTile, std::allocator<TetrisTile>, (__gnu_cxx::_Lock_policy)0>::~_Sp_counted_ptr_inplace()
 .text._ZNSt23_Sp_counted_ptr_inplaceI10TetrisTileSaIS0_ELN9__gnu_cxx12_Lock_policyE0EE10_M_destroyEv
                0x000000000200409c        0x8 Board.o
                0x000000000200409c                std::_Sp_counted_ptr_inplace<TetrisTile, std::allocator<TetrisTile>, (__gnu_cxx::_Lock_policy)0>::_M_destroy()
 .text._ZNSt23_Sp_counted_ptr_inplaceI10TetrisTileSaIS0_ELN9__gnu_cxx12_Lock_policyE0EE14_M_get_deleterERKSt9type_info
                0x00000000020040a4       0x30 Board.o
                0x00000000020040a4                std::_Sp_counted_ptr_inplace<TetrisTile, std::allocator<TetrisTile>, (__gnu_cxx::_Lock_policy)0>::_M_get_deleter(std::type_info const&)
 .text._ZNSt13random_deviceC2Ev
                0x00000000020040d4       0x70 Board.o
                0x00000000020040d4                std::random_device::random_device()
                0x00000000020040d4                std::random_device::random_device()
 .text._ZNSt6vectorISt10shared_ptrI10TetrisTileESaIS2_EE17_M_realloc_insertIJS2_EEEvN9__gnu_cxx17__normal_iteratorIPS2_S4_EEDpOT_
                0x0000000002004144      0x234 Board.o
                0x0000000002004144                void std::vector<std::shared_ptr<TetrisTile>, std::allocator<std::shared_ptr<TetrisTile> > >::_M_realloc_insert<std::shared_ptr<TetrisTile> >(__gnu_cxx::__normal_iterator<std::shared_ptr<TetrisTile>*, std::vector<std::shared_ptr<TetrisTile>, std::allocator<std::shared_ptr<TetrisTile> > > >, std::shared_ptr<TetrisTile>&&)
 .text._ZNSt23mersenne_twister_engineIjLj32ELj624ELj397ELj31ELj2567483615ELj11ELj4294967295ELj7ELj2636928640ELj15ELj4022730752ELj18ELj1812433253EE11_M_gen_randEv
                0x0000000002004378       0xc0 Board.o
                0x0000000002004378                std::mersenne_twister_engine<unsigned int, 32u, 624u, 397u, 31u, 2567483615u, 11u, 4294967295u, 7u, 2636928640u, 15u, 4022730752u, 18u, 1812433253u>::_M_gen_rand()
 .text.startup  0x0000000002004438       0x64 Board.o
 .text.startup  0x000000000200449c      0x150 main.o
                0x000000000200449c                main
 .text._ZNSt6vectorIiSaIiEED2Ev
                0x00000000020045ec       0x28 Square.o
                0x00000000020045ec                std::vector<int, std::allocator<int> >::~vector()
                0x00000000020045ec                std::vector<int, std::allocator<int> >::~vector()
 .text._ZNSt6vectorIiSaIiEE17_M_realloc_insertIJRKiEEEvN9__gnu_cxx17__normal_iteratorIPiS1_EEDpOT_
                0x0000000002004614      0x124 Square.o
                0x0000000002004614                void std::vector<int, std::allocator<int> >::_M_realloc_insert<int const&>(__gnu_cxx::__normal_iterator<int*, std::vector<int, std::allocator<int> > >, int const&)
 .text.startup  0x0000000002004738       0x5c Square.o
 .text._ZNSt6vectorISt10unique_ptrI6SquareSt14default_deleteIS1_EESaIS4_EE17_M_realloc_insertIJS4_EEEvN9__gnu_cxx17__normal_iteratorIPS4_S6_EEDpOT_
                0x0000000002004794      0x188 TetrisTile.o
                0x0000000002004794                void std::vector<std::unique_ptr<Square, std::default_delete<Square> >, std::allocator<std::unique_ptr<Square, std::default_delete<Square> > > >::_M_realloc_insert<std::unique_ptr<Square, std::default_delete<Square> > >(__gnu_cxx::__normal_iterator<std::unique_ptr<Square, std::default_delete<Square> >*, std::vector<std::unique_ptr<Square, std::default_delete<Square> >, std::allocator<std::unique_ptr<Square, std::default_delete<Square> > > > >, std::unique_ptr<Square, std::default_delete<Square> >&&)
 .text._ZNSt6vectorISt4pairIiiESaIS1_EE17_M_realloc_insertIJS1_EEEvN9__gnu_cxx17__normal_iteratorIPS1_S3_EEDpOT_
                0x000000000200491c      0x118 TetrisTile.o
                0x000000000200491c                void std::vector<std::pair<int, int>, std::allocator<std::pair<int, int> > >::_M_realloc_insert<std::pair<int, int> >(__gnu_cxx::__normal_iterator<std::pair<int, int>*, std::vector<std::pair<int, int>, std::allocator<std::pair<int, int> > > >, std::pair<int, int>&&)
 .text.checkIfText
                0x0000000002004a34       0x5c C:/devkitPro/libnds/lib\libnds9.a(background.o)
                0x0000000002004a34                checkIfText
 .text.bgUpdate
                0x0000000002004a90       0xf4 C:/devkitPro/libnds/lib\libnds9.a(background.o)
                0x0000000002004a90                bgUpdate
 .text.bgInit_call
                0x0000000002004b84       0xc4 C:/devkitPro/libnds/lib\libnds9.a(background.o)
                0x0000000002004b84                bgInit_call
 .text.bgInitSub_call
                0x0000000002004c48       0xcc C:/devkitPro/libnds/lib\libnds9.a(background.o)
                0x0000000002004c48                bgInitSub_call
 .text.__sassert
                0x0000000002004d14       0x38 C:/devkitPro/libnds/lib\libnds9.a(sassert.o)
                0x0000000002004d14                __sassert
 .text.oamAllocReset
                0x0000000002004d4c       0x1c C:/devkitPro/libnds/lib\libnds9.a(sprite_alloc.o)
                0x0000000002004d4c                oamAllocReset
 .text.oamAllocateGfx
                0x0000000002004d68      0x510 C:/devkitPro/libnds/lib\libnds9.a(sprite_alloc.o)
                0x0000000002004d68                oamAllocateGfx
 .text.oamFreeGfx
                0x0000000002005278      0x438 C:/devkitPro/libnds/lib\libnds9.a(sprite_alloc.o)
                0x0000000002005278                oamFreeGfx
 .text.newRow   0x00000000020056b0       0xb0 C:/devkitPro/libnds/lib\libnds9.a(console.o)
 .text.consolePrintChar
                0x0000000002005760       0xec C:/devkitPro/libnds/lib\libnds9.a(console.o)
                0x0000000002005760                consolePrintChar
 .text.con_write
                0x000000000200584c      0x374 C:/devkitPro/libnds/lib\libnds9.a(console.o)
                0x000000000200584c                con_write
 .text.consoleLoadFont
                0x0000000002005bc0      0x2a8 C:/devkitPro/libnds/lib\libnds9.a(console.o)
                0x0000000002005bc0                consoleLoadFont
 .text.consoleInit
                0x0000000002005e68      0x194 C:/devkitPro/libnds/lib\libnds9.a(console.o)
                0x0000000002005e68                consoleInit
 .text.consoleDemoInit
                0x0000000002005ffc       0x40 C:/devkitPro/libnds/lib\libnds9.a(console.o)
                0x0000000002005ffc                consoleDemoInit
 .text.sinLutLookup
                0x000000000200603c       0x38 C:/devkitPro/libnds/lib\libnds9.a(trig.o)
                0x000000000200603c                sinLutLookup
 .text.sinLerp  0x0000000002006074       0x40 C:/devkitPro/libnds/lib\libnds9.a(trig.o)
                0x0000000002006074                sinLerp
 .text.cosLerp  0x00000000020060b4       0x4c C:/devkitPro/libnds/lib\libnds9.a(trig.o)
                0x00000000020060b4                cosLerp
 .text.oamInit  0x0000000002006100      0x118 C:/devkitPro/libnds/lib\libnds9.a(sprite.o)
                0x0000000002006100                oamInit
 .text.oamGetGfxPtr
                0x0000000002006218       0x38 C:/devkitPro/libnds/lib\libnds9.a(sprite.o)
                0x0000000002006218                oamGetGfxPtr
 .text.oamGfxPtrToOffset
                0x0000000002006250       0x34 C:/devkitPro/libnds/lib\libnds9.a(sprite.o)
                0x0000000002006250                oamGfxPtrToOffset
 .text.oamSet   0x0000000002006284      0x11c C:/devkitPro/libnds/lib\libnds9.a(sprite.o)
                0x0000000002006284                oamSet
 .text.oamUpdate
                0x00000000020063a0       0x60 C:/devkitPro/libnds/lib\libnds9.a(sprite.o)
                0x00000000020063a0                oamUpdate
 .text.scanKeys
                0x0000000002006400       0x8c C:/devkitPro/libnds/lib\libnds9.a(keys.o)
                0x0000000002006400                scanKeys
 .text.keysHeld
                0x000000000200648c        0xc C:/devkitPro/libnds/lib\libnds9.a(keys.o)
                0x000000000200648c                keysHeld
 .text.keysDown
                0x0000000002006498       0x14 C:/devkitPro/libnds/lib\libnds9.a(keys.o)
                0x0000000002006498                keysDown
 .text.initSystem
                0x00000000020064ac      0x198 C:/devkitPro/libnds/lib\libnds9.a(initSystem.o)
                0x00000000020064ac                initSystem
 .text.__libnds_gtod
                0x0000000002006644       0x28 C:/devkitPro/libnds/lib\libnds9.a(timeSupport.o)
                0x0000000002006644                __libnds_gtod
 .text.timerStart
                0x000000000200666c       0x40 C:/devkitPro/libnds/lib\libnds9.a(timers.o)
                0x000000000200666c                timerStart
 .text.irqDummy
                0x00000000020066ac        0x4 C:/devkitPro/libnds/lib\libnds9.a(interrupts.o)
                0x00000000020066ac                irqDummy
 .text.irqSet   0x00000000020066b0       0x6c C:/devkitPro/libnds/lib\libnds9.a(interrupts.o)
                0x00000000020066b0                irqSet
 .text.irqInit  0x000000000200671c       0x50 C:/devkitPro/libnds/lib\libnds9.a(interrupts.o)
                0x000000000200671c                irqInit
 .text.irqEnable
                0x000000000200676c       0x64 C:/devkitPro/libnds/lib\libnds9.a(interrupts.o)
                0x000000000200676c                irqEnable
 .text.systemErrorExit
                0x00000000020067d0        0x4 C:/devkitPro/libnds/lib\libnds9.a(libnds_exit.arm.o)
                0x00000000020067d0                systemErrorExit
 .text.__libnds_exit
                0x00000000020067d4       0x5c C:/devkitPro/libnds/lib\libnds9.a(libnds_exit.arm.o)
                0x00000000020067d4                __libnds_exit
 .text.fifo_queueBlock
                0x0000000002006830       0x44 C:/devkitPro/libnds/lib\libnds9.a(fifosystem.o)
 .text.fifo_waitBlock
                0x0000000002006874       0x80 C:/devkitPro/libnds/lib\libnds9.a(fifosystem.o)
 .text.fifoInternalSend.part.0
                0x00000000020068f4       0xd4 C:/devkitPro/libnds/lib\libnds9.a(fifosystem.o)
 .text.fifoInternalSendInterrupt
                0x00000000020069c8       0xa8 C:/devkitPro/libnds/lib\libnds9.a(fifosystem.o)
 .text.fifoSetValue32Handler
                0x0000000002006a70       0xd8 C:/devkitPro/libnds/lib\libnds9.a(fifosystem.o)
                0x0000000002006a70                fifoSetValue32Handler
 .text.fifoSendValue32
                0x0000000002006b48       0x4c C:/devkitPro/libnds/lib\libnds9.a(fifosystem.o)
                0x0000000002006b48                fifoSendValue32
 .text.fifoGetDatamsg
                0x0000000002006b94       0xf4 C:/devkitPro/libnds/lib\libnds9.a(fifosystem.o)
                0x0000000002006b94                fifoGetDatamsg
 .text.fifoInternalRecvInterrupt
                0x0000000002006c88      0x380 C:/devkitPro/libnds/lib\libnds9.a(fifosystem.o)
 .text.fifoSetDatamsgHandler
                0x0000000002007008       0x9c C:/devkitPro/libnds/lib\libnds9.a(fifosystem.o)
                0x0000000002007008                fifoSetDatamsgHandler
 .text.fifoInit
                0x00000000020070a4       0xf8 C:/devkitPro/libnds/lib\libnds9.a(fifosystem.o)
                0x00000000020070a4                fifoInit
 .text.DC_FlushRange
                0x000000000200719c       0x24 C:/devkitPro/libnds/lib\libnds9.a(dcache.o)
                0x000000000200719c                DC_FlushRange
 .text.__libnds_mpu_setup
                0x00000000020071c0      0x174 C:/devkitPro/libnds/lib\libnds9.a(mpu_setup.o)
                0x00000000020071c0                __libnds_mpu_setup
 .text.memUncached
                0x0000000002007334       0x20 C:/devkitPro/libnds/lib\libnds9.a(mpu_setup.o)
                0x0000000002007334                memUncached
 .text.swiWaitForVBlank
                0x0000000002007354        0x8 C:/devkitPro/libnds/lib\libnds9.a(IntrWait.o)
                0x0000000002007354                swiWaitForVBlank
 .text.swiIntrWait
                0x000000000200735c       0x70 C:/devkitPro/libnds/lib\libnds9.a(IntrWait.o)
                0x000000000200735c                swiIntrWait
 .text.setCpuClock
                0x00000000020073cc       0x50 C:/devkitPro/libnds/lib\libnds9.a(cpu_clock.o)
                0x00000000020073cc                setCpuClock
 .text.swiSoftReset
                0x000000000200741c       0x2c C:/devkitPro/libnds/lib\libnds9.a(swiSoftReset.o)
                0x000000000200741c                swiSoftReset
 .text.vramDefault
                0x0000000002007448       0xd0 C:/devkitPro/libnds/lib\libnds9.a(video.o)
                0x0000000002007448                vramDefault
 .text.systemValueHandler
                0x0000000002007518       0x48 C:/devkitPro/libnds/lib\libnds9.a(system.o)
                0x0000000002007518                systemValueHandler
 .text.systemMsgHandler
                0x0000000002007560       0x60 C:/devkitPro/libnds/lib\libnds9.a(system.o)
                0x0000000002007560                systemMsgHandler
 .text.powerOn  0x00000000020075c0       0x2c C:/devkitPro/libnds/lib\libnds9.a(system.o)
                0x00000000020075c0                powerOn
 .text.swiDelay
                0x00000000020075ec        0x4 C:/devkitPro/libnds/lib\libnds9.a(biosCalls.o)
                0x00000000020075ec                swiDelay
 .text.__aeabi_atexit
                0x00000000020075f0       0x1c c:/devkitpro/devkitarm/bin/../lib/gcc/arm-none-eabi/10.1.0/../../../../arm-none-eabi/lib\libstdc++.a(atexit_arm.o)
                0x00000000020075f0                __aeabi_atexit
 .text._ZdlPvj  0x000000000200760c       0x10 c:/devkitpro/devkitarm/bin/../lib/gcc/arm-none-eabi/10.1.0/../../../../arm-none-eabi/lib\libstdc++.a(del_ops.o)
                0x000000000200760c                operator delete(void*, unsigned int)
 .text._Znwj    0x000000000200761c       0x68 c:/devkitpro/devkitarm/bin/../lib/gcc/arm-none-eabi/10.1.0/../../../../arm-none-eabi/lib\libstdc++.a(new_op.o)
                0x000000000200761c                operator new(unsigned int)
 .text.unlikely._ZSt17__throw_bad_allocv
                0x0000000002007684       0x2c c:/devkitpro/devkitarm/bin/../lib/gcc/arm-none-eabi/10.1.0/../../../../arm-none-eabi/lib\libstdc++.a(functexcept.o)
                0x0000000002007684                std::__throw_bad_alloc()
 .text.unlikely._ZSt19__throw_logic_errorPKc
                0x00000000020076b0       0x40 c:/devkitpro/devkitarm/bin/../lib/gcc/arm-none-eabi/10.1.0/../../../../arm-none-eabi/lib\libstdc++.a(functexcept.o)
                0x00000000020076b0                std::__throw_logic_error(char const*)
 .text.unlikely._ZSt20__throw_length_errorPKc
                0x00000000020076f0       0x40 c:/devkitpro/devkitarm/bin/../lib/gcc/arm-none-eabi/10.1.0/../../../../arm-none-eabi/lib\libstdc++.a(functexcept.o)
                0x00000000020076f0                std::__throw_length_error(char const*)
 .text.unlikely._ZSt21__throw_runtime_errorPKc
                0x0000000002007730       0x40 c:/devkitpro/devkitarm/bin/../lib/gcc/arm-none-eabi/10.1.0/../../../../arm-none-eabi/lib\libstdc++.a(functexcept.o)
                0x0000000002007730                std::__throw_runtime_error(char const*)
 .text._ZNSt23mersenne_twister_engineIjLj32ELj624ELj397ELj31ELj2567483615ELj11ELj4294967295ELj7ELj2636928640ELj15ELj4022730752ELj18ELj1812433253EE4seedEj
                0x0000000002007770       0x34 c:/devkitpro/devkitarm/bin/../lib/gcc/arm-none-eabi/10.1.0/../../../../arm-none-eabi/lib\libstdc++.a(random.o)
                0x0000000002007770                std::mersenne_twister_engine<unsigned int, 32u, 624u, 397u, 31u, 2567483615u, 11u, 4294967295u, 7u, 2636928640u, 15u, 4022730752u, 18u, 1812433253u>::seed(unsigned int)
 .text._ZNSt13random_device14_M_init_pretr1ERKNSt7__cxx1112basic_stringIcSt11char_traitsIcESaIcEEE
                0x00000000020077a4       0x9c c:/devkitpro/devkitarm/bin/../lib/gcc/arm-none-eabi/10.1.0/../../../../arm-none-eabi/lib\libstdc++.a(random.o)
                0x00000000020077a4                std::random_device::_M_init_pretr1(std::__cxx11::basic_string<char, std::char_traits<char>, std::allocator<char> > const&)
 .text._ZNSt13random_device7_M_initERKNSt7__cxx1112basic_stringIcSt11char_traitsIcESaIcEEE
                0x0000000002007840        0x4 c:/devkitpro/devkitarm/bin/../lib/gcc/arm-none-eabi/10.1.0/../../../../arm-none-eabi/lib\libstdc++.a(random.o)
                0x0000000002007840                std::random_device::_M_init(std::__cxx11::basic_string<char, std::char_traits<char>, std::allocator<char> > const&)
 .text._ZNSt23mersenne_twister_engineIjLj32ELj624ELj397ELj31ELj2567483615ELj11ELj4294967295ELj7ELj2636928640ELj15ELj4022730752ELj18ELj1812433253EEclEv
                0x0000000002007844       0x5c c:/devkitpro/devkitarm/bin/../lib/gcc/arm-none-eabi/10.1.0/../../../../arm-none-eabi/lib\libstdc++.a(random.o)
                0x0000000002007844                std::mersenne_twister_engine<unsigned int, 32u, 624u, 397u, 31u, 2567483615u, 11u, 4294967295u, 7u, 2636928640u, 15u, 4022730752u, 18u, 1812433253u>::operator()()
 .text._ZNSt13random_device9_M_getvalEv
                0x00000000020078a0       0x10 c:/devkitpro/devkitarm/bin/../lib/gcc/arm-none-eabi/10.1.0/../../../../arm-none-eabi/lib\libstdc++.a(random.o)
                0x00000000020078a0                std::random_device::_M_getval()
 .text._ZNSt19_Sp_make_shared_tag5_S_eqERKSt9type_info
                0x00000000020078b0       0x18 c:/devkitpro/devkitarm/bin/../lib/gcc/arm-none-eabi/10.1.0/../../../../arm-none-eabi/lib\libstdc++.a(shared_ptr.o)
                0x00000000020078b0                std::_Sp_make_shared_tag::_S_eq(std::type_info const&)
 .text._ZNKSt7__cxx1112basic_stringIcSt11char_traitsIcESaIcEE7compareEPKc
                0x00000000020078c8       0x50 c:/devkitpro/devkitarm/bin/../lib/gcc/arm-none-eabi/10.1.0/../../../../arm-none-eabi/lib\libstdc++.a(string-inst.o)
                0x00000000020078c8                std::__cxx11::basic_string<char, std::char_traits<char>, std::allocator<char> >::compare(char const*) const
 .text._ZNKSt9bad_alloc4whatEv
                0x0000000002007918        0xc c:/devkitpro/devkitarm/bin/../lib/gcc/arm-none-eabi/10.1.0/../../../../arm-none-eabi/lib\libstdc++.a(bad_alloc.o)
                0x0000000002007918                std::bad_alloc::what() const
 .text._ZNSt9bad_allocD2Ev
                0x0000000002007924       0x24 c:/devkitpro/devkitarm/bin/../lib/gcc/arm-none-eabi/10.1.0/../../../../arm-none-eabi/lib\libstdc++.a(bad_alloc.o)
                0x0000000002007924                std::bad_alloc::~bad_alloc()
                0x0000000002007924                std::bad_alloc::~bad_alloc()
 .text._ZNSt9bad_allocD0Ev
                0x0000000002007948       0x30 c:/devkitpro/devkitarm/bin/../lib/gcc/arm-none-eabi/10.1.0/../../../../arm-none-eabi/lib\libstdc++.a(bad_alloc.o)
                0x0000000002007948                std::bad_alloc::~bad_alloc()
 .text._ZNK10__cxxabiv117__class_type_info11__do_upcastEPKS0_PPv
                0x0000000002007978       0x64 c:/devkitpro/devkitarm/bin/../lib/gcc/arm-none-eabi/10.1.0/../../../../arm-none-eabi/lib\libstdc++.a(class_type_info.o)
                0x0000000002007978                __cxxabiv1::__class_type_info::__do_upcast(__cxxabiv1::__class_type_info const*, void**) const
 .text._ZNK10__cxxabiv117__class_type_info20__do_find_public_srcEiPKvPKS0_S2_
                0x00000000020079dc       0x14 c:/devkitpro/devkitarm/bin/../lib/gcc/arm-none-eabi/10.1.0/../../../../arm-none-eabi/lib\libstdc++.a(class_type_info.o)
                0x00000000020079dc                __cxxabiv1::__class_type_info::__do_find_public_src(int, void const*, __cxxabiv1::__class_type_info const*, void const*) const
 .text._ZN10__cxxabiv117__class_type_infoD2Ev
                0x00000000020079f0       0x24 c:/devkitpro/devkitarm/bin/../lib/gcc/arm-none-eabi/10.1.0/../../../../arm-none-eabi/lib\libstdc++.a(class_type_info.o)
                0x00000000020079f0                __cxxabiv1::__class_type_info::~__class_type_info()
                0x00000000020079f0                __cxxabiv1::__class_type_info::~__class_type_info()
 .text._ZN10__cxxabiv117__class_type_infoD0Ev
                0x0000000002007a14       0x30 c:/devkitpro/devkitarm/bin/../lib/gcc/arm-none-eabi/10.1.0/../../../../arm-none-eabi/lib\libstdc++.a(class_type_info.o)
                0x0000000002007a14                __cxxabiv1::__class_type_info::~__class_type_info()
 .text._ZNK10__cxxabiv117__class_type_info12__do_dyncastEiNS0_10__sub_kindEPKS0_PKvS3_S5_RNS0_16__dyncast_resultE
                0x0000000002007a44       0x70 c:/devkitpro/devkitarm/bin/../lib/gcc/arm-none-eabi/10.1.0/../../../../arm-none-eabi/lib\libstdc++.a(class_type_info.o)
                0x0000000002007a44                __cxxabiv1::__class_type_info::__do_dyncast(int, __cxxabiv1::__class_type_info::__sub_kind, __cxxabiv1::__class_type_info const*, void const*, __cxxabiv1::__class_type_info const*, void const*, __cxxabiv1::__class_type_info::__dyncast_result&) const
 .text._ZNK10__cxxabiv117__class_type_info11__do_upcastEPKS0_PKvRNS0_15__upcast_resultE
                0x0000000002007ab4       0x30 c:/devkitpro/devkitarm/bin/../lib/gcc/arm-none-eabi/10.1.0/../../../../arm-none-eabi/lib\libstdc++.a(class_type_info.o)
                0x0000000002007ab4                __cxxabiv1::__class_type_info::__do_upcast(__cxxabiv1::__class_type_info const*, void const*, __cxxabiv1::__class_type_info::__upcast_result&) const
 .text._ZNK10__cxxabiv117__class_type_info10__do_catchEPKSt9type_infoPPvj
                0x0000000002007ae4       0x4c c:/devkitpro/devkitarm/bin/../lib/gcc/arm-none-eabi/10.1.0/../../../../arm-none-eabi/lib\libstdc++.a(class_type_info.o)
                0x0000000002007ae4                __cxxabiv1::__class_type_info::__do_catch(std::type_info const*, void**, unsigned int) const
 .text._ZdlPv   0x0000000002007b30       0x10 c:/devkitpro/devkitarm/bin/../lib/gcc/arm-none-eabi/10.1.0/../../../../arm-none-eabi/lib\libstdc++.a(del_op.o)
                0x0000000002007b30                operator delete(void*)
 .text._ZN12_GLOBAL__N_14pool4freeEPv.constprop.0
                0x0000000002007b40       0xdc c:/devkitpro/devkitarm/bin/../lib/gcc/arm-none-eabi/10.1.0/../../../../arm-none-eabi/lib\libstdc++.a(eh_alloc.o)
 .text._ZN12_GLOBAL__N_14pool8allocateEj.constprop.0
                0x0000000002007c1c       0xac c:/devkitpro/devkitarm/bin/../lib/gcc/arm-none-eabi/10.1.0/../../../../arm-none-eabi/lib\libstdc++.a(eh_alloc.o)
 .text.__cxa_allocate_exception
                0x0000000002007cc8       0x48 c:/devkitpro/devkitarm/bin/../lib/gcc/arm-none-eabi/10.1.0/../../../../arm-none-eabi/lib\libstdc++.a(eh_alloc.o)
                0x0000000002007cc8                __cxa_allocate_exception
 .text.__cxa_free_exception
                0x0000000002007d10       0x38 c:/devkitpro/devkitarm/bin/../lib/gcc/arm-none-eabi/10.1.0/../../../../arm-none-eabi/lib\libstdc++.a(eh_alloc.o)
                0x0000000002007d10                __cxa_free_exception
 .text.startup._GLOBAL__sub_I__ZN9__gnu_cxx9__freeresEv
                0x0000000002007d48       0x44 c:/devkitpro/devkitarm/bin/../lib/gcc/arm-none-eabi/10.1.0/../../../../arm-none-eabi/lib\libstdc++.a(eh_alloc.o)
 .text.__cxa_end_cleanup
                0x0000000002007d8c       0x10 c:/devkitpro/devkitarm/bin/../lib/gcc/arm-none-eabi/10.1.0/../../../../arm-none-eabi/lib\libstdc++.a(eh_arm.o)
                0x0000000002007d8c                __cxa_end_cleanup
 .text.__cxa_type_match
                0x0000000002007d9c      0x144 c:/devkitpro/devkitarm/bin/../lib/gcc/arm-none-eabi/10.1.0/../../../../arm-none-eabi/lib\libstdc++.a(eh_arm.o)
                0x0000000002007d9c                __cxa_type_match
 .text.__cxa_begin_cleanup
                0x0000000002007ee0       0xbc c:/devkitpro/devkitarm/bin/../lib/gcc/arm-none-eabi/10.1.0/../../../../arm-none-eabi/lib\libstdc++.a(eh_arm.o)
                0x0000000002007ee0                __cxa_begin_cleanup
 .text.__gnu_end_cleanup
                0x0000000002007f9c       0xbc c:/devkitpro/devkitarm/bin/../lib/gcc/arm-none-eabi/10.1.0/../../../../arm-none-eabi/lib\libstdc++.a(eh_arm.o)
                0x0000000002007f9c                __gnu_end_cleanup
 .text.__cxa_begin_catch
                0x0000000002008058       0xd4 c:/devkitpro/devkitarm/bin/../lib/gcc/arm-none-eabi/10.1.0/../../../../arm-none-eabi/lib\libstdc++.a(eh_catch.o)
                0x0000000002008058                __cxa_begin_catch
 .text.__cxa_end_catch
                0x000000000200812c       0xe0 c:/devkitpro/devkitarm/bin/../lib/gcc/arm-none-eabi/10.1.0/../../../../arm-none-eabi/lib\libstdc++.a(eh_catch.o)
                0x000000000200812c                __cxa_end_catch
 .text._ZNSt9exceptionD2Ev
                0x000000000200820c        0x4 c:/devkitpro/devkitarm/bin/../lib/gcc/arm-none-eabi/10.1.0/../../../../arm-none-eabi/lib\libstdc++.a(eh_exception.o)
                0x000000000200820c                std::exception::~exception()
                0x000000000200820c                std::exception::~exception()
 .text._ZNSt13bad_exceptionD2Ev
                0x0000000002008210        0x4 c:/devkitpro/devkitarm/bin/../lib/gcc/arm-none-eabi/10.1.0/../../../../arm-none-eabi/lib\libstdc++.a(eh_exception.o)
                0x0000000002008210                std::bad_exception::~bad_exception()
                0x0000000002008210                std::bad_exception::~bad_exception()
 .text._ZNKSt13bad_exception4whatEv
                0x0000000002008214        0xc c:/devkitpro/devkitarm/bin/../lib/gcc/arm-none-eabi/10.1.0/../../../../arm-none-eabi/lib\libstdc++.a(eh_exception.o)
                0x0000000002008214                std::bad_exception::what() const
                0x0000000002008214                transaction clone for std::bad_exception::what() const
 .text._ZNSt13bad_exceptionD0Ev
                0x0000000002008220       0x1c c:/devkitpro/devkitarm/bin/../lib/gcc/arm-none-eabi/10.1.0/../../../../arm-none-eabi/lib\libstdc++.a(eh_exception.o)
                0x0000000002008220                std::bad_exception::~bad_exception()
 .text.__cxa_get_globals_fast
                0x000000000200823c        0xc c:/devkitpro/devkitarm/bin/../lib/gcc/arm-none-eabi/10.1.0/../../../../arm-none-eabi/lib\libstdc++.a(eh_globals.o)
                0x000000000200823c                __cxa_get_globals_fast
 .text.__cxa_get_globals
                0x0000000002008248        0xc c:/devkitpro/devkitarm/bin/../lib/gcc/arm-none-eabi/10.1.0/../../../../arm-none-eabi/lib\libstdc++.a(eh_globals.o)
                0x0000000002008248                __cxa_get_globals
 .text._ZL28read_encoded_value_with_basehjPKhPj
                0x0000000002008254      0x174 c:/devkitpro/devkitarm/bin/../lib/gcc/arm-none-eabi/10.1.0/../../../../arm-none-eabi/lib\libstdc++.a(eh_personality.o)
 .text._ZL21base_of_encoded_valuehP15_Unwind_Context
                0x00000000020083c8       0x80 c:/devkitpro/devkitarm/bin/../lib/gcc/arm-none-eabi/10.1.0/../../../../arm-none-eabi/lib\libstdc++.a(eh_personality.o)
 .text._ZL17parse_lsda_headerP15_Unwind_ContextPKhP16lsda_header_info
                0x0000000002008448       0xd8 c:/devkitpro/devkitarm/bin/../lib/gcc/arm-none-eabi/10.1.0/../../../../arm-none-eabi/lib\libstdc++.a(eh_personality.o)
 .text.__gxx_personality_v0
                0x0000000002008520      0x6fc c:/devkitpro/devkitarm/bin/../lib/gcc/arm-none-eabi/10.1.0/../../../../arm-none-eabi/lib\libstdc++.a(eh_personality.o)
                0x0000000002008520                __gxx_personality_v0
 .text._ZN10__cxxabiv111__terminateEPFvvE
                0x0000000002008c1c       0x34 c:/devkitpro/devkitarm/bin/../lib/gcc/arm-none-eabi/10.1.0/../../../../arm-none-eabi/lib\libstdc++.a(eh_terminate.o)
                0x0000000002008c1c                __cxxabiv1::__terminate(void (*)())
 .text._ZSt9terminatev
                0x0000000002008c50       0x14 c:/devkitpro/devkitarm/bin/../lib/gcc/arm-none-eabi/10.1.0/../../../../arm-none-eabi/lib\libstdc++.a(eh_terminate.o)
                0x0000000002008c50                std::terminate()
 .text._ZN10__cxxabiv112__unexpectedEPFvvE
                0x0000000002008c64       0x10 c:/devkitpro/devkitarm/bin/../lib/gcc/arm-none-eabi/10.1.0/../../../../arm-none-eabi/lib\libstdc++.a(eh_terminate.o)
                0x0000000002008c64                __cxxabiv1::__unexpected(void (*)())
 .text._ZSt10unexpectedv
                0x0000000002008c74       0x14 c:/devkitpro/devkitarm/bin/../lib/gcc/arm-none-eabi/10.1.0/../../../../arm-none-eabi/lib\libstdc++.a(eh_terminate.o)
                0x0000000002008c74                std::unexpected()
 .text._ZSt13get_terminatev
                0x0000000002008c88       0x10 c:/devkitpro/devkitarm/bin/../lib/gcc/arm-none-eabi/10.1.0/../../../../arm-none-eabi/lib\libstdc++.a(eh_terminate.o)
                0x0000000002008c88                std::get_terminate()
 .text._ZSt14get_unexpectedv
                0x0000000002008c98       0x10 c:/devkitpro/devkitarm/bin/../lib/gcc/arm-none-eabi/10.1.0/../../../../arm-none-eabi/lib\libstdc++.a(eh_terminate.o)
                0x0000000002008c98                std::get_unexpected()
 .text._ZL23__gxx_exception_cleanup19_Unwind_Reason_CodeP21_Unwind_Control_Block
                0x0000000002008ca8       0x58 c:/devkitpro/devkitarm/bin/../lib/gcc/arm-none-eabi/10.1.0/../../../../arm-none-eabi/lib\libstdc++.a(eh_throw.o)
 .text.__cxa_init_primary_exception
                0x0000000002008d00       0x74 c:/devkitpro/devkitarm/bin/../lib/gcc/arm-none-eabi/10.1.0/../../../../arm-none-eabi/lib\libstdc++.a(eh_throw.o)
                0x0000000002008d00                __cxa_init_primary_exception
 .text.__cxa_throw
                0x0000000002008d74       0x54 c:/devkitpro/devkitarm/bin/../lib/gcc/arm-none-eabi/10.1.0/../../../../arm-none-eabi/lib\libstdc++.a(eh_throw.o)
                0x0000000002008d74                __cxa_throw
 .text.__cxa_rethrow
                0x0000000002008dc8       0xb0 c:/devkitpro/devkitarm/bin/../lib/gcc/arm-none-eabi/10.1.0/../../../../arm-none-eabi/lib\libstdc++.a(eh_throw.o)
                0x0000000002008dc8                __cxa_rethrow
 .text._ZSt15get_new_handlerv
                0x0000000002008e78       0x10 c:/devkitpro/devkitarm/bin/../lib/gcc/arm-none-eabi/10.1.0/../../../../arm-none-eabi/lib\libstdc++.a(new_handler.o)
                0x0000000002008e78                std::get_new_handler()
 .text._ZN10__cxxabiv120__si_class_type_infoD2Ev
                0x0000000002008e88       0x24 c:/devkitpro/devkitarm/bin/../lib/gcc/arm-none-eabi/10.1.0/../../../../arm-none-eabi/lib\libstdc++.a(si_class_type_info.o)
                0x0000000002008e88                __cxxabiv1::__si_class_type_info::~__si_class_type_info()
                0x0000000002008e88                __cxxabiv1::__si_class_type_info::~__si_class_type_info()
 .text._ZN10__cxxabiv120__si_class_type_infoD0Ev
                0x0000000002008eac       0x30 c:/devkitpro/devkitarm/bin/../lib/gcc/arm-none-eabi/10.1.0/../../../../arm-none-eabi/lib\libstdc++.a(si_class_type_info.o)
                0x0000000002008eac                __cxxabiv1::__si_class_type_info::~__si_class_type_info()
 .text._ZNK10__cxxabiv120__si_class_type_info20__do_find_public_srcEiPKvPKNS_17__class_type_infoES2_
                0x0000000002008edc       0x70 c:/devkitpro/devkitarm/bin/../lib/gcc/arm-none-eabi/10.1.0/../../../../arm-none-eabi/lib\libstdc++.a(si_class_type_info.o)
                0x0000000002008edc                __cxxabiv1::__si_class_type_info::__do_find_public_src(int, void const*, __cxxabiv1::__class_type_info const*, void const*) const
 .text._ZNK10__cxxabiv120__si_class_type_info12__do_dyncastEiNS_17__class_type_info10__sub_kindEPKS1_PKvS4_S6_RNS1_16__dyncast_resultE
                0x0000000002008f4c       0xe4 c:/devkitpro/devkitarm/bin/../lib/gcc/arm-none-eabi/10.1.0/../../../../arm-none-eabi/lib\libstdc++.a(si_class_type_info.o)
                0x0000000002008f4c                __cxxabiv1::__si_class_type_info::__do_dyncast(int, __cxxabiv1::__class_type_info::__sub_kind, __cxxabiv1::__class_type_info const*, void const*, __cxxabiv1::__class_type_info const*, void const*, __cxxabiv1::__class_type_info::__dyncast_result&) const
 .text._ZNK10__cxxabiv120__si_class_type_info11__do_upcastEPKNS_17__class_type_infoEPKvRNS1_15__upcast_resultE
                0x0000000002009030       0x4c c:/devkitpro/devkitarm/bin/../lib/gcc/arm-none-eabi/10.1.0/../../../../arm-none-eabi/lib\libstdc++.a(si_class_type_info.o)
                0x0000000002009030                __cxxabiv1::__si_class_type_info::__do_upcast(__cxxabiv1::__class_type_info const*, void const*, __cxxabiv1::__class_type_info::__upcast_result&) const
 .text._ZNSt9type_infoD2Ev
                0x000000000200907c        0x4 c:/devkitpro/devkitarm/bin/../lib/gcc/arm-none-eabi/10.1.0/../../../../arm-none-eabi/lib\libstdc++.a(tinfo.o)
                0x000000000200907c                std::type_info::~type_info()
                0x000000000200907c                std::type_info::~type_info()
 .text._ZNKSt9type_info14__is_pointer_pEv
                0x0000000002009080        0x8 c:/devkitpro/devkitarm/bin/../lib/gcc/arm-none-eabi/10.1.0/../../../../arm-none-eabi/lib\libstdc++.a(tinfo.o)
                0x0000000002009080                std::type_info::__is_pointer_p() const
                0x0000000002009080                std::type_info::__is_function_p() const
 .text._ZNKSt9type_infoeqERKS_
                0x0000000002009088       0x50 c:/devkitpro/devkitarm/bin/../lib/gcc/arm-none-eabi/10.1.0/../../../../arm-none-eabi/lib\libstdc++.a(tinfo.o)
                0x0000000002009088                std::type_info::operator==(std::type_info const&) const
 .text._ZNKSt11logic_error4whatEv
                0x00000000020090d8        0x8 c:/devkitpro/devkitarm/bin/../lib/gcc/arm-none-eabi/10.1.0/../../../../arm-none-eabi/lib\libstdc++.a(stdexcept.o)
                0x00000000020090d8                std::logic_error::what() const
                0x00000000020090d8                std::runtime_error::what() const
 .text._ZNSt13runtime_errorD2Ev
                0x00000000020090e0       0x68 c:/devkitpro/devkitarm/bin/../lib/gcc/arm-none-eabi/10.1.0/../../../../arm-none-eabi/lib\libstdc++.a(stdexcept.o)
                0x00000000020090e0                std::runtime_error::~runtime_error()
                0x00000000020090e0                std::runtime_error::~runtime_error()
 .text._ZNSt11logic_errorD2Ev
                0x0000000002009148       0x68 c:/devkitpro/devkitarm/bin/../lib/gcc/arm-none-eabi/10.1.0/../../../../arm-none-eabi/lib\libstdc++.a(stdexcept.o)
                0x0000000002009148                std::logic_error::~logic_error()
                0x0000000002009148                std::logic_error::~logic_error()
 .text._ZNSt13runtime_errorD0Ev
                0x00000000020091b0       0x70 c:/devkitpro/devkitarm/bin/../lib/gcc/arm-none-eabi/10.1.0/../../../../arm-none-eabi/lib\libstdc++.a(stdexcept.o)
                0x00000000020091b0                std::runtime_error::~runtime_error()
 .text._ZNSt12length_errorD2Ev
                0x0000000002009220       0x68 c:/devkitpro/devkitarm/bin/../lib/gcc/arm-none-eabi/10.1.0/../../../../arm-none-eabi/lib\libstdc++.a(stdexcept.o)
                0x0000000002009220                std::length_error::~length_error()
                0x0000000002009220                std::length_error::~length_error()
 .text._ZNSt11logic_errorD0Ev
                0x0000000002009288       0x70 c:/devkitpro/devkitarm/bin/../lib/gcc/arm-none-eabi/10.1.0/../../../../arm-none-eabi/lib\libstdc++.a(stdexcept.o)
                0x0000000002009288                std::logic_error::~logic_error()
 .text._ZNSt12length_errorD0Ev
                0x00000000020092f8       0x70 c:/devkitpro/devkitarm/bin/../lib/gcc/arm-none-eabi/10.1.0/../../../../arm-none-eabi/lib\libstdc++.a(stdexcept.o)
                0x00000000020092f8                std::length_error::~length_error()
 .text._ZNSt11logic_errorC2EPKc
                0x0000000002009368       0x3c c:/devkitpro/devkitarm/bin/../lib/gcc/arm-none-eabi/10.1.0/../../../../arm-none-eabi/lib\libstdc++.a(cow-stdexcept.o)
                0x0000000002009368                std::logic_error::logic_error(char const*)
                0x0000000002009368                std::logic_error::logic_error(char const*)
 .text._ZNSt12length_errorC2EPKc
                0x00000000020093a4       0x48 c:/devkitpro/devkitarm/bin/../lib/gcc/arm-none-eabi/10.1.0/../../../../arm-none-eabi/lib\libstdc++.a(cow-stdexcept.o)
                0x00000000020093a4                std::length_error::length_error(char const*)
                0x00000000020093a4                std::length_error::length_error(char const*)
 .text._ZNSt13runtime_errorC2EPKc
                0x00000000020093ec       0x3c c:/devkitpro/devkitarm/bin/../lib/gcc/arm-none-eabi/10.1.0/../../../../arm-none-eabi/lib\libstdc++.a(cow-stdexcept.o)
                0x00000000020093ec                std::runtime_error::runtime_error(char const*)
                0x00000000020093ec                std::runtime_error::runtime_error(char const*)
 .text._ZNSs4_Rep9_S_createEjjRKSaIcE
                0x0000000002009428       0x8c c:/devkitpro/devkitarm/bin/../lib/gcc/arm-none-eabi/10.1.0/../../../../arm-none-eabi/lib\libstdc++.a(cow-string-inst.o)
                0x0000000002009428                std::string::_Rep::_S_create(unsigned int, unsigned int, std::allocator<char> const&)
 .text._ZNSs4_Rep10_M_destroyERKSaIcE
                0x00000000020094b4       0x10 c:/devkitpro/devkitarm/bin/../lib/gcc/arm-none-eabi/10.1.0/../../../../arm-none-eabi/lib\libstdc++.a(cow-string-inst.o)
                0x00000000020094b4                std::string::_Rep::_M_destroy(std::allocator<char> const&)
 .text._ZNSs12_S_constructIPKcEEPcT_S3_RKSaIcESt20forward_iterator_tag
                0x00000000020094c4       0xa8 c:/devkitpro/devkitarm/bin/../lib/gcc/arm-none-eabi/10.1.0/../../../../arm-none-eabi/lib\libstdc++.a(cow-string-inst.o)
                0x00000000020094c4                char* std::string::_S_construct<char const*>(char const*, char const*, std::allocator<char> const&, std::forward_iterator_tag)
 .text._ZNSsC2EPKcRKSaIcE
                0x000000000200956c       0x48 c:/devkitpro/devkitarm/bin/../lib/gcc/arm-none-eabi/10.1.0/../../../../arm-none-eabi/lib\libstdc++.a(cow-string-inst.o)
                0x000000000200956c                std::basic_string<char, std::char_traits<char>, std::allocator<char> >::basic_string(char const*, std::allocator<char> const&)
                0x000000000200956c                std::basic_string<char, std::char_traits<char>, std::allocator<char> >::basic_string(char const*, std::allocator<char> const&)
 .text._ZN10__cxxabiv1L24__is_gxx_exception_classEPc
                0x00000000020095b4       0x70 c:/devkitpro/devkitarm/bin/../lib/gcc/arm-none-eabi/10.1.0/../../../../arm-none-eabi/lib\libstdc++.a(eh_call.o)
 .text.__cxa_call_terminate
                0x0000000002009624       0x2c c:/devkitpro/devkitarm/bin/../lib/gcc/arm-none-eabi/10.1.0/../../../../arm-none-eabi/lib\libstdc++.a(eh_call.o)
                0x0000000002009624                __cxa_call_terminate
 .text.unlikely.__cxa_call_unexpected
                0x0000000002009650      0x14c c:/devkitpro/devkitarm/bin/../lib/gcc/arm-none-eabi/10.1.0/../../../../arm-none-eabi/lib\libstdc++.a(eh_call.o)
                0x0000000002009650                __cxa_call_unexpected
 .text.selfrel_offset31
                0x000000000200979c       0x18 c:/devkitpro/devkitarm/bin/../lib/gcc/arm-none-eabi/10.1.0\libgcc.a(unwind-arm.o)
 .text.search_EIT_table
                0x00000000020097b4       0x98 c:/devkitpro/devkitarm/bin/../lib/gcc/arm-none-eabi/10.1.0\libgcc.a(unwind-arm.o)
 .text.__gnu_unwind_get_pr_addr
                0x000000000200984c       0x40 c:/devkitpro/devkitarm/bin/../lib/gcc/arm-none-eabi/10.1.0\libgcc.a(unwind-arm.o)
 .text.get_eit_entry
                0x000000000200988c      0x124 c:/devkitpro/devkitarm/bin/../lib/gcc/arm-none-eabi/10.1.0\libgcc.a(unwind-arm.o)
 .text.restore_non_core_regs
                0x00000000020099b0       0x90 c:/devkitpro/devkitarm/bin/../lib/gcc/arm-none-eabi/10.1.0\libgcc.a(unwind-arm.o)
 .text._Unwind_decode_typeinfo_ptr.constprop.0
                0x0000000002009a40       0x14 c:/devkitpro/devkitarm/bin/../lib/gcc/arm-none-eabi/10.1.0\libgcc.a(unwind-arm.o)
 .text._Unwind_DebugHook
                0x0000000002009a54        0x4 c:/devkitpro/devkitarm/bin/../lib/gcc/arm-none-eabi/10.1.0\libgcc.a(unwind-arm.o)
 .text.unwind_phase2
                0x0000000002009a58       0x68 c:/devkitpro/devkitarm/bin/../lib/gcc/arm-none-eabi/10.1.0\libgcc.a(unwind-arm.o)
 .text.unwind_phase2_forced
                0x0000000002009ac0      0x144 c:/devkitpro/devkitarm/bin/../lib/gcc/arm-none-eabi/10.1.0\libgcc.a(unwind-arm.o)
 .text.__gnu_Unwind_RaiseException
                0x0000000002009c04       0xac c:/devkitpro/devkitarm/bin/../lib/gcc/arm-none-eabi/10.1.0\libgcc.a(unwind-arm.o)
                0x0000000002009c04                __gnu_Unwind_RaiseException
 .text.__gnu_Unwind_ForcedUnwind
                0x0000000002009cb0       0x28 c:/devkitpro/devkitarm/bin/../lib/gcc/arm-none-eabi/10.1.0\libgcc.a(unwind-arm.o)
                0x0000000002009cb0                __gnu_Unwind_ForcedUnwind
 .text.__gnu_Unwind_Resume
                0x0000000002009cd8       0x78 c:/devkitpro/devkitarm/bin/../lib/gcc/arm-none-eabi/10.1.0\libgcc.a(unwind-arm.o)
                0x0000000002009cd8                __gnu_Unwind_Resume
 .text.__gnu_Unwind_Resume_or_Rethrow
                0x0000000002009d50       0x1c c:/devkitpro/devkitarm/bin/../lib/gcc/arm-none-eabi/10.1.0\libgcc.a(unwind-arm.o)
                0x0000000002009d50                __gnu_Unwind_Resume_or_Rethrow
 .text._Unwind_Complete
                0x0000000002009d6c        0x4 c:/devkitpro/devkitarm/bin/../lib/gcc/arm-none-eabi/10.1.0\libgcc.a(unwind-arm.o)
                0x0000000002009d6c                _Unwind_Complete
 .text._Unwind_DeleteException
                0x0000000002009d70       0x18 c:/devkitpro/devkitarm/bin/../lib/gcc/arm-none-eabi/10.1.0\libgcc.a(unwind-arm.o)
                0x0000000002009d70                _Unwind_DeleteException
 .text._Unwind_VRS_Get
                0x0000000002009d88       0x5c c:/devkitpro/devkitarm/bin/../lib/gcc/arm-none-eabi/10.1.0\libgcc.a(unwind-arm.o)
                0x0000000002009d88                _Unwind_VRS_Get
 .text._Unwind_GetGR
                0x0000000002009de4       0x30 c:/devkitpro/devkitarm/bin/../lib/gcc/arm-none-eabi/10.1.0\libgcc.a(unwind-arm.o)
 .text._Unwind_VRS_Set
                0x0000000002009e14       0x5c c:/devkitpro/devkitarm/bin/../lib/gcc/arm-none-eabi/10.1.0\libgcc.a(unwind-arm.o)
                0x0000000002009e14                _Unwind_VRS_Set
 .text._Unwind_SetGR
                0x0000000002009e70       0x30 c:/devkitpro/devkitarm/bin/../lib/gcc/arm-none-eabi/10.1.0\libgcc.a(unwind-arm.o)
 .text.__gnu_Unwind_Backtrace
                0x0000000002009ea0       0xcc c:/devkitpro/devkitarm/bin/../lib/gcc/arm-none-eabi/10.1.0\libgcc.a(unwind-arm.o)
                0x0000000002009ea0                __gnu_Unwind_Backtrace
 .text.__gnu_unwind_pr_common
                0x0000000002009f6c      0x42c c:/devkitpro/devkitarm/bin/../lib/gcc/arm-none-eabi/10.1.0\libgcc.a(unwind-arm.o)
 .text.__aeabi_unwind_cpp_pr0
                0x000000000200a398        0x8 c:/devkitpro/devkitarm/bin/../lib/gcc/arm-none-eabi/10.1.0\libgcc.a(unwind-arm.o)
                0x000000000200a398                __aeabi_unwind_cpp_pr0
 .text.__aeabi_unwind_cpp_pr1
                0x000000000200a3a0        0x8 c:/devkitpro/devkitarm/bin/../lib/gcc/arm-none-eabi/10.1.0\libgcc.a(unwind-arm.o)
                0x000000000200a3a0                __aeabi_unwind_cpp_pr1
 .text.__aeabi_unwind_cpp_pr2
                0x000000000200a3a8        0x8 c:/devkitpro/devkitarm/bin/../lib/gcc/arm-none-eabi/10.1.0\libgcc.a(unwind-arm.o)
                0x000000000200a3a8                __aeabi_unwind_cpp_pr2
 .text._Unwind_VRS_Pop
                0x000000000200a3b0      0x3f4 c:/devkitpro/devkitarm/bin/../lib/gcc/arm-none-eabi/10.1.0\libgcc.a(unwind-arm.o)
                0x000000000200a3b0                _Unwind_VRS_Pop
 .text.next_unwind_byte
                0x000000000200a7a4       0x60 c:/devkitpro/devkitarm/bin/../lib/gcc/arm-none-eabi/10.1.0\libgcc.a(pr-support.o)
 .text._Unwind_GetGR.constprop.0
                0x000000000200a804       0x30 c:/devkitpro/devkitarm/bin/../lib/gcc/arm-none-eabi/10.1.0\libgcc.a(pr-support.o)
 .text.unwind_UCB_from_context
                0x000000000200a834        0x4 c:/devkitpro/devkitarm/bin/../lib/gcc/arm-none-eabi/10.1.0\libgcc.a(pr-support.o)
 .text.__gnu_unwind_execute
                0x000000000200a838      0x41c c:/devkitpro/devkitarm/bin/../lib/gcc/arm-none-eabi/10.1.0\libgcc.a(pr-support.o)
                0x000000000200a838                __gnu_unwind_execute
 .text.__gnu_unwind_frame
                0x000000000200ac54       0x4c c:/devkitpro/devkitarm/bin/../lib/gcc/arm-none-eabi/10.1.0\libgcc.a(pr-support.o)
                0x000000000200ac54                __gnu_unwind_frame
 .text._Unwind_GetRegionStart
                0x000000000200aca0       0x14 c:/devkitpro/devkitarm/bin/../lib/gcc/arm-none-eabi/10.1.0\libgcc.a(pr-support.o)
                0x000000000200aca0                _Unwind_GetRegionStart
 .text._Unwind_GetLanguageSpecificData
                0x000000000200acb4       0x20 c:/devkitpro/devkitarm/bin/../lib/gcc/arm-none-eabi/10.1.0\libgcc.a(pr-support.o)
                0x000000000200acb4                _Unwind_GetLanguageSpecificData
 .text.unlikely._Unwind_GetDataRelBase
                0x000000000200acd4        0x8 c:/devkitpro/devkitarm/bin/../lib/gcc/arm-none-eabi/10.1.0\libgcc.a(pr-support.o)
                0x000000000200acd4                _Unwind_GetDataRelBase
 .text.unlikely._Unwind_GetTextRelBase
                0x000000000200acdc        0x8 c:/devkitpro/devkitarm/bin/../lib/gcc/arm-none-eabi/10.1.0\libgcc.a(pr-support.o)
                0x000000000200acdc                _Unwind_GetTextRelBase
 .text.abort    0x000000000200ace4       0x14 c:/devkitpro/devkitarm/bin/../lib/gcc/arm-none-eabi/10.1.0/../../../../arm-none-eabi/lib\libg.a(lib_a-abort.o)
                0x000000000200ace4                abort
 .text.__cxa_atexit
                0x000000000200acf8       0x28 c:/devkitpro/devkitarm/bin/../lib/gcc/arm-none-eabi/10.1.0/../../../../arm-none-eabi/lib\libg.a(lib_a-cxa_atexit.o)
                0x000000000200acf8                __cxa_atexit
 .text.__libc_init_array
                0x000000000200ad20       0x88 c:/devkitpro/devkitarm/bin/../lib/gcc/arm-none-eabi/10.1.0/../../../../arm-none-eabi/lib\libg.a(lib_a-init.o)
                0x000000000200ad20                __libc_init_array
 .text.iprintf  0x000000000200ada8       0x34 c:/devkitpro/devkitarm/bin/../lib/gcc/arm-none-eabi/10.1.0/../../../../arm-none-eabi/lib\libg.a(lib_a-iprintf.o)
                0x000000000200ada8                iprintf
 .text.malloc   0x000000000200addc       0x1c c:/devkitpro/devkitarm/bin/../lib/gcc/arm-none-eabi/10.1.0/../../../../arm-none-eabi/lib\libg.a(lib_a-malloc.o)
                0x000000000200addc                malloc
 .text.free     0x000000000200adf8       0x1c c:/devkitpro/devkitarm/bin/../lib/gcc/arm-none-eabi/10.1.0/../../../../arm-none-eabi/lib\libg.a(lib_a-malloc.o)
                0x000000000200adf8                free
 .text._malloc_r
                0x000000000200ae14      0x800 c:/devkitpro/devkitarm/bin/../lib/gcc/arm-none-eabi/10.1.0/../../../../arm-none-eabi/lib\libg.a(lib_a-mallocr.o)
                0x000000000200ae14                _malloc_r
 .text.memchr   0x000000000200b614       0xf0 c:/devkitpro/devkitarm/bin/../lib/gcc/arm-none-eabi/10.1.0/../../../../arm-none-eabi/lib\libg.a(lib_a-memchr-stub.o)
                0x000000000200b614                memchr
 .text.memcmp   0x000000000200b704       0xac c:/devkitpro/devkitarm/bin/../lib/gcc/arm-none-eabi/10.1.0/../../../../arm-none-eabi/lib\libg.a(lib_a-memcmp.o)
                0x000000000200b704                memcmp
 .text.memcpy   0x000000000200b7b0      0x120 c:/devkitpro/devkitarm/bin/../lib/gcc/arm-none-eabi/10.1.0/../../../../arm-none-eabi/lib\libg.a(lib_a-memcpy-stub.o)
                0x000000000200b7b0                memcpy
 .text.memmove  0x000000000200b8d0      0x158 c:/devkitpro/devkitarm/bin/../lib/gcc/arm-none-eabi/10.1.0/../../../../arm-none-eabi/lib\libg.a(lib_a-memmove.o)
                0x000000000200b8d0                memmove
 .text.memset   0x000000000200ba28      0x11c c:/devkitpro/devkitarm/bin/../lib/gcc/arm-none-eabi/10.1.0/../../../../arm-none-eabi/lib\libg.a(lib_a-memset.o)
                0x000000000200ba28                memset
 .text.__malloc_lock
                0x000000000200bb44       0x18 c:/devkitpro/devkitarm/bin/../lib/gcc/arm-none-eabi/10.1.0/../../../../arm-none-eabi/lib\libg.a(lib_a-mlock.o)
                0x000000000200bb44                __malloc_lock
 .text.__malloc_unlock
                0x000000000200bb5c       0x18 c:/devkitpro/devkitarm/bin/../lib/gcc/arm-none-eabi/10.1.0/../../../../arm-none-eabi/lib\libg.a(lib_a-mlock.o)
                0x000000000200bb5c                __malloc_unlock
 .text.realloc  0x000000000200bb74       0x24 c:/devkitpro/devkitarm/bin/../lib/gcc/arm-none-eabi/10.1.0/../../../../arm-none-eabi/lib\libg.a(lib_a-realloc.o)
                0x000000000200bb74                realloc
 .text._realloc_r
                0x000000000200bb98      0x5ac c:/devkitpro/devkitarm/bin/../lib/gcc/arm-none-eabi/10.1.0/../../../../arm-none-eabi/lib\libg.a(lib_a-reallocr.o)
                0x000000000200bb98                _realloc_r
 .text.setvbuf  0x000000000200c144      0x268 c:/devkitpro/devkitarm/bin/../lib/gcc/arm-none-eabi/10.1.0/../../../../arm-none-eabi/lib\libg.a(lib_a-setvbuf.o)
                0x000000000200c144                setvbuf
 .text._raise_r
                0x000000000200c3ac       0x98 c:/devkitpro/devkitarm/bin/../lib/gcc/arm-none-eabi/10.1.0/../../../../arm-none-eabi/lib\libg.a(lib_a-signal.o)
                0x000000000200c3ac                _raise_r
 .text.raise    0x000000000200c444       0x18 c:/devkitpro/devkitarm/bin/../lib/gcc/arm-none-eabi/10.1.0/../../../../arm-none-eabi/lib\libg.a(lib_a-signal.o)
                0x000000000200c444                raise
 .text.siscanf  0x000000000200c45c       0x74 c:/devkitpro/devkitarm/bin/../lib/gcc/arm-none-eabi/10.1.0/../../../../arm-none-eabi/lib\libg.a(lib_a-siscanf.o)
                0x000000000200c45c                siscanf
 .text.__sread  0x000000000200c4d0       0x4c c:/devkitpro/devkitarm/bin/../lib/gcc/arm-none-eabi/10.1.0/../../../../arm-none-eabi/lib\libg.a(lib_a-stdio.o)
                0x000000000200c4d0                __sread
 .text.__seofread
                0x000000000200c51c        0x8 c:/devkitpro/devkitarm/bin/../lib/gcc/arm-none-eabi/10.1.0/../../../../arm-none-eabi/lib\libg.a(lib_a-stdio.o)
                0x000000000200c51c                __seofread
 .text.__swrite
                0x000000000200c524       0x6c c:/devkitpro/devkitarm/bin/../lib/gcc/arm-none-eabi/10.1.0/../../../../arm-none-eabi/lib\libg.a(lib_a-stdio.o)
                0x000000000200c524                __swrite
 .text.__sseek  0x000000000200c590       0x4c c:/devkitpro/devkitarm/bin/../lib/gcc/arm-none-eabi/10.1.0/../../../../arm-none-eabi/lib\libg.a(lib_a-stdio.o)
                0x000000000200c590                __sseek
 .text.__sclose
                0x000000000200c5dc       0x14 c:/devkitpro/devkitarm/bin/../lib/gcc/arm-none-eabi/10.1.0/../../../../arm-none-eabi/lib\libg.a(lib_a-stdio.o)
                0x000000000200c5dc                __sclose
 .text.strlen   0x000000000200c5f0       0x60 c:/devkitpro/devkitarm/bin/../lib/gcc/arm-none-eabi/10.1.0/../../../../arm-none-eabi/lib\libg.a(lib_a-strlen-stub.o)
                0x000000000200c5f0                strlen
 .text._strtoul_l.constprop.0
                0x000000000200c650      0x1cc c:/devkitpro/devkitarm/bin/../lib/gcc/arm-none-eabi/10.1.0/../../../../arm-none-eabi/lib\libg.a(lib_a-strtoul.o)
 .text._strtoul_r
                0x000000000200c81c        0x4 c:/devkitpro/devkitarm/bin/../lib/gcc/arm-none-eabi/10.1.0/../../../../arm-none-eabi/lib\libg.a(lib_a-strtoul.o)
                0x000000000200c81c                _strtoul_r
 .text.strtoul  0x000000000200c820       0x28 c:/devkitpro/devkitarm/bin/../lib/gcc/arm-none-eabi/10.1.0/../../../../arm-none-eabi/lib\libg.a(lib_a-strtoul.o)
                0x000000000200c820                strtoul
 .text.get_arg  0x000000000200c848       0x54 c:/devkitpro/devkitarm/bin/../lib/gcc/arm-none-eabi/10.1.0/../../../../arm-none-eabi/lib\libg.a(lib_a-svfiscanf.o)
 .text._sungetc_r
                0x000000000200c89c       0xe4 c:/devkitpro/devkitarm/bin/../lib/gcc/arm-none-eabi/10.1.0/../../../../arm-none-eabi/lib\libg.a(lib_a-svfiscanf.o)
                0x000000000200c89c                _sungetc_r
 .text.__ssrefill_r
                0x000000000200c980       0x68 c:/devkitpro/devkitarm/bin/../lib/gcc/arm-none-eabi/10.1.0/../../../../arm-none-eabi/lib\libg.a(lib_a-svfiscanf.o)
                0x000000000200c980                __ssrefill_r
 .text._sfread_r
                0x000000000200c9e8       0xcc c:/devkitpro/devkitarm/bin/../lib/gcc/arm-none-eabi/10.1.0/../../../../arm-none-eabi/lib\libg.a(lib_a-svfiscanf.o)
                0x000000000200c9e8                _sfread_r
 .text.__ssvfiscanf_r
                0x000000000200cab4     0x233c c:/devkitpro/devkitarm/bin/../lib/gcc/arm-none-eabi/10.1.0/../../../../arm-none-eabi/lib\libg.a(lib_a-svfiscanf.o)
                0x000000000200cab4                __ssvfiscanf_r
 .text.__submore
                0x000000000200edf0       0xb0 c:/devkitpro/devkitarm/bin/../lib/gcc/arm-none-eabi/10.1.0/../../../../arm-none-eabi/lib\libg.a(lib_a-ungetc.o)
                0x000000000200edf0                __submore
 .text.get_arg  0x000000000200eea0      0x64c c:/devkitpro/devkitarm/bin/../lib/gcc/arm-none-eabi/10.1.0/../../../../arm-none-eabi/lib\libg.a(lib_a-vfiprintf.o)
 .text.__sprint_r
                0x000000000200f4ec       0x34 c:/devkitpro/devkitarm/bin/../lib/gcc/arm-none-eabi/10.1.0/../../../../arm-none-eabi/lib\libg.a(lib_a-vfiprintf.o)
                0x000000000200f4ec                __sprint_r
 .text._vfiprintf_r
                0x000000000200f520     0x2598 c:/devkitpro/devkitarm/bin/../lib/gcc/arm-none-eabi/10.1.0/../../../../arm-none-eabi/lib\libg.a(lib_a-vfiprintf.o)
                0x000000000200f520                _vfiprintf_r
 .text.__sbprintf
                0x0000000002011ab8       0xd4 c:/devkitpro/devkitarm/bin/../lib/gcc/arm-none-eabi/10.1.0/../../../../arm-none-eabi/lib\libg.a(lib_a-vfiprintf.o)
 .text.viprintf
                0x0000000002011b8c       0x28 c:/devkitpro/devkitarm/bin/../lib/gcc/arm-none-eabi/10.1.0/../../../../arm-none-eabi/lib\libg.a(lib_a-viprintf.o)
                0x0000000002011b8c                viprintf
 .text._wcrtomb_r
                0x0000000002011bb4       0x5c c:/devkitpro/devkitarm/bin/../lib/gcc/arm-none-eabi/10.1.0/../../../../arm-none-eabi/lib\libg.a(lib_a-wcrtomb.o)
                0x0000000002011bb4                _wcrtomb_r
 .text._wcsrtombs_r
                0x0000000002011c10       0x2c c:/devkitpro/devkitarm/bin/../lib/gcc/arm-none-eabi/10.1.0/../../../../arm-none-eabi/lib\libg.a(lib_a-wcsrtombs.o)
                0x0000000002011c10                _wcsrtombs_r
 .text.__swsetup_r
                0x0000000002011c3c      0x160 c:/devkitpro/devkitarm/bin/../lib/gcc/arm-none-eabi/10.1.0/../../../../arm-none-eabi/lib\libg.a(lib_a-wsetup.o)
                0x0000000002011c3c                __swsetup_r
 .text.__register_exitproc
                0x0000000002011d9c       0xb8 c:/devkitpro/devkitarm/bin/../lib/gcc/arm-none-eabi/10.1.0/../../../../arm-none-eabi/lib\libg.a(lib_a-__atexit.o)
                0x0000000002011d9c                __register_exitproc
 .text.__sflush_r
                0x0000000002011e54      0x280 c:/devkitpro/devkitarm/bin/../lib/gcc/arm-none-eabi/10.1.0/../../../../arm-none-eabi/lib\libg.a(lib_a-fflush.o)
                0x0000000002011e54                __sflush_r
 .text._fflush_r
                0x00000000020120d4       0x9c c:/devkitpro/devkitarm/bin/../lib/gcc/arm-none-eabi/10.1.0/../../../../arm-none-eabi/lib\libg.a(lib_a-fflush.o)
                0x00000000020120d4                _fflush_r
 .text._cleanup_r
                0x0000000002012170       0x18 c:/devkitpro/devkitarm/bin/../lib/gcc/arm-none-eabi/10.1.0/../../../../arm-none-eabi/lib\libg.a(lib_a-findfp.o)
                0x0000000002012170                _cleanup_r
 .text.__sinit  0x0000000002012188      0x18c c:/devkitpro/devkitarm/bin/../lib/gcc/arm-none-eabi/10.1.0/../../../../arm-none-eabi/lib\libg.a(lib_a-findfp.o)
                0x0000000002012188                __sinit
 .text.__sfp_lock_acquire
                0x0000000002012314       0x18 c:/devkitpro/devkitarm/bin/../lib/gcc/arm-none-eabi/10.1.0/../../../../arm-none-eabi/lib\libg.a(lib_a-findfp.o)
                0x0000000002012314                __sfp_lock_acquire
 .text.__sfp_lock_release
                0x000000000201232c       0x18 c:/devkitpro/devkitarm/bin/../lib/gcc/arm-none-eabi/10.1.0/../../../../arm-none-eabi/lib\libg.a(lib_a-findfp.o)
                0x000000000201232c                __sfp_lock_release
 .text._malloc_trim_r
                0x0000000002012344      0x100 c:/devkitpro/devkitarm/bin/../lib/gcc/arm-none-eabi/10.1.0/../../../../arm-none-eabi/lib\libg.a(lib_a-freer.o)
                0x0000000002012344                _malloc_trim_r
 .text._free_r  0x0000000002012444      0x2e0 c:/devkitpro/devkitarm/bin/../lib/gcc/arm-none-eabi/10.1.0/../../../../arm-none-eabi/lib\libg.a(lib_a-freer.o)
                0x0000000002012444                _free_r
 .text.__sfvwrite_r
                0x0000000002012724      0x4d0 c:/devkitpro/devkitarm/bin/../lib/gcc/arm-none-eabi/10.1.0/../../../../arm-none-eabi/lib\libg.a(lib_a-fvwrite.o)
                0x0000000002012724                __sfvwrite_r
 .text._fwalk_reent
                0x0000000002012bf4       0x78 c:/devkitpro/devkitarm/bin/../lib/gcc/arm-none-eabi/10.1.0/../../../../arm-none-eabi/lib\libg.a(lib_a-fwalk.o)
                0x0000000002012bf4                _fwalk_reent
 .text.iswspace
                0x0000000002012c6c       0x14 c:/devkitpro/devkitarm/bin/../lib/gcc/arm-none-eabi/10.1.0/../../../../arm-none-eabi/lib\libg.a(lib_a-iswspace.o)
                0x0000000002012c6c                iswspace
 .text._localeconv_r
                0x0000000002012c80        0xc c:/devkitpro/devkitarm/bin/../lib/gcc/arm-none-eabi/10.1.0/../../../../arm-none-eabi/lib\libg.a(lib_a-localeconv.o)
                0x0000000002012c80                _localeconv_r
 .text.__locale_mb_cur_max
                0x0000000002012c8c       0x10 c:/devkitpro/devkitarm/bin/../lib/gcc/arm-none-eabi/10.1.0/../../../../arm-none-eabi/lib\libg.a(lib_a-locale.o)
                0x0000000002012c8c                __locale_mb_cur_max
 .text.__smakebuf_r
                0x0000000002012c9c      0x144 c:/devkitpro/devkitarm/bin/../lib/gcc/arm-none-eabi/10.1.0/../../../../arm-none-eabi/lib\libg.a(lib_a-makebuf.o)
                0x0000000002012c9c                __smakebuf_r
 .text.__swhatbuf_r
                0x0000000002012de0       0xa0 c:/devkitpro/devkitarm/bin/../lib/gcc/arm-none-eabi/10.1.0/../../../../arm-none-eabi/lib\libg.a(lib_a-makebuf.o)
                0x0000000002012de0                __swhatbuf_r
 .text._mbrtowc_r
                0x0000000002012e80       0x70 c:/devkitpro/devkitarm/bin/../lib/gcc/arm-none-eabi/10.1.0/../../../../arm-none-eabi/lib\libg.a(lib_a-mbrtowc.o)
                0x0000000002012e80                _mbrtowc_r
 .text.__utf8_mbtowc
                0x0000000002012ef0      0x308 c:/devkitpro/devkitarm/bin/../lib/gcc/arm-none-eabi/10.1.0/../../../../arm-none-eabi/lib\libg.a(lib_a-mbtowc_r.o)
                0x0000000002012ef0                __utf8_mbtowc
 .text.__sccl   0x00000000020131f8       0xe8 c:/devkitpro/devkitarm/bin/../lib/gcc/arm-none-eabi/10.1.0/../../../../arm-none-eabi/lib\libg.a(lib_a-sccl.o)
                0x00000000020131f8                __sccl
 .text.strncpy  0x00000000020132e0       0xcc c:/devkitpro/devkitarm/bin/../lib/gcc/arm-none-eabi/10.1.0/../../../../arm-none-eabi/lib\libg.a(lib_a-strncpy.o)
                0x00000000020132e0                strncpy
 .text._strtoll_l.constprop.0
                0x00000000020133ac      0x230 c:/devkitpro/devkitarm/bin/../lib/gcc/arm-none-eabi/10.1.0/../../../../arm-none-eabi/lib\libg.a(lib_a-strtoll.o)
 .text._strtoll_r
                0x00000000020135dc        0x4 c:/devkitpro/devkitarm/bin/../lib/gcc/arm-none-eabi/10.1.0/../../../../arm-none-eabi/lib\libg.a(lib_a-strtoll.o)
                0x00000000020135dc                _strtoll_r
 .text._strtol_l.part.0
                0x00000000020135e0      0x1b4 c:/devkitpro/devkitarm/bin/../lib/gcc/arm-none-eabi/10.1.0/../../../../arm-none-eabi/lib\libg.a(lib_a-strtol.o)
 .text._strtol_r
                0x0000000002013794       0x3c c:/devkitpro/devkitarm/bin/../lib/gcc/arm-none-eabi/10.1.0/../../../../arm-none-eabi/lib\libg.a(lib_a-strtol.o)
                0x0000000002013794                _strtol_r
 .text._strtoull_l.constprop.0
                0x00000000020137d0      0x248 c:/devkitpro/devkitarm/bin/../lib/gcc/arm-none-eabi/10.1.0/../../../../arm-none-eabi/lib\libg.a(lib_a-strtoull.o)
 .text._strtoull_r
                0x0000000002013a18        0x4 c:/devkitpro/devkitarm/bin/../lib/gcc/arm-none-eabi/10.1.0/../../../../arm-none-eabi/lib\libg.a(lib_a-strtoull.o)
                0x0000000002013a18                _strtoull_r
 .text._wcsnrtombs_l
                0x0000000002013a1c      0x1a0 c:/devkitpro/devkitarm/bin/../lib/gcc/arm-none-eabi/10.1.0/../../../../arm-none-eabi/lib\libg.a(lib_a-wcsnrtombs.o)
                0x0000000002013a1c                _wcsnrtombs_l
 .text._wcsnrtombs_r
                0x0000000002013bbc       0x50 c:/devkitpro/devkitarm/bin/../lib/gcc/arm-none-eabi/10.1.0/../../../../arm-none-eabi/lib\libg.a(lib_a-wcsnrtombs.o)
                0x0000000002013bbc                _wcsnrtombs_r
 .text.__utf8_wctomb
                0x0000000002013c0c       0xf4 c:/devkitpro/devkitarm/bin/../lib/gcc/arm-none-eabi/10.1.0/../../../../arm-none-eabi/lib\libg.a(lib_a-wctomb_r.o)
                0x0000000002013c0c                __utf8_wctomb
 .text.__errno  0x0000000002013d00       0x10 c:/devkitpro/devkitarm/bin/../lib/gcc/arm-none-eabi/10.1.0/../../../../arm-none-eabi/lib\libg.a(lib_a-errno.o)
                0x0000000002013d00                __errno
 .text._fclose_r
                0x0000000002013d10      0x16c c:/devkitpro/devkitarm/bin/../lib/gcc/arm-none-eabi/10.1.0/../../../../arm-none-eabi/lib\libg.a(lib_a-fclose.o)
                0x0000000002013d10                _fclose_r
 .text.iswspace_l
                0x0000000002013e7c       0x44 c:/devkitpro/devkitarm/bin/../lib/gcc/arm-none-eabi/10.1.0/../../../../arm-none-eabi/lib\libg.a(lib_a-iswspace_l.o)
                0x0000000002013e7c                iswspace_l
 .text.__jp2uc  0x0000000002013ec0      0x1e4 c:/devkitpro/devkitarm/bin/../lib/gcc/arm-none-eabi/10.1.0/../../../../arm-none-eabi/lib\libg.a(lib_a-jp2uc.o)
 .text._jp2uc_l
                0x00000000020140a4       0x94 c:/devkitpro/devkitarm/bin/../lib/gcc/arm-none-eabi/10.1.0/../../../../arm-none-eabi/lib\libg.a(lib_a-jp2uc.o)
                0x00000000020140a4                _jp2uc_l
 .text.category
                0x0000000002014138       0x8c c:/devkitpro/devkitarm/bin/../lib/gcc/arm-none-eabi/10.1.0/../../../../arm-none-eabi/lib\libg.a(lib_a-categories.o)
                0x0000000002014138                category
 .text.null_write
                0x00000000020141c4        0x8 c:/devkitpro/devkitarm/bin/../lib/gcc/arm-none-eabi/10.1.0/../../../../arm-none-eabi/lib\libsysbase.a(iosupport.o)
 .text._fstat_r
                0x00000000020141cc       0x7c c:/devkitpro/devkitarm/bin/../lib/gcc/arm-none-eabi/10.1.0/../../../../arm-none-eabi/lib\libsysbase.a(fstat.o)
                0x00000000020141cc                _fstat_r
 .text._getpid_r
                0x0000000002014248       0x14 c:/devkitpro/devkitarm/bin/../lib/gcc/arm-none-eabi/10.1.0/../../../../arm-none-eabi/lib\libsysbase.a(getpid.o)
                0x0000000002014248                _getpid_r
 .text._isatty_r
                0x000000000201425c        0x8 c:/devkitpro/devkitarm/bin/../lib/gcc/arm-none-eabi/10.1.0/../../../../arm-none-eabi/lib\libsysbase.a(isatty.o)
                0x000000000201425c                _isatty_r
 .text._kill_r  0x0000000002014264       0x14 c:/devkitpro/devkitarm/bin/../lib/gcc/arm-none-eabi/10.1.0/../../../../arm-none-eabi/lib\libsysbase.a(kill.o)
                0x0000000002014264                _kill_r
 .text._lseek_r
                0x0000000002014278       0x88 c:/devkitpro/devkitarm/bin/../lib/gcc/arm-none-eabi/10.1.0/../../../../arm-none-eabi/lib\libsysbase.a(lseek.o)
                0x0000000002014278                _lseek_r
 .text._read_r  0x0000000002014300       0x84 c:/devkitpro/devkitarm/bin/../lib/gcc/arm-none-eabi/10.1.0/../../../../arm-none-eabi/lib\libsysbase.a(read.o)
                0x0000000002014300                _read_r
 .text._sbrk_r  0x0000000002014384       0x7c c:/devkitpro/devkitarm/bin/../lib/gcc/arm-none-eabi/10.1.0/../../../../arm-none-eabi/lib\libsysbase.a(sbrk.o)
                0x0000000002014384                _sbrk_r
 .text._write_r
                0x0000000002014400       0x84 c:/devkitpro/devkitarm/bin/../lib/gcc/arm-none-eabi/10.1.0/../../../../arm-none-eabi/lib\libsysbase.a(write.o)
                0x0000000002014400                _write_r
 .text._exit    0x0000000002014484       0x28 c:/devkitpro/devkitarm/bin/../lib/gcc/arm-none-eabi/10.1.0/../../../../arm-none-eabi/lib\libsysbase.a(_exit.o)
                0x0000000002014484                _exit
 .text.build_argv
                0x00000000020144ac       0x80 c:/devkitpro/devkitarm/bin/../lib/gcc/arm-none-eabi/10.1.0/../../../../arm-none-eabi/lib\libsysbase.a(build_argv.o)
                0x00000000020144ac                build_argv
 .text.__flockfile
                0x000000000201452c       0x14 c:/devkitpro/devkitarm/bin/../lib/gcc/arm-none-eabi/10.1.0/../../../../arm-none-eabi/lib\libsysbase.a(flock.o)
                0x000000000201452c                __flockfile
 .text.__funlockfile
                0x0000000002014540       0x14 c:/devkitpro/devkitarm/bin/../lib/gcc/arm-none-eabi/10.1.0/../../../../arm-none-eabi/lib\libsysbase.a(flock.o)
                0x0000000002014540                __funlockfile
 .text.__libc_lock_acquire
                0x0000000002014554       0x18 c:/devkitpro/devkitarm/bin/../lib/gcc/arm-none-eabi/10.1.0/../../../../arm-none-eabi/lib\libsysbase.a(syscall_support.o)
                0x0000000002014554                __libc_lock_acquire
 .text.__libc_lock_release
                0x000000000201456c       0x18 c:/devkitpro/devkitarm/bin/../lib/gcc/arm-none-eabi/10.1.0/../../../../arm-none-eabi/lib\libsysbase.a(syscall_support.o)
                0x000000000201456c                __libc_lock_release
 .text.__libc_lock_init_recursive
                0x0000000002014584       0x18 c:/devkitpro/devkitarm/bin/../lib/gcc/arm-none-eabi/10.1.0/../../../../arm-none-eabi/lib\libsysbase.a(syscall_support.o)
                0x0000000002014584                __libc_lock_init_recursive
 .text.__libc_lock_acquire_recursive
                0x000000000201459c       0x18 c:/devkitpro/devkitarm/bin/../lib/gcc/arm-none-eabi/10.1.0/../../../../arm-none-eabi/lib\libsysbase.a(syscall_support.o)
                0x000000000201459c                __libc_lock_acquire_recursive
 .text.__libc_lock_release_recursive
                0x00000000020145b4       0x18 c:/devkitpro/devkitarm/bin/../lib/gcc/arm-none-eabi/10.1.0/../../../../arm-none-eabi/lib\libsysbase.a(syscall_support.o)
                0x00000000020145b4                __libc_lock_release_recursive
 .text.__libc_lock_close_recursive
                0x00000000020145cc       0x18 c:/devkitpro/devkitarm/bin/../lib/gcc/arm-none-eabi/10.1.0/../../../../arm-none-eabi/lib\libsysbase.a(syscall_support.o)
                0x00000000020145cc                __libc_lock_close_recursive
 .text.__get_handle
                0x00000000020145e4       0x40 c:/devkitpro/devkitarm/bin/../lib/gcc/arm-none-eabi/10.1.0/../../../../arm-none-eabi/lib\libsysbase.a(handle_manager.o)
                0x00000000020145e4                __get_handle
 .text._close_r
                0x0000000002014624       0xfc c:/devkitpro/devkitarm/bin/../lib/gcc/arm-none-eabi/10.1.0/../../../../arm-none-eabi/lib\libsysbase.a(handle_manager.o)
                0x0000000002014624                _close_r
 .text.__getreent
                0x0000000002014720       0x24 c:/devkitpro/devkitarm/bin/../lib/gcc/arm-none-eabi/10.1.0/../../../../arm-none-eabi/lib\libsysbase.a(getreent.o)
                0x0000000002014720                __getreent
 .text.__udivmoddi4
                0x0000000002014744      0x128 c:/devkitpro/devkitarm/bin/../lib/gcc/arm-none-eabi/10.1.0\libgcc.a(_udivmoddi4.o)
                0x0000000002014744                __udivmoddi4
 *fill*         0x000000000201486c        0x4 ff
 .text.__udivmoddi4.__stub
                0x0000000002014870      0x130 linker stubs
 *(EXCLUDE_FILE(*.twl*) .gnu.warning)
 *(EXCLUDE_FILE(*.twl*) .gnu.linkonce.t*)
 *(.glue_7)
 .glue_7        0x00000000020149d8        0x0 linker stubs
 *(.glue_7t)
 .glue_7t       0x00000000020149d8        0x0 linker stubs
                0x00000000020149d8                . = ALIGN (0x4)

.vfp11_veneer   0x00000000020149d8        0x0
 .vfp11_veneer  0x00000000020149d8        0x0 linker stubs

.v4_bx          0x00000000020149d8        0x0
 .v4_bx         0x00000000020149d8        0x0 linker stubs

.iplt           0x00000000020149d8        0x0
 .iplt          0x00000000020149d8        0x0 c:/devkitpro/devkitarm/bin/../lib/gcc/arm-none-eabi/10.1.0/../../../../arm-none-eabi/lib/ds_arm9_crt0.o

.fini           0x00000000020149d8       0x18
 *(.fini)
 .fini          0x00000000020149d8        0xc c:/devkitpro/devkitarm/bin/../lib/gcc/arm-none-eabi/10.1.0/crti.o
                0x00000000020149d8                _fini
 .fini          0x00000000020149e4        0xc c:/devkitpro/devkitarm/bin/../lib/gcc/arm-none-eabi/10.1.0/crtn.o
                0x00000000020149f0                __text_end = .

.rodata         0x00000000020149f0     0xa4a4
 *(EXCLUDE_FILE(*.twl*) .rodata)
 .rodata        0x00000000020149f0      0xb00 board_bg.o
                0x00000000020149f0                board_bgTiles
                0x0000000002014af0                board_bgMap
                0x00000000020152f0                board_bgPal
 .rodata        0x00000000020154f0      0x110 i_square.o
                0x00000000020154f0                i_squareTiles
                0x00000000020155f0                i_squarePal
 .rodata        0x0000000002015600      0x110 j_square.o
                0x0000000002015600                j_squareTiles
                0x0000000002015700                j_squarePal
 .rodata        0x0000000002015710      0x110 l_square.o
                0x0000000002015710                l_squareTiles
                0x0000000002015810                l_squarePal
 .rodata        0x0000000002015820      0x110 o_square.o
                0x0000000002015820                o_squareTiles
                0x0000000002015920                o_squarePal
 .rodata        0x0000000002015930      0x110 s_square.o
                0x0000000002015930                s_squareTiles
                0x0000000002015a30                s_squarePal
 .rodata        0x0000000002015a40      0x110 t_square.o
                0x0000000002015a40                t_squareTiles
                0x0000000002015b40                t_squarePal
 .rodata        0x0000000002015b50      0x110 z_square.o
                0x0000000002015b50                z_squareTiles
                0x0000000002015c50                z_squarePal
 .rodata        0x0000000002015c60       0x10 TetrisTile.o
                0x0000000002015c60                vtable for TetrisTile
 .rodata        0x0000000002015c70     0x2004 C:/devkitPro/libnds/lib\libnds9.a(default_font.bin.o)
                0x0000000002015c70                default_font_bin
                0x0000000002017c70                default_font_bin_size
                0x0000000002017c70                default_font_bin_end
 *all.rodata*(*)
 *(EXCLUDE_FILE(*.twl*) .roda)
 *(EXCLUDE_FILE(*.twl*) .rodata.*)
 .rodata._ZNSt13random_deviceC2Ev.str1.4
                0x0000000002017c74        0x8 Board.o
 .rodata._ZNSt6vectorISt10shared_ptrI10TetrisTileESaIS2_EE17_M_realloc_insertIJS2_EEEvN9__gnu_cxx17__normal_iteratorIPS2_S4_EEDpOT_.str1.4
                0x0000000002017c7c       0x1a Board.o
 *fill*         0x0000000002017c96        0x2 ff
 .rodata._ZTVSt23_Sp_counted_ptr_inplaceI10TetrisTileSaIS0_ELN9__gnu_cxx12_Lock_policyE0EE
                0x0000000002017c98       0x1c Board.o
                0x0000000002017c98                vtable for std::_Sp_counted_ptr_inplace<TetrisTile, std::allocator<TetrisTile>, (__gnu_cxx::_Lock_policy)0>
 .rodata._ZZNSt19_Sp_make_shared_tag5_S_tiEvE5__tag
                0x0000000002017cb4        0x8 Board.o
                0x0000000002017cb4                std::_Sp_make_shared_tag::_S_ti()::__tag
 .rodata.str1.4
                0x0000000002017cbc      0x12d Square.o
 .rodata._ZNSt6vectorIiSaIiEE17_M_realloc_insertIJRKiEEEvN9__gnu_cxx17__normal_iteratorIPiS1_EEDpOT_.str1.4
                0x0000000002017de9       0x1a Square.o
 .rodata._ZNSt6vectorISt10unique_ptrI6SquareSt14default_deleteIS1_EESaIS4_EE17_M_realloc_insertIJS4_EEEvN9__gnu_cxx17__normal_iteratorIPS4_S6_EEDpOT_.str1.4
                0x0000000002017de9       0x1a TetrisTile.o
 *fill*         0x0000000002017de9        0x3 ff
 .rodata.__sassert.str1.4
                0x0000000002017dec       0x42 C:/devkitPro/libnds/lib\libnds9.a(sassert.o)
 *fill*         0x0000000002017e2e        0x2 ff
 .rodata.con_write.str1.4
                0x0000000002017e30       0x30 C:/devkitPro/libnds/lib\libnds9.a(console.o)
 .rodata.con_write
                0x0000000002017e60       0xd4 C:/devkitPro/libnds/lib\libnds9.a(console.o)
 .rodata.str1.4
                0x0000000002017f34       0x14 C:/devkitPro/libnds/lib\libnds9.a(console.o)
 .rodata.dotab_stdout
                0x0000000002017f48       0x70 C:/devkitPro/libnds/lib\libnds9.a(console.o)
 .rodata.SIN_LUT
                0x0000000002017fb8      0x102 C:/devkitPro/libnds/lib\libnds9.a(trig.o)
                0x0000000002017fb8                SIN_LUT
 *fill*         0x00000000020180ba        0x2 ff
 .rodata._ZNSt13random_device14_M_init_pretr1ERKNSt7__cxx1112basic_stringIcSt11char_traitsIcESaIcEEE.str1.4
                0x00000000020180bc       0x3a c:/devkitpro/devkitarm/bin/../lib/gcc/arm-none-eabi/10.1.0/../../../../arm-none-eabi/lib\libstdc++.a(random.o)
                                         0x42 (size before relaxing)
 *fill*         0x00000000020180f6        0x2 ff
 .rodata._ZTSSt19_Sp_make_shared_tag
                0x00000000020180f8       0x18 c:/devkitpro/devkitarm/bin/../lib/gcc/arm-none-eabi/10.1.0/../../../../arm-none-eabi/lib\libstdc++.a(shared_ptr.o)
                0x00000000020180f8                typeinfo name for std::_Sp_make_shared_tag
 .rodata._ZTISt19_Sp_make_shared_tag
                0x0000000002018110        0x8 c:/devkitpro/devkitarm/bin/../lib/gcc/arm-none-eabi/10.1.0/../../../../arm-none-eabi/lib\libstdc++.a(shared_ptr.o)
                0x0000000002018110                typeinfo for std::_Sp_make_shared_tag
 .rodata._ZNKSt9bad_alloc4whatEv.str1.4
                0x0000000002018118        0xf c:/devkitpro/devkitarm/bin/../lib/gcc/arm-none-eabi/10.1.0/../../../../arm-none-eabi/lib\libstdc++.a(bad_alloc.o)
 *fill*         0x0000000002018127        0x1 ff
 .rodata._ZTISt9bad_alloc
                0x0000000002018128        0xc c:/devkitpro/devkitarm/bin/../lib/gcc/arm-none-eabi/10.1.0/../../../../arm-none-eabi/lib\libstdc++.a(bad_alloc.o)
                0x0000000002018128                typeinfo for std::bad_alloc
 .rodata._ZTSSt9bad_alloc
                0x0000000002018134        0xd c:/devkitpro/devkitarm/bin/../lib/gcc/arm-none-eabi/10.1.0/../../../../arm-none-eabi/lib\libstdc++.a(bad_alloc.o)
                0x0000000002018134                typeinfo name for std::bad_alloc
 *fill*         0x0000000002018141        0x3 ff
 .rodata._ZTVSt9bad_alloc
                0x0000000002018144       0x14 c:/devkitpro/devkitarm/bin/../lib/gcc/arm-none-eabi/10.1.0/../../../../arm-none-eabi/lib\libstdc++.a(bad_alloc.o)
                0x0000000002018144                vtable for std::bad_alloc
 .rodata._ZTIN10__cxxabiv117__class_type_infoE
                0x0000000002018158        0xc c:/devkitpro/devkitarm/bin/../lib/gcc/arm-none-eabi/10.1.0/../../../../arm-none-eabi/lib\libstdc++.a(class_type_info.o)
                0x0000000002018158                typeinfo for __cxxabiv1::__class_type_info
 .rodata._ZTSN10__cxxabiv117__class_type_infoE
                0x0000000002018164       0x22 c:/devkitpro/devkitarm/bin/../lib/gcc/arm-none-eabi/10.1.0/../../../../arm-none-eabi/lib\libstdc++.a(class_type_info.o)
                0x0000000002018164                typeinfo name for __cxxabiv1::__class_type_info
 *fill*         0x0000000002018186        0x2 ff
 .rodata._ZTVN10__cxxabiv117__class_type_infoE
                0x0000000002018188       0x2c c:/devkitpro/devkitarm/bin/../lib/gcc/arm-none-eabi/10.1.0/../../../../arm-none-eabi/lib\libstdc++.a(class_type_info.o)
                0x0000000002018188                vtable for __cxxabiv1::__class_type_info
 .rodata._ZNKSt13bad_exception4whatEv.str1.4
                0x00000000020181b4       0x13 c:/devkitpro/devkitarm/bin/../lib/gcc/arm-none-eabi/10.1.0/../../../../arm-none-eabi/lib\libstdc++.a(eh_exception.o)
 *fill*         0x00000000020181c7        0x1 ff
 .rodata._ZTIN10__cxxabiv115__forced_unwindE
                0x00000000020181c8        0x8 c:/devkitpro/devkitarm/bin/../lib/gcc/arm-none-eabi/10.1.0/../../../../arm-none-eabi/lib\libstdc++.a(eh_exception.o)
                0x00000000020181c8                typeinfo for __cxxabiv1::__forced_unwind
 .rodata._ZTIN10__cxxabiv119__foreign_exceptionE
                0x00000000020181d0        0x8 c:/devkitpro/devkitarm/bin/../lib/gcc/arm-none-eabi/10.1.0/../../../../arm-none-eabi/lib\libstdc++.a(eh_exception.o)
                0x00000000020181d0                typeinfo for __cxxabiv1::__foreign_exception
 .rodata._ZTISt13bad_exception
                0x00000000020181d8        0xc c:/devkitpro/devkitarm/bin/../lib/gcc/arm-none-eabi/10.1.0/../../../../arm-none-eabi/lib\libstdc++.a(eh_exception.o)
                0x00000000020181d8                typeinfo for std::bad_exception
 .rodata._ZTISt9exception
                0x00000000020181e4        0x8 c:/devkitpro/devkitarm/bin/../lib/gcc/arm-none-eabi/10.1.0/../../../../arm-none-eabi/lib\libstdc++.a(eh_exception.o)
                0x00000000020181e4                typeinfo for std::exception
 .rodata._ZTSN10__cxxabiv115__forced_unwindE
                0x00000000020181ec       0x20 c:/devkitpro/devkitarm/bin/../lib/gcc/arm-none-eabi/10.1.0/../../../../arm-none-eabi/lib\libstdc++.a(eh_exception.o)
                0x00000000020181ec                typeinfo name for __cxxabiv1::__forced_unwind
 .rodata._ZTSN10__cxxabiv119__foreign_exceptionE
                0x000000000201820c       0x24 c:/devkitpro/devkitarm/bin/../lib/gcc/arm-none-eabi/10.1.0/../../../../arm-none-eabi/lib\libstdc++.a(eh_exception.o)
                0x000000000201820c                typeinfo name for __cxxabiv1::__foreign_exception
 .rodata._ZTSSt13bad_exception
                0x0000000002018230       0x12 c:/devkitpro/devkitarm/bin/../lib/gcc/arm-none-eabi/10.1.0/../../../../arm-none-eabi/lib\libstdc++.a(eh_exception.o)
                0x0000000002018230                typeinfo name for std::bad_exception
 *fill*         0x0000000002018242        0x2 ff
 .rodata._ZTSSt9exception
                0x0000000002018244        0xd c:/devkitpro/devkitarm/bin/../lib/gcc/arm-none-eabi/10.1.0/../../../../arm-none-eabi/lib\libstdc++.a(eh_exception.o)
                0x0000000002018244                typeinfo name for std::exception
 *fill*         0x0000000002018251        0x3 ff
 .rodata._ZTVSt13bad_exception
                0x0000000002018254       0x14 c:/devkitpro/devkitarm/bin/../lib/gcc/arm-none-eabi/10.1.0/../../../../arm-none-eabi/lib\libstdc++.a(eh_exception.o)
                0x0000000002018254                vtable for std::bad_exception
 .rodata._ZTIN10__cxxabiv120__si_class_type_infoE
                0x0000000002018268        0xc c:/devkitpro/devkitarm/bin/../lib/gcc/arm-none-eabi/10.1.0/../../../../arm-none-eabi/lib\libstdc++.a(si_class_type_info.o)
                0x0000000002018268                typeinfo for __cxxabiv1::__si_class_type_info
 .rodata._ZTSN10__cxxabiv120__si_class_type_infoE
                0x0000000002018274       0x25 c:/devkitpro/devkitarm/bin/../lib/gcc/arm-none-eabi/10.1.0/../../../../arm-none-eabi/lib\libstdc++.a(si_class_type_info.o)
                0x0000000002018274                typeinfo name for __cxxabiv1::__si_class_type_info
 *fill*         0x0000000002018299        0x3 ff
 .rodata._ZTVN10__cxxabiv120__si_class_type_infoE
                0x000000000201829c       0x2c c:/devkitpro/devkitarm/bin/../lib/gcc/arm-none-eabi/10.1.0/../../../../arm-none-eabi/lib\libstdc++.a(si_class_type_info.o)
                0x000000000201829c                vtable for __cxxabiv1::__si_class_type_info
 .rodata._ZTISt9type_info
                0x00000000020182c8        0x8 c:/devkitpro/devkitarm/bin/../lib/gcc/arm-none-eabi/10.1.0/../../../../arm-none-eabi/lib\libstdc++.a(tinfo.o)
                0x00000000020182c8                typeinfo for std::type_info
 .rodata._ZTSSt9type_info
                0x00000000020182d0        0xd c:/devkitpro/devkitarm/bin/../lib/gcc/arm-none-eabi/10.1.0/../../../../arm-none-eabi/lib\libstdc++.a(tinfo.o)
                0x00000000020182d0                typeinfo name for std::type_info
 *fill*         0x00000000020182dd        0x3 ff
 .rodata._ZTISt11logic_error
                0x00000000020182e0        0xc c:/devkitpro/devkitarm/bin/../lib/gcc/arm-none-eabi/10.1.0/../../../../arm-none-eabi/lib\libstdc++.a(stdexcept.o)
                0x00000000020182e0                typeinfo for std::logic_error
 .rodata._ZTISt12length_error
                0x00000000020182ec        0xc c:/devkitpro/devkitarm/bin/../lib/gcc/arm-none-eabi/10.1.0/../../../../arm-none-eabi/lib\libstdc++.a(stdexcept.o)
                0x00000000020182ec                typeinfo for std::length_error
 .rodata._ZTISt13runtime_error
                0x00000000020182f8        0xc c:/devkitpro/devkitarm/bin/../lib/gcc/arm-none-eabi/10.1.0/../../../../arm-none-eabi/lib\libstdc++.a(stdexcept.o)
                0x00000000020182f8                typeinfo for std::runtime_error
 .rodata._ZTSSt11logic_error
                0x0000000002018304       0x10 c:/devkitpro/devkitarm/bin/../lib/gcc/arm-none-eabi/10.1.0/../../../../arm-none-eabi/lib\libstdc++.a(stdexcept.o)
                0x0000000002018304                typeinfo name for std::logic_error
 .rodata._ZTSSt12length_error
                0x0000000002018314       0x11 c:/devkitpro/devkitarm/bin/../lib/gcc/arm-none-eabi/10.1.0/../../../../arm-none-eabi/lib\libstdc++.a(stdexcept.o)
                0x0000000002018314                typeinfo name for std::length_error
 *fill*         0x0000000002018325        0x3 ff
 .rodata._ZTSSt13runtime_error
                0x0000000002018328       0x12 c:/devkitpro/devkitarm/bin/../lib/gcc/arm-none-eabi/10.1.0/../../../../arm-none-eabi/lib\libstdc++.a(stdexcept.o)
                0x0000000002018328                typeinfo name for std::runtime_error
 *fill*         0x000000000201833a        0x2 ff
 .rodata._ZTVSt11logic_error