Archive member included to satisfy reference by file (symbol)

C:/devkitPro/libnds/lib\libnds9.a(background.o)
                              Board.o (bgState)
C:/devkitPro/libnds/lib\libnds9.a(sassert.o)
                              Cursor.o (__sassert)
C:/devkitPro/libnds/lib\libnds9.a(sprite_alloc.o)
                              Cursor.o (oamAllocateGfx)
C:/devkitPro/libnds/lib\libnds9.a(console.o)
                              C:/devkitPro/libnds/lib\libnds9.a(sassert.o) (consoleDemoInit)
C:/devkitPro/libnds/lib\libnds9.a(trig.o)
                              C:/devkitPro/libnds/lib\libnds9.a(background.o) (sinLerp)
C:/devkitPro/libnds/lib\libnds9.a(sprite.o)
                              GameSystem.o (oamInit)
C:/devkitPro/libnds/lib\libnds9.a(keys.o)
                              GameSystem.o (scanKeys)
C:/devkitPro/libnds/lib\libnds9.a(initSystem.o)
                              c:/devkitpro/devkitarm/bin/../lib/gcc/arm-none-eabi/10.1.0/../../../../arm-none-eabi/lib/ds_arm9_crt0.o (initSystem)
C:/devkitPro/libnds/lib\libnds9.a(timeSupport.o)
                              C:/devkitPro/libnds/lib\libnds9.a(initSystem.o) (__libnds_gtod)
C:/devkitPro/libnds/lib\libnds9.a(securearea.o)
                              c:/devkitpro/devkitarm/bin/../lib/gcc/arm-none-eabi/10.1.0/../../../../arm-none-eabi/lib/ds_arm9_crt0.o (__secure_area__)
C:/devkitPro/libnds/lib\libnds9.a(timers.o)
                              GameSystem.o (timerStart)
C:/devkitPro/libnds/lib\libnds9.a(interrupts.o)
                              C:/devkitPro/libnds/lib\libnds9.a(timers.o) (irqSet)
C:/devkitPro/libnds/lib\libnds9.a(libnds_exit.arm.o)
                              c:/devkitpro/devkitarm/bin/../lib/gcc/arm-none-eabi/10.1.0/../../../../arm-none-eabi/lib/ds_arm9_crt0.o (__libnds_exit)
C:/devkitPro/libnds/lib\libnds9.a(fifosystem.o)
                              C:/devkitPro/libnds/lib\libnds9.a(initSystem.o) (fifoSetValue32Handler)
C:/devkitPro/libnds/lib\libnds9.a(dcache.o)
                              C:/devkitPro/libnds/lib\libnds9.a(sprite.o) (DC_FlushRange)
C:/devkitPro/libnds/lib\libnds9.a(mpu_setup.o)
                              c:/devkitpro/devkitarm/bin/../lib/gcc/arm-none-eabi/10.1.0/../../../../arm-none-eabi/lib/ds_arm9_crt0.o (__libnds_mpu_setup)
C:/devkitPro/libnds/lib\libnds9.a(IntrWait.o)
                              GameSystem.o (swiWaitForVBlank)
C:/devkitPro/libnds/lib\libnds9.a(cpu_clock.o)
                              C:/devkitPro/libnds/lib\libnds9.a(initSystem.o) (setCpuClock)
C:/devkitPro/libnds/lib\libnds9.a(interruptDispatcher.o)
                              C:/devkitPro/libnds/lib\libnds9.a(interrupts.o) (IntrMain)
C:/devkitPro/libnds/lib\libnds9.a(debugprint.o)
                              C:/devkitPro/libnds/lib\libnds9.a(console.o) (nocashWrite)
C:/devkitPro/libnds/lib\libnds9.a(swiSoftReset.o)
                              C:/devkitPro/libnds/lib\libnds9.a(fifosystem.o) (swiSoftReset)
C:/devkitPro/libnds/lib\libnds9.a(default_font.bin.o)
                              C:/devkitPro/libnds/lib\libnds9.a(console.o) (default_font_bin)
C:/devkitPro/libnds/lib\libnds9.a(video.o)
                              C:/devkitPro/libnds/lib\libnds9.a(initSystem.o) (vramDefault)
C:/devkitPro/libnds/lib\libnds9.a(system.o)
                              C:/devkitPro/libnds/lib\libnds9.a(initSystem.o) (systemValueHandler)
C:/devkitPro/libnds/lib\libnds9.a(biosCalls.o)
                              C:/devkitPro/libnds/lib\libnds9.a(system.o) (swiDelay)
c:/devkitpro/devkitarm/bin/../lib/gcc/arm-none-eabi/10.1.0/../../../../arm-none-eabi/lib\libstdc++.a(atexit_arm.o)
                              Square.o (__aeabi_atexit)
c:/devkitpro/devkitarm/bin/../lib/gcc/arm-none-eabi/10.1.0/../../../../arm-none-eabi/lib\libstdc++.a(del_ops.o)
                              Board.o (operator delete(void*, unsigned int))
c:/devkitpro/devkitarm/bin/../lib/gcc/arm-none-eabi/10.1.0/../../../../arm-none-eabi/lib\libstdc++.a(new_op.o)
                              Board.o (operator new(unsigned int))
c:/devkitpro/devkitarm/bin/../lib/gcc/arm-none-eabi/10.1.0/../../../../arm-none-eabi/lib\libstdc++.a(functexcept.o)
                              Board.o (std::__throw_length_error(char const*))
c:/devkitpro/devkitarm/bin/../lib/gcc/arm-none-eabi/10.1.0/../../../../arm-none-eabi/lib\libstdc++.a(random.o)
                              Board.o (std::random_device::_M_init(std::__cxx11::basic_string<char, std::char_traits<char>, std::allocator<char> > const&))
c:/devkitpro/devkitarm/bin/../lib/gcc/arm-none-eabi/10.1.0/../../../../arm-none-eabi/lib\libstdc++.a(shared_ptr.o)
                              Board.o (std::_Sp_make_shared_tag::_S_eq(std::type_info const&))
c:/devkitpro/devkitarm/bin/../lib/gcc/arm-none-eabi/10.1.0/../../../../arm-none-eabi/lib\libstdc++.a(snprintf_lite.o)
[...]
Memory Configuration

Name             Origin             Length             Attributes
ewram            0x0000000002000000 0x0000000000380000
dtcm             0x000000000b000000 0x0000000000004000
vectors          0x0000000001000000 0x0000000000000100
itcm             0x0000000001000100 0x0000000000007f00
*default*        0x0000000000000000 0xffffffffffffffff

Linker script and memory map

                0x0000000002380000                __ewram_end = (ORIGIN (ewram) + LENGTH (ewram))
                0x0000000002380000                __eheap_end = (ORIGIN (ewram) + LENGTH (ewram))
                0x000000000b004000                __dtcm_top = (ORIGIN (dtcm) + LENGTH (dtcm))
                0x000000000b003ff8                __irq_flags = (__dtcm_top - 0x8)
                0x000000000b003ffc                __irq_vector = (__dtcm_top - 0x4)
                0x000000000b003f00                __sp_svc = (__dtcm_top - 0x100)
                0x000000000b003e00                __sp_irq = (__sp_svc - 0x100)
                0x000000000b003d00                __sp_usr = (__sp_irq - 0x100)

.secure         0x0000000002000000      0x800
 *(.secure)
 .secure        0x0000000002000000      0x800 C:/devkitPro/libnds/lib\libnds9.a(securearea.o)
                0x0000000002000000                __secure_area__

.crt0           0x0000000002000800      0x300
                0x0000000002000800                __text_start = .
 *(.crt0)
 .crt0          0x0000000002000800      0x300 c:/devkitpro/devkitarm/bin/../lib/gcc/arm-none-eabi/10.1.0/../../../../arm-none-eabi/lib/ds_arm9_crt0.o
                0x0000000002000800                _start
                0x0000000002000b00                . = ALIGN (0x4)

.plt
 *(.plt)

.init           0x0000000002000b00       0x18
 *(SORT_NONE(.init))
 .init          0x0000000002000b00        0xc c:/devkitpro/devkitarm/bin/../lib/gcc/arm-none-eabi/10.1.0/crti.o
                0x0000000002000b00                _init
 .init          0x0000000002000b0c        0xc c:/devkitpro/devkitarm/bin/../lib/gcc/arm-none-eabi/10.1.0/crtn.o

.text           0x0000000002000b18    0x148b8
 *(EXCLUDE_FILE(*.twl* *.vectors* *.itcm*) .text)
 .text          0x0000000002000b18      0xe0c Board.o
                0x0000000002000b18                Board::check_overlap() const
                0x0000000002000c68                Board::can_fall() const
                0x0000000002000d14                Board::can_rotate(bool) const
                0x0000000002000dd0                Board::can_move(bool) const
                0x0000000002000e8c                Board::erase_rows_if_needed()
                0x0000000002001134                Board::~Board()
                0x0000000002001134                Board::~Board()
                0x000000000200123c                Board::game_over()
                0x00000000020012c8                Board::new_tile()
                0x0000000002001544                Board::Board()
                0x0000000002001544                Board::Board()
                0x00000000020017ac                Board::process_input(int, int)
                0x0000000002001860                Board::fall_cur_tile()
 .text          0x0000000002001924      0x25c Cursor.o
                0x0000000002001924                Cursor::Cursor(unsigned char, unsigned char, unsigned char, OamState*)
                0x0000000002001924                Cursor::Cursor(unsigned char, unsigned char, unsigned char, OamState*)
                0x0000000002001aa8                Cursor::~Cursor()
                0x0000000002001aa8                Cursor::~Cursor()
                0x0000000002001b0c                Cursor::move(unsigned char, unsigned char)
                0x0000000002001b18                Cursor::update()
 .text          0x0000000002001b80      0x45c GameSystem.o
                0x0000000002001b80                GameSystem::timer_callback()
                0x0000000002001bb4                GameSystem::GameSystem()
                0x0000000002001bb4                GameSystem::GameSystem()
                0x0000000002001c98                GameSystem::hardware_init()
                0x0000000002001d50                GameSystem::run()
                0x0000000002001f4c                GameSystem::init_menu()
                0x0000000002001f6c                GameSystem::deinit_menu()
                0x0000000002001f94                GameSystem::init_board()
                0x0000000002001fb4                GameSystem::deinit_board()
 .text          0x0000000002001fdc      0x284 Menu.o
                0x0000000002001fdc                Menu::Menu()
                0x0000000002001fdc                Menu::Menu()
                0x000000000200216c                Menu::~Menu()
                0x000000000200216c                Menu::~Menu()
                0x000000000200219c                Menu::process_input(int)
                0x0000000002002230                Menu::update()
                0x0000000002002238                Menu::move_cursor_left()
                0x000000000200224c                Menu::move_cursor_right()
 .text          0x0000000002002260      0xc1c Square.o
                0x0000000002002344                Square::update()
                0x00000000020023cc                Square::move_right()
                0x00000000020023dc                Square::move_left()
                0x00000000020023ec                Square::~Square()
                0x00000000020023ec                Square::~Square()
                0x00000000020026d4                Square::init()
                0x0000000002002a30                Square::Square(unsigned char, unsigned char, unsigned int const*, unsigned long, unsigned short const*, unsigned long, unsigned char)
                0x0000000002002a30                Square::Square(unsigned char, unsigned char, unsigned int const*, unsigned long, unsigned short const*, unsigned long, unsigned char)
                0x0000000002002a84                Square::change_oam(OamState*)
                0x0000000002002d80                Square::change_oam_if_needed()
                0x0000000002002db8                Square::move(unsigned char, unsigned char)
                0x0000000002002df4                Square::move_up()
                0x0000000002002e38                Square::move_down()
 .text          0x0000000002002e7c     0x1560 TetrisTile.o
                0x0000000002002e7c                TetrisTile::~TetrisTile()
                0x0000000002002e7c                TetrisTile::~TetrisTile()
                0x0000000002002ef8                TetrisTile::~TetrisTile()
                0x0000000002002f80                TetrisTile::update()
                0x0000000002002fa8                TetrisTile::move(bool)
                0x0000000002003078                TetrisTile::rotate(bool)
                0x000000000200319c                TetrisTile::fall()
                0x00000000020031e8                TetrisTile::fly()
                0x0000000002003234                TetrisTile::fall_square(unsigned char)
                0x0000000002003290                TetrisTile::erase_row(unsigned char)
                0x000000000200337c                TetrisTile::TetrisTile(signed char, unsigned char, TILE_TYPE)
                0x000000000200337c                TetrisTile::TetrisTile(signed char, unsigned char, TILE_TYPE)
                0x0000000002004348                TetrisTile::get_square_positions() const
 .text          0x00000000020043dc      0x114 c:/devkitpro/devkitarm/bin/../lib/gcc/arm-none-eabi/10.1.0\libgcc.a(_udivsi3.o)
                0x00000000020043dc                __aeabi_uidiv
                0x00000000020043dc                __udivsi3
                0x00000000020044d0                __aeabi_uidivmod
 .text          0x00000000020044f0      0x148 c:/devkitpro/devkitarm/bin/../lib/gcc/arm-none-eabi/10.1.0\libgcc.a(_divsi3.o)
                0x00000000020044f0                __divsi3
                0x00000000020044f0                __aeabi_idiv
                0x0000000002004618                __aeabi_idivmod
 .text          0x0000000002004638        0x4 c:/devkitpro/devkitarm/bin/../lib/gcc/arm-none-eabi/10.1.0\libgcc.a(_dvmd_tls.o)
                0x0000000002004638                __aeabi_idiv0
                0x0000000002004638                __aeabi_ldiv0
 .text          0x000000000200463c      0x1b0 c:/devkitpro/devkitarm/bin/../lib/gcc/arm-none-eabi/10.1.0\libgcc.a(libunwind.o)
                0x000000000200463c                __restore_core_regs
                0x000000000200463c                restore_core_regs
                0x0000000002004658                __gnu_Unwind_Restore_VFP
                0x0000000002004660                __gnu_Unwind_Save_VFP
                0x0000000002004668                __gnu_Unwind_Restore_VFP_D
                0x0000000002004670                __gnu_Unwind_Save_VFP_D
                0x0000000002004678                __gnu_Unwind_Restore_VFP_D_16_to_31
                0x0000000002004680                __gnu_Unwind_Save_VFP_D_16_to_31
                0x0000000002004688                __gnu_Unwind_Restore_WMMXD
                0x00000000020046cc                __gnu_Unwind_Save_WMMXD
                0x0000000002004710                __gnu_Unwind_Restore_WMMXC
                0x0000000002004724                __gnu_Unwind_Save_WMMXC
                0x0000000002004738                ___Unwind_RaiseException
                0x0000000002004738                _Unwind_RaiseException
                0x000000000200475c                _Unwind_Resume
                0x000000000200475c                ___Unwind_Resume
                0x0000000002004780                _Unwind_Resume_or_Rethrow
                0x0000000002004780                ___Unwind_Resume_or_Rethrow
                0x00000000020047a4                _Unwind_ForcedUnwind
                0x00000000020047a4                ___Unwind_ForcedUnwind
                0x00000000020047c8                ___Unwind_Backtrace
                0x00000000020047c8                _Unwind_Backtrace
 .text          0x00000000020047ec      0x224 c:/devkitpro/devkitarm/bin/../lib/gcc/arm-none-eabi/10.1.0/../../../../arm-none-eabi/lib\libg.a(lib_a-strcmp.o)
                0x00000000020047ec                strcmp
 .text          0x0000000002004a10       0x3c c:/devkitpro/devkitarm/bin/../lib/gcc/arm-none-eabi/10.1.0\libgcc.a(_aeabi_uldivmod.o)
                0x0000000002004a10                __aeabi_uldivmod
 .text          0x0000000002004a4c       0x28 c:/devkitpro/devkitarm/bin/../lib/gcc/arm-none-eabi/10.1.0\libgcc.a(_clzdi2.o)
                0x0000000002004a4c                __clzdi2
 .text          0x0000000002004a74       0x48 c:/devkitpro/devkitarm/bin/../lib/gcc/arm-none-eabi/10.1.0\libgcc.a(_clzsi2.o)
                0x0000000002004a74                __clzsi2
 *(EXCLUDE_FILE(*.twl* *.vectors* *.itcm*) .stub)
 *(EXCLUDE_FILE(*.twl* *.vectors* *.itcm*) .text.*)
 .text.deregister_tm_clones
                0x0000000002004abc       0x2c c:/devkitpro/devkitarm/bin/../lib/gcc/arm-none-eabi/10.1.0/crtbegin.o
 .text.register_tm_clones
                0x0000000002004ae8       0x38 c:/devkitpro/devkitarm/bin/../lib/gcc/arm-none-eabi/10.1.0/crtbegin.o
 .text.__do_global_dtors_aux
                0x0000000002004b20       0x44 c:/devkitpro/devkitarm/bin/../lib/gcc/arm-none-eabi/10.1.0/crtbegin.o
 .text.frame_dummy
                0x0000000002004b64       0x34 c:/devkitpro/devkitarm/bin/../lib/gcc/arm-none-eabi/10.1.0/crtbegin.o
 .text._ZNSt23_Sp_counted_ptr_inplaceI10TetrisTileSaIS0_ELN9__gnu_cxx12_Lock_policyE0EED1Ev
                0x0000000002004b98        0x4 Board.o
                0x0000000002004b98                std::_Sp_counted_ptr_inplace<TetrisTile, std::allocator<TetrisTile>, (__gnu_cxx::_Lock_policy)0>::~_Sp_counted_ptr_inplace()
 .text._ZNSt23_Sp_counted_ptr_inplaceI10TetrisTileSaIS0_ELN9__gnu_cxx12_Lock_policyE0EE10_M_disposeEv
                0x0000000002004b9c       0x10 Board.o
                0x0000000002004b9c                std::_Sp_counted_ptr_inplace<TetrisTile, std::allocator<TetrisTile>, (__gnu_cxx::_Lock_policy)0>::_M_dispose()
 .text._ZNSt23_Sp_counted_ptr_inplaceI10TetrisTileSaIS0_ELN9__gnu_cxx12_Lock_policyE0EED0Ev
                0x0000000002004bac       0x18 Board.o
                0x0000000002004bac                std::_Sp_counted_ptr_inplace<TetrisTile, std::allocator<TetrisTile>, (__gnu_cxx::_Lock_policy)0>::~_Sp_counted_ptr_inplace()
 .text._ZNSt23_Sp_counted_ptr_inplaceI10TetrisTileSaIS0_ELN9__gnu_cxx12_Lock_policyE0EE10_M_destroyEv
                0x0000000002004bc4        0x8 Board.o
                0x0000000002004bc4                std::_Sp_counted_ptr_inplace<TetrisTile, std::allocator<TetrisTile>, (__gnu_cxx::_Lock_policy)0>::_M_destroy()
 .text._ZNSt23_Sp_counted_ptr_inplaceI10TetrisTileSaIS0_ELN9__gnu_cxx12_Lock_policyE0EE14_M_get_deleterERKSt9type_info
                0x0000000002004bcc       0x30 Board.o
                0x0000000002004bcc                std::_Sp_counted_ptr_inplace<TetrisTile, std::allocator<TetrisTile>, (__gnu_cxx::_Lock_policy)0>::_M_get_deleter(std::type_info const&)
 .text._ZNSt13random_deviceC2Ev
                0x0000000002004bfc       0x70 Board.o
                0x0000000002004bfc                std::random_device::random_device()
                0x0000000002004bfc                std::random_device::random_device()
 .text._ZNSt6vectorISt10shared_ptrI10TetrisTileESaIS2_EE17_M_realloc_insertIJS2_EEEvN9__gnu_cxx17__normal_iteratorIPS2_S4_EEDpOT_
                0x0000000002004c6c      0x234 Board.o
                0x0000000002004c6c                void std::vector<std::shared_ptr<TetrisTile>, std::allocator<std::shared_ptr<TetrisTile> > >::_M_realloc_insert<std::shared_ptr<TetrisTile> >(__gnu_cxx::__normal_iterator<std::shared_ptr<TetrisTile>*, std::vector<std::shared_ptr<TetrisTile>, std::allocator<std::shared_ptr<TetrisTile> > > >, std::shared_ptr<TetrisTile>&&)
 .text._ZNSt23mersenne_twister_engineIjLj32ELj624ELj397ELj31ELj2567483615ELj11ELj4294967295ELj7ELj2636928640ELj15ELj4022730752ELj18ELj1812433253EE11_M_gen_randEv
                0x0000000002004ea0       0xc0 Board.o
                0x0000000002004ea0                std::mersenne_twister_engine<unsigned int, 32u, 624u, 397u, 31u, 2567483615u, 11u, 4294967295u, 7u, 2636928640u, 15u, 4022730752u, 18u, 1812433253u>::_M_gen_rand()
 .text.startup  0x0000000002004f60       0x64 Board.o
 .text.startup  0x0000000002004fc4       0x24 main.o
                0x0000000002004fc4                main
 .text._ZNSt6vectorIiSaIiEED2Ev
                0x0000000002004fe8       0x28 Square.o
                0x0000000002004fe8                std::vector<int, std::allocator<int> >::~vector()
                0x0000000002004fe8                std::vector<int, std::allocator<int> >::~vector()
 .text._ZNSt6vectorIiSaIiEE17_M_realloc_insertIJRKiEEEvN9__gnu_cxx17__normal_iteratorIPiS1_EEDpOT_
                0x0000000002005010      0x124 Square.o
                0x0000000002005010                void std::vector<int, std::allocator<int> >::_M_realloc_insert<int const&>(__gnu_cxx::__normal_iterator<int*, std::vector<int, std::allocator<int> > >, int const&)
 .text.startup  0x0000000002005134       0x5c Square.o
 .text._ZNSt6vectorISt10unique_ptrI6SquareSt14default_deleteIS1_EESaIS4_EE17_M_realloc_insertIJS4_EEEvN9__gnu_cxx17__normal_iteratorIPS4_S6_EEDpOT_
                0x0000000002005190      0x188 TetrisTile.o
                0x0000000002005190                void std::vector<std::unique_ptr<Square, std::default_delete<Square> >, std::allocator<std::unique_ptr<Square, std::default_delete<Square> > > >::_M_realloc_insert<std::unique_ptr<Square, std::default_delete<Square> > >(__gnu_cxx::__normal_iterator<std::unique_ptr<Square, std::default_delete<Square> >*, std::vector<std::unique_ptr<Square, std::default_delete<Square> >, std::allocator<std::unique_ptr<Square, std::default_delete<Square> > > > >, std::unique_ptr<Square, std::default_delete<Square> >&&)
 .text._ZNSt6vectorISt4pairIiiESaIS1_EE17_M_realloc_insertIJS1_EEEvN9__gnu_cxx17__normal_iteratorIPS1_S3_EEDpOT_
                0x0000000002005318      0x118 TetrisTile.o
                0x0000000002005318                void std::vector<std::pair<int, int>, std::allocator<std::pair<int, int> > >::_M_realloc_insert<std::pair<int, int> >(__gnu_cxx::__normal_iterator<std::pair<int, int>*, std::vector<std::pair<int, int>, std::allocator<std::pair<int, int> > > >, std::pair<int, int>&&)
 .text.checkIfText
                0x0000000002005430       0x5c C:/devkitPro/libnds/lib\libnds9.a(background.o)
                0x0000000002005430                checkIfText
 .text.bgUpdate
                0x000000000200548c       0xf4 C:/devkitPro/libnds/lib\libnds9.a(background.o)
                0x000000000200548c                bgUpdate
 .text.bgInit_call
                0x0000000002005580       0xc4 C:/devkitPro/libnds/lib\libnds9.a(background.o)
                0x0000000002005580                bgInit_call
 .text.bgInitSub_call
                0x0000000002005644       0xcc C:/devkitPro/libnds/lib\libnds9.a(background.o)
                0x0000000002005644                bgInitSub_call
 .text.__sassert
                0x0000000002005710       0x38 C:/devkitPro/libnds/lib\libnds9.a(sassert.o)
                0x0000000002005710                __sassert
 .text.oamAllocReset
                0x0000000002005748       0x1c C:/devkitPro/libnds/lib\libnds9.a(sprite_alloc.o)
                0x0000000002005748                oamAllocReset
 .text.oamAllocateGfx
                0x0000000002005764      0x510 C:/devkitPro/libnds/lib\libnds9.a(sprite_alloc.o)
                0x0000000002005764                oamAllocateGfx
 .text.oamFreeGfx
                0x0000000002005c74      0x438 C:/devkitPro/libnds/lib\libnds9.a(sprite_alloc.o)
                0x0000000002005c74                oamFreeGfx
 .text.newRow   0x00000000020060ac       0xb0 C:/devkitPro/libnds/lib\libnds9.a(console.o)
 .text.consolePrintChar
                0x000000000200615c       0xec C:/devkitPro/libnds/lib\libnds9.a(console.o)
                0x000000000200615c                consolePrintChar
 .text.con_write
                0x0000000002006248      0x374 C:/devkitPro/libnds/lib\libnds9.a(console.o)
                0x0000000002006248                con_write
 .text.consoleLoadFont
                0x00000000020065bc      0x2a8 C:/devkitPro/libnds/lib\libnds9.a(console.o)
                0x00000000020065bc                consoleLoadFont
 .text.consoleInit
                0x0000000002006864      0x194 C:/devkitPro/libnds/lib\libnds9.a(console.o)
                0x0000000002006864                consoleInit
 .text.consoleDemoInit
                0x00000000020069f8       0x40 C:/devkitPro/libnds/lib\libnds9.a(console.o)
                0x00000000020069f8                consoleDemoInit
 .text.sinLutLookup
                0x0000000002006a38       0x38 C:/devkitPro/libnds/lib\libnds9.a(trig.o)
                0x0000000002006a38                sinLutLookup
 .text.sinLerp  0x0000000002006a70       0x40 C:/devkitPro/libnds/lib\libnds9.a(trig.o)
                0x0000000002006a70                sinLerp
 .text.cosLerp  0x0000000002006ab0       0x4c C:/devkitPro/libnds/lib\libnds9.a(trig.o)
                0x0000000002006ab0                cosLerp
 .text.oamInit  0x0000000002006afc      0x118 C:/devkitPro/libnds/lib\libnds9.a(sprite.o)
                0x0000000002006afc                oamInit
 .text.oamGetGfxPtr
                0x0000000002006c14       0x38 C:/devkitPro/libnds/lib\libnds9.a(sprite.o)
                0x0000000002006c14                oamGetGfxPtr
 .text.oamGfxPtrToOffset
                0x0000000002006c4c       0x34 C:/devkitPro/libnds/lib\libnds9.a(sprite.o)
                0x0000000002006c4c                oamGfxPtrToOffset
 .text.oamSet   0x0000000002006c80      0x11c C:/devkitPro/libnds/lib\libnds9.a(sprite.o)
                0x0000000002006c80                oamSet
 .text.oamUpdate
                0x0000000002006d9c       0x60 C:/devkitPro/libnds/lib\libnds9.a(sprite.o)
                0x0000000002006d9c                oamUpdate
 .text.scanKeys
                0x0000000002006dfc       0x8c C:/devkitPro/libnds/lib\libnds9.a(keys.o)
                0x0000000002006dfc                scanKeys
 .text.keysHeld
                0x0000000002006e88        0xc C:/devkitPro/libnds/lib\libnds9.a(keys.o)
                0x0000000002006e88                keysHeld
 .text.keysDown
                0x0000000002006e94       0x14 C:/devkitPro/libnds/lib\libnds9.a(keys.o)
                0x0000000002006e94                keysDown
 .text.initSystem
                0x0000000002006ea8      0x198 C:/devkitPro/libnds/lib\libnds9.a(initSystem.o)
                0x0000000002006ea8                initSystem
 .text.__libnds_gtod
                0x0000000002007040       0x28 C:/devkitPro/libnds/lib\libnds9.a(timeSupport.o)
                0x0000000002007040                __libnds_gtod
 .text.timerStart
                0x0000000002007068       0x40 C:/devkitPro/libnds/lib\libnds9.a(timers.o)
                0x0000000002007068                timerStart
 .text.irqDummy
                0x00000000020070a8        0x4 C:/devkitPro/libnds/lib\libnds9.a(interrupts.o)
                0x00000000020070a8                irqDummy
 .text.irqSet   0x00000000020070ac       0x6c C:/devkitPro/libnds/lib\libnds9.a(interrupts.o)
                0x00000000020070ac                irqSet
 .text.irqInit  0x0000000002007118       0x50 C:/devkitPro/libnds/lib\libnds9.a(interrupts.o)
                0x0000000002007118                irqInit
 .text.irqEnable
                0x0000000002007168       0x64 C:/devkitPro/libnds/lib\libnds9.a(interrupts.o)
                0x0000000002007168                irqEnable
 .text.systemErrorExit
                0x00000000020071cc        0x4 C:/devkitPro/libnds/lib\libnds9.a(libnds_exit.arm.o)
                0x00000000020071cc                systemErrorExit
 .text.__libnds_exit
                0x00000000020071d0       0x5c C:/devkitPro/libnds/lib\libnds9.a(libnds_exit.arm.o)
                0x00000000020071d0                __libnds_exit
 .text.fifo_queueBlock
                0x000000000200722c       0x44 C:/devkitPro/libnds/lib\libnds9.a(fifosystem.o)
 .text.fifo_waitBlock
                0x0000000002007270       0x80 C:/devkitPro/libnds/lib\libnds9.a(fifosystem.o)
 .text.fifoInternalSend.part.0
                0x00000000020072f0       0xd4 C:/devkitPro/libnds/lib\libnds9.a(fifosystem.o)
 .text.fifoInternalSendInterrupt
                0x00000000020073c4       0xa8 C:/devkitPro/libnds/lib\libnds9.a(fifosystem.o)
 .text.fifoSetValue32Handler
                0x000000000200746c       0xd8 C:/devkitPro/libnds/lib\libnds9.a(fifosystem.o)
                0x000000000200746c                fifoSetValue32Handler
 .text.fifoSendValue32
                0x0000000002007544       0x4c C:/devkitPro/libnds/lib\libnds9.a(fifosystem.o)
                0x0000000002007544                fifoSendValue32
 .text.fifoGetDatamsg
                0x0000000002007590       0xf4 C:/devkitPro/libnds/lib\libnds9.a(fifosystem.o)
                0x0000000002007590                fifoGetDatamsg
 .text.fifoInternalRecvInterrupt
                0x0000000002007684      0x380 C:/devkitPro/libnds/lib\libnds9.a(fifosystem.o)
 .text.fifoSetDatamsgHandler
                0x0000000002007a04       0x9c C:/devkitPro/libnds/lib\libnds9.a(fifosystem.o)
                0x0000000002007a04                fifoSetDatamsgHandler
 .text.fifoInit
                0x0000000002007aa0       0xf8 C:/devkitPro/libnds/lib\libnds9.a(fifosystem.o)
                0x0000000002007aa0                fifoInit
 .text.DC_FlushRange
                0x0000000002007b98       0x24 C:/devkitPro/libnds/lib\libnds9.a(dcache.o)
                0x0000000002007b98                DC_FlushRange
 .text.__libnds_mpu_setup
                0x0000000002007bbc      0x174 C:/devkitPro/libnds/lib\libnds9.a(mpu_setup.o)
                0x0000000002007bbc                __libnds_mpu_setup
 .text.memUncached
                0x0000000002007d30       0x20 C:/devkitPro/libnds/lib\libnds9.a(mpu_setup.o)
                0x0000000002007d30                memUncached
 .text.swiWaitForVBlank
                0x0000000002007d50        0x8 C:/devkitPro/libnds/lib\libnds9.a(IntrWait.o)
                0x0000000002007d50                swiWaitForVBlank
 .text.swiIntrWait
                0x0000000002007d58       0x70 C:/devkitPro/libnds/lib\libnds9.a(IntrWait.o)
                0x0000000002007d58                swiIntrWait
 .text.setCpuClock
                0x0000000002007dc8       0x50 C:/devkitPro/libnds/lib\libnds9.a(cpu_clock.o)
                0x0000000002007dc8                setCpuClock
 .text.swiSoftReset
                0x0000000002007e18       0x2c C:/devkitPro/libnds/lib\libnds9.a(swiSoftReset.o)
                0x0000000002007e18                swiSoftReset
 .text.vramDefault
                0x0000000002007e44       0xd0 C:/devkitPro/libnds/lib\libnds9.a(video.o)
                0x0000000002007e44                vramDefault
 .text.systemValueHandler
                0x0000000002007f14       0x48 C:/devkitPro/libnds/lib\libnds9.a(system.o)
                0x0000000002007f14                systemValueHandler
 .text.systemMsgHandler
                0x0000000002007f5c       0x60 C:/devkitPro/libnds/lib\libnds9.a(system.o)
                0x0000000002007f5c                systemMsgHandler
 .text.powerOn  0x0000000002007fbc       0x2c C:/devkitPro/libnds/lib\libnds9.a(system.o)
                0x0000000002007fbc                powerOn
 .text.swiDelay
                0x0000000002007fe8        0x4 C:/devkitPro/libnds/lib\libnds9.a(biosCalls.o)
                0x0000000002007fe8                swiDelay
 .text.__aeabi_atexit
                0x0000000002007fec       0x1c c:/devkitpro/devkitarm/bin/../lib/gcc/arm-none-eabi/10.1.0/../../../../arm-none-eabi/lib\libstdc++.a(atexit_arm.o)
                0x0000000002007fec                __aeabi_atexit
 .text._ZdlPvj  0x0000000002008008       0x10 c:/devkitpro/devkitarm/bin/../lib/gcc/arm-none-eabi/10.1.0/../../../../arm-none-eabi/lib\libstdc++.a(del_ops.o)
                0x0000000002008008                operator delete(void*, unsigned int)
 .text._Znwj    0x0000000002008018       0x68 c:/devkitpro/devkitarm/bin/../lib/gcc/arm-none-eabi/10.1.0/../../../../arm-none-eabi/lib\libstdc++.a(new_op.o)
                0x0000000002008018                operator new(unsigned int)
 .text.unlikely._ZSt17__throw_bad_allocv
                0x0000000002008080       0x2c c:/devkitpro/devkitarm/bin/../lib/gcc/arm-none-eabi/10.1.0/../../../../arm-none-eabi/lib\libstdc++.a(functexcept.o)
                0x0000000002008080                std::__throw_bad_alloc()
 .text.unlikely._ZSt19__throw_logic_errorPKc
                0x00000000020080ac       0x40 c:/devkitpro/devkitarm/bin/../lib/gcc/arm-none-eabi/10.1.0/../../../../arm-none-eabi/lib\libstdc++.a(functexcept.o)
                0x00000000020080ac                std::__throw_logic_error(char const*)
 .text.unlikely._ZSt20__throw_length_errorPKc
                0x00000000020080ec       0x40 c:/devkitpro/devkitarm/bin/../lib/gcc/arm-none-eabi/10.1.0/../../../../arm-none-eabi/lib\libstdc++.a(functexcept.o)
                0x00000000020080ec                std::__throw_length_error(char const*)
 .text.unlikely._ZSt21__throw_runtime_errorPKc
                0x000000000200812c       0x40 c:/devkitpro/devkitarm/bin/../lib/gcc/arm-none-eabi/10.1.0/../../../../arm-none-eabi/lib\libstdc++.a(functexcept.o)
                0x000000000200812c                std::__throw_runtime_error(char const*)
 .text._ZNSt23mersenne_twister_engineIjLj32ELj624ELj397ELj31ELj2567483615ELj11ELj4294967295ELj7ELj2636928640ELj15ELj4022730752ELj18ELj1812433253EE4seedEj
                0x000000000200816c       0x34 c:/devkitpro/devkitarm/bin/../lib/gcc/arm-none-eabi/10.1.0/../../../../arm-none-eabi/lib\libstdc++.a(random.o)
                0x000000000200816c                std::mersenne_twister_engine<unsigned int, 32u, 624u, 397u, 31u, 2567483615u, 11u, 4294967295u, 7u, 2636928640u, 15u, 4022730752u, 18u, 1812433253u>::seed(unsigned int)
 .text._ZNSt13random_device14_M_init_pretr1ERKNSt7__cxx1112basic_stringIcSt11char_traitsIcESaIcEEE
                0x00000000020081a0       0x9c c:/devkitpro/devkitarm/bin/../lib/gcc/arm-none-eabi/10.1.0/../../../../arm-none-eabi/lib\libstdc++.a(random.o)
                0x00000000020081a0                std::random_device::_M_init_pretr1(std::__cxx11::basic_string<char, std::char_traits<char>, std::allocator<char> > const&)
 .text._ZNSt13random_device7_M_initERKNSt7__cxx1112basic_stringIcSt11char_traitsIcESaIcEEE
                0x000000000200823c        0x4 c:/devkitpro/devkitarm/bin/../lib/gcc/arm-none-eabi/10.1.0/../../../../arm-none-eabi/lib\libstdc++.a(random.o)
                0x000000000200823c                std::random_device::_M_init(std::__cxx11::basic_string<char, std::char_traits<char>, std::allocator<char> > const&)
 .text._ZNSt23mersenne_twister_engineIjLj32ELj624ELj397ELj31ELj2567483615ELj11ELj4294967295ELj7ELj2636928640ELj15ELj4022730752ELj18ELj1812433253EEclEv
                0x0000000002008240       0x5c c:/devkitpro/devkitarm/bin/../lib/gcc/arm-none-eabi/10.1.0/../../../../arm-none-eabi/lib\libstdc++.a(random.o)
                0x0000000002008240                std::mersenne_twister_engine<unsigned int, 32u, 624u, 397u, 31u, 2567483615u, 11u, 4294967295u, 7u, 2636928640u, 15u, 4022730752u, 18u, 1812433253u>::operator()()
 .text._ZNSt13random_device9_M_getvalEv
                0x000000000200829c       0x10 c:/devkitpro/devkitarm/bin/../lib/gcc/arm-none-eabi/10.1.0/../../../../arm-none-eabi/lib\libstdc++.a(random.o)
                0x000000000200829c                std::random_device::_M_getval()
 .text._ZNSt19_Sp_make_shared_tag5_S_eqERKSt9type_info
                0x00000000020082ac       0x18 c:/devkitpro/devkitarm/bin/../lib/gcc/arm-none-eabi/10.1.0/../../../../arm-none-eabi/lib\libstdc++.a(shared_ptr.o)
                0x00000000020082ac                std::_Sp_make_shared_tag::_S_eq(std::type_info const&)
 .text._ZNKSt7__cxx1112basic_stringIcSt11char_traitsIcESaIcEE7compareEPKc
                0x00000000020082c4       0x50 c:/devkitpro/devkitarm/bin/../lib/gcc/arm-none-eabi/10.1.0/../../../../arm-none-eabi/lib\libstdc++.a(string-inst.o)
                0x00000000020082c4                std::__cxx11::basic_string<char, std::char_traits<char>, std::allocator<char> >::compare(char const*) const
 .text._ZNKSt9bad_alloc4whatEv
                0x0000000002008314        0xc c:/devkitpro/devkitarm/bin/../lib/gcc/arm-none-eabi/10.1.0/../../../../arm-none-eabi/lib\libstdc++.a(bad_alloc.o)
                0x0000000002008314                std::bad_alloc::what() const
 .text._ZNSt9bad_allocD2Ev
                0x0000000002008320       0x24 c:/devkitpro/devkitarm/bin/../lib/gcc/arm-none-eabi/10.1.0/../../../../arm-none-eabi/lib\libstdc++.a(bad_alloc.o)
                0x0000000002008320                std::bad_alloc::~bad_alloc()
                0x0000000002008320                std::bad_alloc::~bad_alloc()
 .text._ZNSt9bad_allocD0Ev
                0x0000000002008344       0x30 c:/devkitpro/devkitarm/bin/../lib/gcc/arm-none-eabi/10.1.0/../../../../arm-none-eabi/lib\libstdc++.a(bad_alloc.o)
                0x0000000002008344                std::bad_alloc::~bad_alloc()
 .text._ZNK10__cxxabiv117__class_type_info11__do_upcastEPKS0_PPv
                0x0000000002008374       0x64 c:/devkitpro/devkitarm/bin/../lib/gcc/arm-none-eabi/10.1.0/../../../../arm-none-eabi/lib\libstdc++.a(class_type_info.o)
                0x0000000002008374                __cxxabiv1::__class_type_info::__do_upcast(__cxxabiv1::__class_type_info const*, void**) const
 .text._ZNK10__cxxabiv117__class_type_info20__do_find_public_srcEiPKvPKS0_S2_
                0x00000000020083d8       0x14 c:/devkitpro/devkitarm/bin/../lib/gcc/arm-none-eabi/10.1.0/../../../../arm-none-eabi/lib\libstdc++.a(class_type_info.o)
                0x00000000020083d8                __cxxabiv1::__class_type_info::__do_find_public_src(int, void const*, __cxxabiv1::__class_type_info const*, void const*) const
 .text._ZN10__cxxabiv117__class_type_infoD2Ev
                0x00000000020083ec       0x24 c:/devkitpro/devkitarm/bin/../lib/gcc/arm-none-eabi/10.1.0/../../../../arm-none-eabi/lib\libstdc++.a(class_type_info.o)
                0x00000000020083ec                __cxxabiv1::__class_type_info::~__class_type_info()
                0x00000000020083ec                __cxxabiv1::__class_type_info::~__class_type_info()
 .text._ZN10__cxxabiv117__class_type_infoD0Ev
                0x0000000002008410       0x30 c:/devkitpro/devkitarm/bin/../lib/gcc/arm-none-eabi/10.1.0/../../../../arm-none-eabi/lib\libstdc++.a(class_type_info.o)
                0x0000000002008410                __cxxabiv1::__class_type_info::~__class_type_info()
 .text._ZNK10__cxxabiv117__class_type_info12__do_dyncastEiNS0_10__sub_kindEPKS0_PKvS3_S5_RNS0_16__dyncast_resultE
                0x0000000002008440       0x70 c:/devkitpro/devkitarm/bin/../lib/gcc/arm-none-eabi/10.1.0/../../../../arm-none-eabi/lib\libstdc++.a(class_type_info.o)
                0x0000000002008440                __cxxabiv1::__class_type_info::__do_dyncast(int, __cxxabiv1::__class_type_info::__sub_kind, __cxxabiv1::__class_type_info const*, void const*, __cxxabiv1::__class_type_info const*, void const*, __cxxabiv1::__class_type_info::__dyncast_result&) const
 .text._ZNK10__cxxabiv117__class_type_info11__do_upcastEPKS0_PKvRNS0_15__upcast_resultE
                0x00000000020084b0       0x30 c:/devkitpro/devkitarm/bin/../lib/gcc/arm-none-eabi/10.1.0/../../../../arm-none-eabi/lib\libstdc++.a(class_type_info.o)
                0x00000000020084b0                __cxxabiv1::__class_type_info::__do_upcast(__cxxabiv1::__class_type_info const*, void const*, __cxxabiv1::__class_type_info::__upcast_result&) const
 .text._ZNK10__cxxabiv117__class_type_info10__do_catchEPKSt9type_infoPPvj
                0x00000000020084e0       0x4c c:/devkitpro/devkitarm/bin/../lib/gcc/arm-none-eabi/10.1.0/../../../../arm-none-eabi/lib\libstdc++.a(class_type_info.o)
                0x00000000020084e0                __cxxabiv1::__class_type_info::__do_catch(std::type_info const*, void**, unsigned int) const
 .text._ZdlPv   0x000000000200852c       0x10 c:/devkitpro/devkitarm/bin/../lib/gcc/arm-none-eabi/10.1.0/../../../../arm-none-eabi/lib\libstdc++.a(del_op.o)
                0x000000000200852c                operator delete(void*)
 .text._ZN12_GLOBAL__N_14pool4freeEPv.constprop.0
                0x000000000200853c       0xdc c:/devkitpro/devkitarm/bin/../lib/gcc/arm-none-eabi/10.1.0/../../../../arm-none-eabi/lib\libstdc++.a(eh_alloc.o)
 .text._ZN12_GLOBAL__N_14pool8allocateEj.constprop.0
                0x0000000002008618       0xac c:/devkitpro/devkitarm/bin/../lib/gcc/arm-none-eabi/10.1.0/../../../../arm-none-eabi/lib\libstdc++.a(eh_alloc.o)
 .text.__cxa_allocate_exception
                0x00000000020086c4       0x48 c:/devkitpro/devkitarm/bin/../lib/gcc/arm-none-eabi/10.1.0/../../../../arm-none-eabi/lib\libstdc++.a(eh_alloc.o)
                0x00000000020086c4                __cxa_allocate_exception
 .text.__cxa_free_exception
                0x000000000200870c       0x38 c:/devkitpro/devkitarm/bin/../lib/gcc/arm-none-eabi/10.1.0/../../../../arm-none-eabi/lib\libstdc++.a(eh_alloc.o)
                0x000000000200870c                __cxa_free_exception
 .text.startup._GLOBAL__sub_I__ZN9__gnu_cxx9__freeresEv
                0x0000000002008744       0x44 c:/devkitpro/devkitarm/bin/../lib/gcc/arm-none-eabi/10.1.0/../../../../arm-none-eabi/lib\libstdc++.a(eh_alloc.o)
 .text.__cxa_end_cleanup
                0x0000000002008788       0x10 c:/devkitpro/devkitarm/bin/../lib/gcc/arm-none-eabi/10.1.0/../../../../arm-none-eabi/lib\libstdc++.a(eh_arm.o)
                0x0000000002008788                __cxa_end_cleanup
 .text.__cxa_type_match
                0x0000000002008798      0x144 c:/devkitpro/devkitarm/bin/../lib/gcc/arm-none-eabi/10.1.0/../../../../arm-none-eabi/lib\libstdc++.a(eh_arm.o)
                0x0000000002008798                __cxa_type_match
 .text.__cxa_begin_cleanup
                0x00000000020088dc       0xbc c:/devkitpro/devkitarm/bin/../lib/gcc/arm-none-eabi/10.1.0/../../../../arm-none-eabi/lib\libstdc++.a(eh_arm.o)
                0x00000000020088dc                __cxa_begin_cleanup
 .text.__gnu_end_cleanup
                0x0000000002008998       0xbc c:/devkitpro/devkitarm/bin/../lib/gcc/arm-none-eabi/10.1.0/../../../../arm-none-eabi/lib\libstdc++.a(eh_arm.o)
                0x0000000002008998                __gnu_end_cleanup
 .text.__cxa_begin_catch
                0x0000000002008a54       0xd4 c:/devkitpro/devkitarm/bin/../lib/gcc/arm-none-eabi/10.1.0/../../../../arm-none-eabi/lib\libstdc++.a(eh_catch.o)
                0x0000000002008a54                __cxa_begin_catch
 .text.__cxa_end_catch
                0x0000000002008b28       0xe0 c:/devkitpro/devkitarm/bin/../lib/gcc/arm-none-eabi/10.1.0/../../../../arm-none-eabi/lib\libstdc++.a(eh_catch.o)
                0x0000000002008b28                __cxa_end_catch
 .text._ZNSt9exceptionD2Ev
                0x0000000002008c08        0x4 c:/devkitpro/devkitarm/bin/../lib/gcc/arm-none-eabi/10.1.0/../../../../arm-none-eabi/lib\libstdc++.a(eh_exception.o)
                0x0000000002008c08                std::exception::~exception()
                0x0000000002008c08                std::exception::~exception()
 .text._ZNSt13bad_exceptionD2Ev
                0x0000000002008c0c        0x4 c:/devkitpro/devkitarm/bin/../lib/gcc/arm-none-eabi/10.1.0/../../../../arm-none-eabi/lib\libstdc++.a(eh_exception.o)
                0x0000000002008c0c                std::bad_exception::~bad_exception()
                0x0000000002008c0c                std::bad_exception::~bad_exception()
 .text._ZNKSt13bad_exception4whatEv
                0x0000000002008c10        0xc c:/devkitpro/devkitarm/bin/../lib/gcc/arm-none-eabi/10.1.0/../../../../arm-none-eabi/lib\libstdc++.a(eh_exception.o)
                0x0000000002008c10                std::bad_exception::what() const
                0x0000000002008c10                transaction clone for std::bad_exception::what() const
 .text._ZNSt13bad_exceptionD0Ev
                0x0000000002008c1c       0x1c c:/devkitpro/devkitarm/bin/../lib/gcc/arm-none-eabi/10.1.0/../../../../arm-none-eabi/lib\libstdc++.a(eh_exception.o)
                0x0000000002008c1c                std::bad_exception::~bad_exception()
 .text.__cxa_get_globals_fast
                0x0000000002008c38        0xc c:/devkitpro/devkitarm/bin/../lib/gcc/arm-none-eabi/10.1.0/../../../../arm-none-eabi/lib\libstdc++.a(eh_globals.o)
                0x0000000002008c38                __cxa_get_globals_fast
 .text.__cxa_get_globals
                0x0000000002008c44        0xc c:/devkitpro/devkitarm/bin/../lib/gcc/arm-none-eabi/10.1.0/../../../../arm-none-eabi/lib\libstdc++.a(eh_globals.o)
                0x0000000002008c44                __cxa_get_globals
 .text._ZL28read_encoded_value_with_basehjPKhPj
                0x0000000002008c50      0x174 c:/devkitpro/devkitarm/bin/../lib/gcc/arm-none-eabi/10.1.0/../../../../arm-none-eabi/lib\libstdc++.a(eh_personality.o)
 .text._ZL21base_of_encoded_valuehP15_Unwind_Context
                0x0000000002008dc4       0x80 c:/devkitpro/devkitarm/bin/../lib/gcc/arm-none-eabi/10.1.0/../../../../arm-none-eabi/lib\libstdc++.a(eh_personality.o)
 .text._ZL17parse_lsda_headerP15_Unwind_ContextPKhP16lsda_header_info
                0x0000000002008e44       0xd8 c:/devkitpro/devkitarm/bin/../lib/gcc/arm-none-eabi/10.1.0/../../../../arm-none-eabi/lib\libstdc++.a(eh_personality.o)
 .text.__gxx_personality_v0
                0x0000000002008f1c      0x6fc c:/devkitpro/devkitarm/bin/../lib/gcc/arm-none-eabi/10.1.0/../../../../arm-none-eabi/lib\libstdc++.a(eh_personality.o)
                0x0000000002008f1c                __gxx_personality_v0
 .text._ZN10__cxxabiv111__terminateEPFvvE
                0x0000000002009618       0x34 c:/devkitpro/devkitarm/bin/../lib/gcc/arm-none-eabi/10.1.0/../../../../arm-none-eabi/lib\libstdc++.a(eh_terminate.o)
                0x0000000002009618                __cxxabiv1::__terminate(void (*)())
 .text._ZSt9terminatev
                0x000000000200964c       0x14 c:/devkitpro/devkitarm/bin/../lib/gcc/arm-none-eabi/10.1.0/../../../../arm-none-eabi/lib\libstdc++.a(eh_terminate.o)
                0x000000000200964c                std::terminate()
 .text._ZN10__cxxabiv112__unexpectedEPFvvE
                0x0000000002009660       0x10 c:/devkitpro/devkitarm/bin/../lib/gcc/arm-none-eabi/10.1.0/../../../../arm-none-eabi/lib\libstdc++.a(eh_terminate.o)
                0x0000000002009660                __cxxabiv1::__unexpected(void (*)())
 .text._ZSt10unexpectedv
                0x0000000002009670       0x14 c:/devkitpro/devkitarm/bin/../lib/gcc/arm-none-eabi/10.1.0/../../../../arm-none-eabi/lib\libstdc++.a(eh_terminate.o)
                0x0000000002009670                std::unexpected()
 .text._ZSt13get_terminatev
                0x0000000002009684       0x10 c:/devkitpro/devkitarm/bin/../lib/gcc/arm-none-eabi/10.1.0/../../../../arm-none-eabi/lib\libstdc++.a(eh_terminate.o)
                0x0000000002009684                std::get_terminate()
 .text._ZSt14get_unexpectedv
                0x0000000002009694       0x10 c:/devkitpro/devkitarm/bin/../lib/gcc/arm-none-eabi/10.1.0/../../../../arm-none-eabi/lib\libstdc++.a(eh_terminate.o)
                0x0000000002009694                std::get_unexpected()
 .text._ZL23__gxx_exception_cleanup19_Unwind_Reason_CodeP21_Unwind_Control_Block
                0x00000000020096a4       0x58 c:/devkitpro/devkitarm/bin/../lib/gcc/arm-none-eabi/10.1.0/../../../../arm-none-eabi/lib\libstdc++.a(eh_throw.o)
 .text.__cxa_init_primary_exception
                0x00000000020096fc       0x74 c:/devkitpro/devkitarm/bin/../lib/gcc/arm-none-eabi/10.1.0/../../../../arm-none-eabi/lib\libstdc++.a(eh_throw.o)
                0x00000000020096fc                __cxa_init_primary_exception
 .text.__cxa_throw
                0x0000000002009770       0x54 c:/devkitpro/devkitarm/bin/../lib/gcc/arm-none-eabi/10.1.0/../../../../arm-none-eabi/lib\libstdc++.a(eh_throw.o)
                0x0000000002009770                __cxa_throw
 .text.__cxa_rethrow
                0x00000000020097c4       0xb0 c:/devkitpro/devkitarm/bin/../lib/gcc/arm-none-eabi/10.1.0/../../../../arm-none-eabi/lib\libstdc++.a(eh_throw.o)
                0x00000000020097c4                __cxa_rethrow
 .text._ZSt15get_new_handlerv
                0x0000000002009874       0x10 c:/devkitpro/devkitarm/bin/../lib/gcc/arm-none-eabi/10.1.0/../../../../arm-none-eabi/lib\libstdc++.a(new_handler.o)
                0x0000000002009874                std::get_new_handler()
 .text._ZN10__cxxabiv120__si_class_type_infoD2Ev
                0x0000000002009884       0x24 c:/devkitpro/devkitarm/bin/../lib/gcc/arm-none-eabi/10.1.0/../../../../arm-none-eabi/lib\libstdc++.a(si_class_type_info.o)
                0x0000000002009884                __cxxabiv1::__si_class_type_info::~__si_class_type_info()
                0x0000000002009884                __cxxabiv1::__si_class_type_info::~__si_class_type_info()
 .text._ZN10__cxxabiv120__si_class_type_infoD0Ev
                0x00000000020098a8       0x30 c:/devkitpro/devkitarm/bin/../lib/gcc/arm-none-eabi/10.1.0/../../../../arm-none-eabi/lib\libstdc++.a(si_class_type_info.o)
                0x00000000020098a8                __cxxabiv1::__si_class_type_info::~__si_class_type_info()
 .text._ZNK10__cxxabiv120__si_class_type_info20__do_find_public_srcEiPKvPKNS_17__class_type_infoES2_
                0x00000000020098d8       0x70 c:/devkitpro/devkitarm/bin/../lib/gcc/arm-none-eabi/10.1.0/../../../../arm-none-eabi/lib\libstdc++.a(si_class_type_info.o)
                0x00000000020098d8                __cxxabiv1::__si_class_type_info::__do_find_public_src(int, void const*, __cxxabiv1::__class_type_info const*, void const*) const
 .text._ZNK10__cxxabiv120__si_class_type_info12__do_dyncastEiNS_17__class_type_info10__sub_kindEPKS1_PKvS4_S6_RNS1_16__dyncast_resultE
                0x0000000002009948       0xe4 c:/devkitpro/devkitarm/bin/../lib/gcc/arm-none-eabi/10.1.0/../../../../arm-none-eabi/lib\libstdc++.a(si_class_type_info.o)
                0x0000000002009948                __cxxabiv1::__si_class_type_info::__do_dyncast(int, __cxxabiv1::__class_type_info::__sub_kind, __cxxabiv1::__class_type_info const*, void const*, __cxxabiv1::__class_type_info const*, void const*, __cxxabiv1::__class_type_info::__dyncast_result&) const
 .text._ZNK10__cxxabiv120__si_class_type_info11__do_upcastEPKNS_17__class_type_infoEPKvRNS1_15__upcast_resultE
                0x0000000002009a2c       0x4c c:/devkitpro/devkitarm/bin/../lib/gcc/arm-none-eabi/10.1.0/../../../../arm-none-eabi/lib\libstdc++.a(si_class_type_info.o)
                0x0000000002009a2c                __cxxabiv1::__si_class_type_info::__do_upcast(__cxxabiv1::__class_type_info const*, void const*, __cxxabiv1::__class_type_info::__upcast_result&) const
 .text._ZNSt9type_infoD2Ev
                0x0000000002009a78        0x4 c:/devkitpro/devkitarm/bin/../lib/gcc/arm-none-eabi/10.1.0/../../../../arm-none-eabi/lib\libstdc++.a(tinfo.o)
                0x0000000002009a78                std::type_info::~type_info()
                0x0000000002009a78                std::type_info::~type_info()
 .text._ZNKSt9type_info14__is_pointer_pEv
                0x0000000002009a7c        0x8 c:/devkitpro/devkitarm/bin/../lib/gcc/arm-none-eabi/10.1.0/../../../../arm-none-eabi/lib\libstdc++.a(tinfo.o)
                0x0000000002009a7c                std::type_info::__is_pointer_p() const
                0x0000000002009a7c                std::type_info::__is_function_p() const
 .text._ZNKSt9type_infoeqERKS_
                0x0000000002009a84       0x50 c:/devkitpro/devkitarm/bin/../lib/gcc/arm-none-eabi/10.1.0/../../../../arm-none-eabi/lib\libstdc++.a(tinfo.o)
                0x0000000002009a84                std::type_info::operator==(std::type_info const&) const
 .text._ZNKSt11logic_error4whatEv
                0x0000000002009ad4        0x8 c:/devkitpro/devkitarm/bin/../lib/gcc/arm-none-eabi/10.1.0/../../../../arm-none-eabi/lib\libstdc++.a(stdexcept.o)
                0x0000000002009ad4                std::logic_error::what() const
                0x0000000002009ad4                std::runtime_error::what() const
 .text._ZNSt13runtime_errorD2Ev
                0x0000000002009adc       0x68 c:/devkitpro/devkitarm/bin/../lib/gcc/arm-none-eabi/10.1.0/../../../../arm-none-eabi/lib\libstdc++.a(stdexcept.o)
                0x0000000002009adc                std::runtime_error::~runtime_error()
                0x0000000002009adc                std::runtime_error::~runtime_error()
 .text._ZNSt11logic_errorD2Ev
                0x0000000002009b44       0x68 c:/devkitpro/devkitarm/bin/../lib/gcc/arm-none-eabi/10.1.0/../../../../arm-none-eabi/lib\libstdc++.a(stdexcept.o)
                0x0000000002009b44                std::logic_error::~logic_error()
                0x0000000002009b44                std::logic_error::~logic_error()
 .text._ZNSt13runtime_errorD0Ev
                0x0000000002009bac       0x70 c:/devkitpro/devkitarm/bin/../lib/gcc/arm-none-eabi/10.1.0/../../../../arm-none-eabi/lib\libstdc++.a(stdexcept.o)
                0x0000000002009bac                std::runtime_error::~runtime_error()
 .text._ZNSt12length_errorD2Ev
                0x0000000002009c1c       0x68 c:/devkitpro/devkitarm/bin/../lib/gcc/arm-none-eabi/10.1.0/../../../../arm-none-eabi/lib\libstdc++.a(stdexcept.o)
                0x0000000002009c1c                std::length_error::~length_error()
                0x0000000002009c1c                std::length_error::~length_error()
 .text._ZNSt11logic_errorD0Ev
                0x0000000002009c84       0x70 c:/devkitpro/devkitarm/bin/../lib/gcc/arm-none-eabi/10.1.0/../../../../arm-none-eabi/lib\libstdc++.a(stdexcept.o)
                0x0000000002009c84                std::logic_error::~logic_error()
 .text._ZNSt12length_errorD0Ev
                0x0000000002009cf4       0x70 c:/devkitpro/devkitarm/bin/../lib/gcc/arm-none-eabi/10.1.0/../../../../arm-none-eabi/lib\libstdc++.a(stdexcept.o)
                0x0000000002009cf4                std::length_error::~length_error()
 .text._ZNSt11logic_errorC2EPKc
                0x0000000002009d64       0x3c c:/devkitpro/devkitarm/bin/../lib/gcc/arm-none-eabi/10.1.0/../../../../arm-none-eabi/lib\libstdc++.a(cow-stdexcept.o)
                0x0000000002009d64                std::logic_error::logic_error(char const*)
                0x0000000002009d64                std::logic_error::logic_error(char const*)
 .text._ZNSt12length_errorC2EPKc
                0x0000000002009da0       0x48 c:/devkitpro/devkitarm/bin/../lib/gcc/arm-none-eabi/10.1.0/../../../../arm-none-eabi/lib\libstdc++.a(cow-stdexcept.o)
                0x0000000002009da0                std::length_error::length_error(char const*)
                0x0000000002009da0                std::length_error::length_error(char const*)
 .text._ZNSt13runtime_errorC2EPKc
                0x0000000002009de8       0x3c c:/devkitpro/devkitarm/bin/../lib/gcc/arm-none-eabi/10.1.0/../../../../arm-none-eabi/lib\libstdc++.a(cow-stdexcept.o)
                0x0000000002009de8                std::runtime_error::runtime_error(char const*)
                0x0000000002009de8                std::runtime_error::runtime_error(char const*)
 .text._ZNSs4_Rep9_S_createEjjRKSaIcE
                0x0000000002009e24       0x8c c:/devkitpro/devkitarm/bin/../lib/gcc/arm-none-eabi/10.1.0/../../../../arm-none-eabi/lib\libstdc++.a(cow-string-inst.o)
                0x0000000002009e24                std::string::_Rep::_S_create(unsigned int, unsigned int, std::allocator<char> const&)
 .text._ZNSs4_Rep10_M_destroyERKSaIcE
                0x0000000002009eb0       0x10 c:/devkitpro/devkitarm/bin/../lib/gcc/arm-none-eabi/10.1.0/../../../../arm-none-eabi/lib\libstdc++.a(cow-string-inst.o)
                0x0000000002009eb0                std::string::_Rep::_M_destroy(std::allocator<char> const&)
 .text._ZNSs12_S_constructIPKcEEPcT_S3_RKSaIcESt20forward_iterator_tag
                0x0000000002009ec0       0xa8 c:/devkitpro/devkitarm/bin/../lib/gcc/arm-none-eabi/10.1.0/../../../../arm-none-eabi/lib\libstdc++.a(cow-string-inst.o)
                0x0000000002009ec0                char* std::string::_S_construct<char const*>(char const*, char const*, std::allocator<char> const&, std::forward_iterator_tag)
 .text._ZNSsC2EPKcRKSaIcE
                0x0000000002009f68       0x48 c:/devkitpro/devkitarm/bin/../lib/gcc/arm-none-eabi/10.1.0/../../../../arm-none-eabi/lib\libstdc++.a(cow-string-inst.o)
                0x0000000002009f68                std::basic_string<char, std::char_traits<char>, std::allocator<char> >::basic_string(char const*, std::allocator<char> const&)
                0x0000000002009f68                std::basic_string<char, std::char_traits<char>, std::allocator<char> >::basic_string(char const*, std::allocator<char> const&)
 .text._ZN10__cxxabiv1L24__is_gxx_exception_classEPc
                0x0000000002009fb0       0x70 c:/devkitpro/devkitarm/bin/../lib/gcc/arm-none-eabi/10.1.0/../../../../arm-none-eabi/lib\libstdc++.a(eh_call.o)
 .text.__cxa_call_terminate
                0x000000000200a020       0x2c c:/devkitpro/devkitarm/bin/../lib/gcc/arm-none-eabi/10.1.0/../../../../arm-none-eabi/lib\libstdc++.a(eh_call.o)
                0x000000000200a020                __cxa_call_terminate
 .text.unlikely.__cxa_call_unexpected
                0x000000000200a04c      0x14c c:/devkitpro/devkitarm/bin/../lib/gcc/arm-none-eabi/10.1.0/../../../../arm-none-eabi/lib\libstdc++.a(eh_call.o)
                0x000000000200a04c                __cxa_call_unexpected
 .text.selfrel_offset31
                0x000000000200a198       0x18 c:/devkitpro/devkitarm/bin/../lib/gcc/arm-none-eabi/10.1.0\libgcc.a(unwind-arm.o)
 .text.search_EIT_table
                0x000000000200a1b0       0x98 c:/devkitpro/devkitarm/bin/../lib/gcc/arm-none-eabi/10.1.0\libgcc.a(unwind-arm.o)
 .text.__gnu_unwind_get_pr_addr
                0x000000000200a248       0x40 c:/devkitpro/devkitarm/bin/../lib/gcc/arm-none-eabi/10.1.0\libgcc.a(unwind-arm.o)
 .text.get_eit_entry
                0x000000000200a288      0x124 c:/devkitpro/devkitarm/bin/../lib/gcc/arm-none-eabi/10.1.0\libgcc.a(unwind-arm.o)
 .text.restore_non_core_regs
                0x000000000200a3ac       0x90 c:/devkitpro/devkitarm/bin/../lib/gcc/arm-none-eabi/10.1.0\libgcc.a(unwind-arm.o)
 .text._Unwind_decode_typeinfo_ptr.constprop.0
                0x000000000200a43c       0x14 c:/devkitpro/devkitarm/bin/../lib/gcc/arm-none-eabi/10.1.0\libgcc.a(unwind-arm.o)
 .text._Unwind_DebugHook
                0x000000000200a450        0x4 c:/devkitpro/devkitarm/bin/../lib/gcc/arm-none-eabi/10.1.0\libgcc.a(unwind-arm.o)
 .text.unwind_phase2
                0x000000000200a454       0x68 c:/devkitpro/devkitarm/bin/../lib/gcc/arm-none-eabi/10.1.0\libgcc.a(unwind-arm.o)
 .text.unwind_phase2_forced
                0x000000000200a4bc      0x144 c:/devkitpro/devkitarm/bin/../lib/gcc/arm-none-eabi/10.1.0\libgcc.a(unwind-arm.o)
 .text.__gnu_Unwind_RaiseException
                0x000000000200a600       0xac c:/devkitpro/devkitarm/bin/../lib/gcc/arm-none-eabi/10.1.0\libgcc.a(unwind-arm.o)
                0x000000000200a600                __gnu_Unwind_RaiseException
 .text.__gnu_Unwind_ForcedUnwind
                0x000000000200a6ac       0x28 c:/devkitpro/devkitarm/bin/../lib/gcc/arm-none-eabi/10.1.0\libgcc.a(unwind-arm.o)
                0x000000000200a6ac                __gnu_Unwind_ForcedUnwind
 .text.__gnu_Unwind_Resume
                0x000000000200a6d4       0x78 c:/devkitpro/devkitarm/bin/../lib/gcc/arm-none-eabi/10.1.0\libgcc.a(unwind-arm.o)
                0x000000000200a6d4                __gnu_Unwind_Resume
 .text.__gnu_Unwind_Resume_or_Rethrow
                0x000000000200a74c       0x1c c:/devkitpro/devkitarm/bin/../lib/gcc/arm-none-eabi/10.1.0\libgcc.a(unwind-arm.o)
                0x000000000200a74c                __gnu_Unwind_Resume_or_Rethrow
 .text._Unwind_Complete
                0x000000000200a768        0x4 c:/devkitpro/devkitarm/bin/../lib/gcc/arm-none-eabi/10.1.0\libgcc.a(unwind-arm.o)
                0x000000000200a768                _Unwind_Complete
 .text._Unwind_DeleteException
                0x000000000200a76c       0x18 c:/devkitpro/devkitarm/bin/../lib/gcc/arm-none-eabi/10.1.0\libgcc.a(unwind-arm.o)
                0x000000000200a76c                _Unwind_DeleteException
 .text._Unwind_VRS_Get
                0x000000000200a784       0x5c c:/devkitpro/devkitarm/bin/../lib/gcc/arm-none-eabi/10.1.0\libgcc.a(unwind-arm.o)
                0x000000000200a784                _Unwind_VRS_Get
 .text._Unwind_GetGR
                0x000000000200a7e0       0x30 c:/devkitpro/devkitarm/bin/../lib/gcc/arm-none-eabi/10.1.0\libgcc.a(unwind-arm.o)
 .text._Unwind_VRS_Set
                0x000000000200a810       0x5c c:/devkitpro/devkitarm/bin/../lib/gcc/arm-none-eabi/10.1.0\libgcc.a(unwind-arm.o)
                0x000000000200a810                _Unwind_VRS_Set
 .text._Unwind_SetGR
                0x000000000200a86c       0x30 c:/devkitpro/devkitarm/bin/../lib/gcc/arm-none-eabi/10.1.0\libgcc.a(unwind-arm.o)
 .text.__gnu_Unwind_Backtrace
                0x000000000200a89c       0xcc c:/devkitpro/devkitarm/bin/../lib/gcc/arm-none-eabi/10.1.0\libgcc.a(unwind-arm.o)
                0x000000000200a89c                __gnu_Unwind_Backtrace
 .text.__gnu_unwind_pr_common
                0x000000000200a968      0x42c c:/devkitpro/devkitarm/bin/../lib/gcc/arm-none-eabi/10.1.0\libgcc.a(unwind-arm.o)
 .text.__aeabi_unwind_cpp_pr0
                0x000000000200ad94        0x8 c:/devkitpro/devkitarm/bin/../lib/gcc/arm-none-eabi/10.1.0\libgcc.a(unwind-arm.o)
                0x000000000200ad94                __aeabi_unwind_cpp_pr0
 .text.__aeabi_unwind_cpp_pr1
                0x000000000200ad9c        0x8 c:/devkitpro/devkitarm/bin/../lib/gcc/arm-none-eabi/10.1.0\libgcc.a(unwind-arm.o)
                0x000000000200ad9c                __aeabi_unwind_cpp_pr1
 .text.__aeabi_unwind_cpp_pr2
                0x000000000200ada4        0x8 c:/devkitpro/devkitarm/bin/../lib/gcc/arm-none-eabi/10.1.0\libgcc.a(unwind-arm.o)
                0x000000000200ada4                __aeabi_unwind_cpp_pr2
 .text._Unwind_VRS_Pop
                0x000000000200adac      0x3f4 c:/devkitpro/devkitarm/bin/../lib/gcc/arm-none-eabi/10.1.0\libgcc.a(unwind-arm.o)
                0x000000000200adac                _Unwind_VRS_Pop
 .text.next_unwind_byte
                0x000000000200b1a0       0x60 c:/devkitpro/devkitarm/bin/../lib/gcc/arm-none-eabi/10.1.0\libgcc.a(pr-support.o)
 .text._Unwind_GetGR.constprop.0
                0x000000000200b200       0x30 c:/devkitpro/devkitarm/bin/../lib/gcc/arm-none-eabi/10.1.0\libgcc.a(pr-support.o)
 .text.unwind_UCB_from_context
                0x000000000200b230        0x4 c:/devkitpro/devkitarm/bin/../lib/gcc/arm-none-eabi/10.1.0\libgcc.a(pr-support.o)
 .text.__gnu_unwind_execute
                0x000000000200b234      0x41c c:/devkitpro/devkitarm/bin/../lib/gcc/arm-none-eabi/10.1.0\libgcc.a(pr-support.o)
                0x000000000200b234                __gnu_unwind_execute
 .text.__gnu_unwind_frame
                0x000000000200b650       0x4c c:/devkitpro/devkitarm/bin/../lib/gcc/arm-none-eabi/10.1.0\libgcc.a(pr-support.o)
                0x000000000200b650                __gnu_unwind_frame
 .text._Unwind_GetRegionStart
                0x000000000200b69c       0x14 c:/devkitpro/devkitarm/bin/../lib/gcc/arm-none-eabi/10.1.0\libgcc.a(pr-support.o)
                0x000000000200b69c                _Unwind_GetRegionStart
 .text._Unwind_GetLanguageSpecificData
                0x000000000200b6b0       0x20 c:/devkitpro/devkitarm/bin/../lib/gcc/arm-none-eabi/10.1.0\libgcc.a(pr-support.o)
                0x000000000200b6b0                _Unwind_GetLanguageSpecificData
 .text.unlikely._Unwind_GetDataRelBase
                0x000000000200b6d0        0x8 c:/devkitpro/devkitarm/bin/../lib/gcc/arm-none-eabi/10.1.0\libgcc.a(pr-support.o)
                0x000000000200b6d0                _Unwind_GetDataRelBase
 .text.unlikely._Unwind_GetTextRelBase
                0x000000000200b6d8        0x8 c:/devkitpro/devkitarm/bin/../lib/gcc/arm-none-eabi/10.1.0\libgcc.a(pr-support.o)
                0x000000000200b6d8                _Unwind_GetTextRelBase
 .text.abort    0x000000000200b6e0       0x14 c:/devkitpro/devkitarm/bin/../lib/gcc/arm-none-eabi/10.1.0/../../../../arm-none-eabi/lib\libg.a(lib_a-abort.o)
                0x000000000200b6e0                abort
 .text.__cxa_atexit
                0x000000000200b6f4       0x28 c:/devkitpro/devkitarm/bin/../lib/gcc/arm-none-eabi/10.1.0/../../../../arm-none-eabi/lib\libg.a(lib_a-cxa_atexit.o)
                0x000000000200b6f4                __cxa_atexit
 .text.__libc_init_array
                0x000000000200b71c       0x88 c:/devkitpro/devkitarm/bin/../lib/gcc/arm-none-eabi/10.1.0/../../../../arm-none-eabi/lib\libg.a(lib_a-init.o)
                0x000000000200b71c                __libc_init_array
 .text.iprintf  0x000000000200b7a4       0x34 c:/devkitpro/devkitarm/bin/../lib/gcc/arm-none-eabi/10.1.0/../../../../arm-none-eabi/lib\libg.a(lib_a-iprintf.o)
                0x000000000200b7a4                iprintf
 .text.malloc   0x000000000200b7d8       0x1c c:/devkitpro/devkitarm/bin/../lib/gcc/arm-none-eabi/10.1.0/../../../../arm-none-eabi/lib\libg.a(lib_a-malloc.o)
                0x000000000200b7d8                malloc
 .text.free     0x000000000200b7f4       0x1c c:/devkitpro/devkitarm/bin/../lib/gcc/arm-none-eabi/10.1.0/../../../../arm-none-eabi/lib\libg.a(lib_a-malloc.o)
                0x000000000200b7f4                free
 .text._malloc_r
                0x000000000200b810      0x800 c:/devkitpro/devkitarm/bin/../lib/gcc/arm-none-eabi/10.1.0/../../../../arm-none-eabi/lib\libg.a(lib_a-mallocr.o)
                0x000000000200b810                _malloc_r
 .text.memchr   0x000000000200c010       0xf0 c:/devkitpro/devkitarm/bin/../lib/gcc/arm-none-eabi/10.1.0/../../../../arm-none-eabi/lib\libg.a(lib_a-memchr-stub.o)
                0x000000000200c010                memchr
 .text.memcmp   0x000000000200c100       0xac c:/devkitpro/devkitarm/bin/../lib/gcc/arm-none-eabi/10.1.0/../../../../arm-none-eabi/lib\libg.a(lib_a-memcmp.o)
                0x000000000200c100                memcmp
 .text.memcpy   0x000000000200c1ac      0x120 c:/devkitpro/devkitarm/bin/../lib/gcc/arm-none-eabi/10.1.0/../../../../arm-none-eabi/lib\libg.a(lib_a-memcpy-stub.o)
                0x000000000200c1ac                memcpy
 .text.memmove  0x000000000200c2cc      0x158 c:/devkitpro/devkitarm/bin/../lib/gcc/arm-none-eabi/10.1.0/../../../../arm-none-eabi/lib\libg.a(lib_a-memmove.o)
                0x000000000200c2cc                memmove
 .text.memset   0x000000000200c424      0x11c c:/devkitpro/devkitarm/bin/../lib/gcc/arm-none-eabi/10.1.0/../../../../arm-none-eabi/lib\libg.a(lib_a-memset.o)
                0x000000000200c424                memset
 .text.__malloc_lock
                0x000000000200c540       0x18 c:/devkitpro/devkitarm/bin/../lib/gcc/arm-none-eabi/10.1.0/../../../../arm-none-eabi/lib\libg.a(lib_a-mlock.o)
                0x000000000200c540                __malloc_lock
 .text.__malloc_unlock
                0x000000000200c558       0x18 c:/devkitpro/devkitarm/bin/../lib/gcc/arm-none-eabi/10.1.0/../../../../arm-none-eabi/lib\libg.a(lib_a-mlock.o)
                0x000000000200c558                __malloc_unlock
 .text.realloc  0x000000000200c570       0x24 c:/devkitpro/devkitarm/bin/../lib/gcc/arm-none-eabi/10.1.0/../../../../arm-none-eabi/lib\libg.a(lib_a-realloc.o)
                0x000000000200c570                realloc
 .text._realloc_r
                0x000000000200c594      0x5ac c:/devkitpro/devkitarm/bin/../lib/gcc/arm-none-eabi/10.1.0/../../../../arm-none-eabi/lib\libg.a(lib_a-reallocr.o)
                0x000000000200c594                _realloc_r
 .text.setvbuf  0x000000000200cb40      0x268 c:/devkitpro/devkitarm/bin/../lib/gcc/arm-none-eabi/10.1.0/../../../../arm-none-eabi/lib\libg.a(lib_a-setvbuf.o)
                0x000000000200cb40                setvbuf
 .text._raise_r
                0x000000000200cda8       0x98 c:/devkitpro/devkitarm/bin/../lib/gcc/arm-none-eabi/10.1.0/../../../../arm-none-eabi/lib\libg.a(lib_a-signal.o)
                0x000000000200cda8                _raise_r
 .text.raise    0x000000000200ce40       0x18 c:/devkitpro/devkitarm/bin/../lib/gcc/arm-none-eabi/10.1.0/../../../../arm-none-eabi/lib\libg.a(lib_a-signal.o)
                0x000000000200ce40                raise
 .text.siscanf  0x000000000200ce58       0x74 c:/devkitpro/devkitarm/bin/../lib/gcc/arm-none-eabi/10.1.0/../../../../arm-none-eabi/lib\libg.a(lib_a-siscanf.o)
                0x000000000200ce58                siscanf
 .text.__sread  0x000000000200cecc       0x4c c:/devkitpro/devkitarm/bin/../lib/gcc/arm-none-eabi/10.1.0/../../../../arm-none-eabi/lib\libg.a(lib_a-stdio.o)
                0x000000000200cecc                __sread
 .text.__seofread
                0x000000000200cf18        0x8 c:/devkitpro/devkitarm/bin/../lib/gcc/arm-none-eabi/10.1.0/../../../../arm-none-eabi/lib\libg.a(lib_a-stdio.o)
                0x000000000200cf18                __seofread
 .text.__swrite
                0x000000000200cf20       0x6c c:/devkitpro/devkitarm/bin/../lib/gcc/arm-none-eabi/10.1.0/../../../../arm-none-eabi/lib\libg.a(lib_a-stdio.o)
                0x000000000200cf20                __swrite
 .text.__sseek  0x000000000200cf8c       0x4c c:/devkitpro/devkitarm/bin/../lib/gcc/arm-none-eabi/10.1.0/../../../../arm-none-eabi/lib\libg.a(lib_a-stdio.o)
                0x000000000200cf8c                __sseek
 .text.__sclose
                0x000000000200cfd8       0x14 c:/devkitpro/devkitarm/bin/../lib/gcc/arm-none-eabi/10.1.0/../../../../arm-none-eabi/lib\libg.a(lib_a-stdio.o)
                0x000000000200cfd8                __sclose
 .text.strlen   0x000000000200cfec       0x60 c:/devkitpro/devkitarm/bin/../lib/gcc/arm-none-eabi/10.1.0/../../../../arm-none-eabi/lib\libg.a(lib_a-strlen-stub.o)
                0x000000000200cfec                strlen
 .text._strtoul_l.constprop.0
                0x000000000200d04c      0x1cc c:/devkitpro/devkitarm/bin/../lib/gcc/arm-none-eabi/10.1.0/../../../../arm-none-eabi/lib\libg.a(lib_a-strtoul.o)
 .text._strtoul_r
                0x000000000200d218        0x4 c:/devkitpro/devkitarm/bin/../lib/gcc/arm-none-eabi/10.1.0/../../../../arm-none-eabi/lib\libg.a(lib_a-strtoul.o)
                0x000000000200d218                _strtoul_r
 .text.strtoul  0x000000000200d21c       0x28 c:/devkitpro/devkitarm/bin/../lib/gcc/arm-none-eabi/10.1.0/../../../../arm-none-eabi/lib\libg.a(lib_a-strtoul.o)
                0x000000000200d21c                strtoul
 .text.get_arg  0x000000000200d244       0x54 c:/devkitpro/devkitarm/bin/../lib/gcc/arm-none-eabi/10.1.0/../../../../arm-none-eabi/lib\libg.a(lib_a-svfiscanf.o)
 .text._sungetc_r
                0x000000000200d298       0xe4 c:/devkitpro/devkitarm/bin/../lib/gcc/arm-none-eabi/10.1.0/../../../../arm-none-eabi/lib\libg.a(lib_a-svfiscanf.o)
                0x000000000200d298                _sungetc_r
 .text.__ssrefill_r
                0x000000000200d37c       0x68 c:/devkitpro/devkitarm/bin/../lib/gcc/arm-none-eabi/10.1.0/../../../../arm-none-eabi/lib\libg.a(lib_a-svfiscanf.o)
                0x000000000200d37c                __ssrefill_r
 .text._sfread_r
                0x000000000200d3e4       0xcc c:/devkitpro/devkitarm/bin/../lib/gcc/arm-none-eabi/10.1.0/../../../../arm-none-eabi/lib\libg.a(lib_a-svfiscanf.o)
                0x000000000200d3e4                _sfread_r
 .text.__ssvfiscanf_r
                0x000000000200d4b0     0x233c c:/devkitpro/devkitarm/bin/../lib/gcc/arm-none-eabi/10.1.0/../../../../arm-none-eabi/lib\libg.a(lib_a-svfiscanf.o)
                0x000000000200d4b0                __ssvfiscanf_r
 .text.__submore
                0x000000000200f7ec       0xb0 c:/devkitpro/devkitarm/bin/../lib/gcc/arm-none-eabi/10.1.0/../../../../arm-none-eabi/lib\libg.a(lib_a-ungetc.o)
                0x000000000200f7ec                __submore
 .text.get_arg  0x000000000200f89c      0x64c c:/devkitpro/devkitarm/bin/../lib/gcc/arm-none-eabi/10.1.0/../../../../arm-none-eabi/lib\libg.a(lib_a-vfiprintf.o)
 .text.__sprint_r
                0x000000000200fee8       0x34 c:/devkitpro/devkitarm/bin/../lib/gcc/arm-none-eabi/10.1.0/../../../../arm-none-eabi/lib\libg.a(lib_a-vfiprintf.o)
                0x000000000200fee8                __sprint_r
 .text._vfiprintf_r
                0x000000000200ff1c     0x2598 c:/devkitpro/devkitarm/bin/../lib/gcc/arm-none-eabi/10.1.0/../../../../arm-none-eabi/lib\libg.a(lib_a-vfiprintf.o)
                0x000000000200ff1c                _vfiprintf_r
 .text.__sbprintf
                0x00000000020124b4       0xd4 c:/devkitpro/devkitarm/bin/../lib/gcc/arm-none-eabi/10.1.0/../../../../arm-none-eabi/lib\libg.a(lib_a-vfiprintf.o)
 .text.viprintf
                0x0000000002012588       0x28 c:/devkitpro/devkitarm/bin/../lib/gcc/arm-none-eabi/10.1.0/../../../../arm-none-eabi/lib\libg.a(lib_a-viprintf.o)
                0x0000000002012588                viprintf
 .text._wcrtomb_r
                0x00000000020125b0       0x5c c:/devkitpro/devkitarm/bin/../lib/gcc/arm-none-eabi/10.1.0/../../../../arm-none-eabi/lib\libg.a(lib_a-wcrtomb.o)
                0x00000000020125b0                _wcrtomb_r
 .text._wcsrtombs_r
                0x000000000201260c       0x2c c:/devkitpro/devkitarm/bin/../lib/gcc/arm-none-eabi/10.1.0/../../../../arm-none-eabi/lib\libg.a(lib_a-wcsrtombs.o)
                0x000000000201260c                _wcsrtombs_r
 .text.__swsetup_r
                0x0000000002012638      0x160 c:/devkitpro/devkitarm/bin/../lib/gcc/arm-none-eabi/10.1.0/../../../../arm-none-eabi/lib\libg.a(lib_a-wsetup.o)
                0x0000000002012638                __swsetup_r
 .text.__register_exitproc
                0x0000000002012798       0xb8 c:/devkitpro/devkitarm/bin/../lib/gcc/arm-none-eabi/10.1.0/../../../../arm-none-eabi/lib\libg.a(lib_a-__atexit.o)
                0x0000000002012798                __register_exitproc
 .text.__sflush_r
                0x0000000002012850      0x280 c:/devkitpro/devkitarm/bin/../lib/gcc/arm-none-eabi/10.1.0/../../../../arm-none-eabi/lib\libg.a(lib_a-fflush.o)
                0x0000000002012850                __sflush_r
 .text._fflush_r
                0x0000000002012ad0       0x9c c:/devkitpro/devkitarm/bin/../lib/gcc/arm-none-eabi/10.1.0/../../../../arm-none-eabi/lib\libg.a(lib_a-fflush.o)
                0x0000000002012ad0                _fflush_r
 .text._cleanup_r
                0x0000000002012b6c       0x18 c:/devkitpro/devkitarm/bin/../lib/gcc/arm-none-eabi/10.1.0/../../../../arm-none-eabi/lib\libg.a(lib_a-findfp.o)
                0x0000000002012b6c                _cleanup_r
 .text.__sinit  0x0000000002012b84      0x18c c:/devkitpro/devkitarm/bin/../lib/gcc/arm-none-eabi/10.1.0/../../../../arm-none-eabi/lib\libg.a(lib_a-findfp.o)
                0x0000000002012b84                __sinit
 .text.__sfp_lock_acquire
                0x0000000002012d10       0x18 c:/devkitpro/devkitarm/bin/../lib/gcc/arm-none-eabi/10.1.0/../../../../arm-none-eabi/lib\libg.a(lib_a-findfp.o)
                0x0000000002012d10                __sfp_lock_acquire
 .text.__sfp_lock_release
                0x0000000002012d28       0x18 c:/devkitpro/devkitarm/bin/../lib/gcc/arm-none-eabi/10.1.0/../../../../arm-none-eabi/lib\libg.a(lib_a-findfp.o)
                0x0000000002012d28                __sfp_lock_release
 .text._malloc_trim_r
                0x0000000002012d40      0x100 c:/devkitpro/devkitarm/bin/../lib/gcc/arm-none-eabi/10.1.0/../../../../arm-none-eabi/lib\libg.a(lib_a-freer.o)
                0x0000000002012d40                _malloc_trim_r
 .text._free_r  0x0000000002012e40      0x2e0 c:/devkitpro/devkitarm/bin/../lib/gcc/arm-none-eabi/10.1.0/../../../../arm-none-eabi/lib\libg.a(lib_a-freer.o)
                0x0000000002012e40                _free_r
 .text.__sfvwrite_r
                0x0000000002013120      0x4d0 c:/devkitpro/devkitarm/bin/../lib/gcc/arm-none-eabi/10.1.0/../../../../arm-none-eabi/lib\libg.a(lib_a-fvwrite.o)
                0x0000000002013120                __sfvwrite_r
 .text._fwalk_reent
                0x00000000020135f0       0x78 c:/devkitpro/devkitarm/bin/../lib/gcc/arm-none-eabi/10.1.0/../../../../arm-none-eabi/lib\libg.a(lib_a-fwalk.o)
                0x00000000020135f0                _fwalk_reent
 .text.iswspace
                0x0000000002013668       0x14 c:/devkitpro/devkitarm/bin/../lib/gcc/arm-none-eabi/10.1.0/../../../../arm-none-eabi/lib\libg.a(lib_a-iswspace.o)
                0x0000000002013668                iswspace
 .text._localeconv_r
                0x000000000201367c        0xc c:/devkitpro/devkitarm/bin/../lib/gcc/arm-none-eabi/10.1.0/../../../../arm-none-eabi/lib\libg.a(lib_a-localeconv.o)
                0x000000000201367c                _localeconv_r
 .text.__locale_mb_cur_max
                0x0000000002013688       0x10 c:/devkitpro/devkitarm/bin/../lib/gcc/arm-none-eabi/10.1.0/../../../../arm-none-eabi/lib\libg.a(lib_a-locale.o)
                0x0000000002013688                __locale_mb_cur_max
 .text.__smakebuf_r
                0x0000000002013698      0x144 c:/devkitpro/devkitarm/bin/../lib/gcc/arm-none-eabi/10.1.0/../../../../arm-none-eabi/lib\libg.a(lib_a-makebuf.o)
                0x0000000002013698                __smakebuf_r
 .text.__swhatbuf_r
                0x00000000020137dc       0xa0 c:/devkitpro/devkitarm/bin/../lib/gcc/arm-none-eabi/10.1.0/../../../../arm-none-eabi/lib\libg.a(lib_a-makebuf.o)
                0x00000000020137dc                __swhatbuf_r
 .text._mbrtowc_r
                0x000000000201387c       0x70 c:/devkitpro/devkitarm/bin/../lib/gcc/arm-none-eabi/10.1.0/../../../../arm-none-eabi/lib\libg.a(lib_a-mbrtowc.o)
                0x000000000201387c                _mbrtowc_r
 .text.__utf8_mbtowc
                0x00000000020138ec      0x308 c:/devkitpro/devkitarm/bin/../lib/gcc/arm-none-eabi/10.1.0/../../../../arm-none-eabi/lib\libg.a(lib_a-mbtowc_r.o)
                0x00000000020138ec                __utf8_mbtowc
 .text.__sccl   0x0000000002013bf4       0xe8 c:/devkitpro/devkitarm/bin/../lib/gcc/arm-none-eabi/10.1.0/../../../../arm-none-eabi/lib\libg.a(lib_a-sccl.o)
                0x0000000002013bf4                __sccl
 .text.strncpy  0x0000000002013cdc       0xcc c:/devkitpro/devkitarm/bin/../lib/gcc/arm-none-eabi/10.1.0/../../../../arm-none-eabi/lib\libg.a(lib_a-strncpy.o)
                0x0000000002013cdc                strncpy
 .text._strtoll_l.constprop.0
                0x0000000002013da8      0x230 c:/devkitpro/devkitarm/bin/../lib/gcc/arm-none-eabi/10.1.0/../../../../arm-none-eabi/lib\libg.a(lib_a-strtoll.o)
 .text._strtoll_r
                0x0000000002013fd8        0x4 c:/devkitpro/devkitarm/bin/../lib/gcc/arm-none-eabi/10.1.0/../../../../arm-none-eabi/lib\libg.a(lib_a-strtoll.o)
                0x0000000002013fd8                _strtoll_r
 .text._strtol_l.part.0
                0x0000000002013fdc      0x1b4 c:/devkitpro/devkitarm/bin/../lib/gcc/arm-none-eabi/10.1.0/../../../../arm-none-eabi/lib\libg.a(lib_a-strtol.o)
 .text._strtol_r
                0x0000000002014190       0x3c c:/devkitpro/devkitarm/bin/../lib/gcc/arm-none-eabi/10.1.0/../../../../arm-none-eabi/lib\libg.a(lib_a-strtol.o)
                0x0000000002014190                _strtol_r
 .text._strtoull_l.constprop.0
                0x00000000020141cc      0x248 c:/devkitpro/devkitarm/bin/../lib/gcc/arm-none-eabi/10.1.0/../../../../arm-none-eabi/lib\libg.a(lib_a-strtoull.o)
 .text._strtoull_r
                0x0000000002014414        0x4 c:/devkitpro/devkitarm/bin/../lib/gcc/arm-none-eabi/10.1.0/../../../../arm-none-eabi/lib\libg.a(lib_a-strtoull.o)
                0x0000000002014414                _strtoull_r
 .text._wcsnrtombs_l
                0x0000000002014418      0x1a0 c:/devkitpro/devkitarm/bin/../lib/gcc/arm-none-eabi/10.1.0/../../../../arm-none-eabi/lib\libg.a(lib_a-wcsnrtombs.o)
                0x0000000002014418                _wcsnrtombs_l
 .text._wcsnrtombs_r
                0x00000000020145b8       0x50 c:/devkitpro/devkitarm/bin/../lib/gcc/arm-none-eabi/10.1.0/../../../../arm-none-eabi/lib\libg.a(lib_a-wcsnrtombs.o)
                0x00000000020145b8                _wcsnrtombs_r
 .text.__utf8_wctomb
                0x0000000002014608       0xf4 c:/devkitpro/devkitarm/bin/../lib/gcc/arm-none-eabi/10.1.0/../../../../arm-none-eabi/lib\libg.a(lib_a-wctomb_r.o)
                0x0000000002014608                __utf8_wctomb
 .text.__errno  0x00000000020146fc       0x10 c:/devkitpro/devkitarm/bin/../lib/gcc/arm-none-eabi/10.1.0/../../../../arm-none-eabi/lib\libg.a(lib_a-errno.o)
                0x00000000020146fc                __errno
 .text._fclose_r
                0x000000000201470c      0x16c c:/devkitpro/devkitarm/bin/../lib/gcc/arm-none-eabi/10.1.0/../../../../arm-none-eabi/lib\libg.a(lib_a-fclose.o)
                0x000000000201470c                _fclose_r
 .text.iswspace_l
                0x0000000002014878       0x44 c:/devkitpro/devkitarm/bin/../lib/gcc/arm-none-eabi/10.1.0/../../../../arm-none-eabi/lib\libg.a(lib_a-iswspace_l.o)
                0x0000000002014878                iswspace_l
 .text.__jp2uc  0x00000000020148bc      0x1e4 c:/devkitpro/devkitarm/bin/../lib/gcc/arm-none-eabi/10.1.0/../../../../arm-none-eabi/lib\libg.a(lib_a-jp2uc.o)
 .text._jp2uc_l
                0x0000000002014aa0       0x94 c:/devkitpro/devkitarm/bin/../lib/gcc/arm-none-eabi/10.1.0/../../../../arm-none-eabi/lib\libg.a(lib_a-jp2uc.o)
                0x0000000002014aa0                _jp2uc_l
 .text.category
                0x0000000002014b34       0x8c c:/devkitpro/devkitarm/bin/../lib/gcc/arm-none-eabi/10.1.0/../../../../arm-none-eabi/lib\libg.a(lib_a-categories.o)
                0x0000000002014b34                category
 .text.null_write
                0x0000000002014bc0        0x8 c:/devkitpro/devkitarm/bin/../lib/gcc/arm-none-eabi/10.1.0/../../../../arm-none-eabi/lib\libsysbase.a(iosupport.o)
 .text._fstat_r
                0x0000000002014bc8       0x7c c:/devkitpro/devkitarm/bin/../lib/gcc/arm-none-eabi/10.1.0/../../../../arm-none-eabi/lib\libsysbase.a(fstat.o)
                0x0000000002014bc8                _fstat_r
 .text._getpid_r
                0x0000000002014c44       0x14 c:/devkitpro/devkitarm/bin/../lib/gcc/arm-none-eabi/10.1.0/../../../../arm-none-eabi/lib\libsysbase.a(getpid.o)
                0x0000000002014c44                _getpid_r
 .text._isatty_r
                0x0000000002014c58        0x8 c:/devkitpro/devkitarm/bin/../lib/gcc/arm-none-eabi/10.1.0/../../../../arm-none-eabi/lib\libsysbase.a(isatty.o)
                0x0000000002014c58                _isatty_r
 .text._kill_r  0x0000000002014c60       0x14 c:/devkitpro/devkitarm/bin/../lib/gcc/arm-none-eabi/10.1.0/../../../../arm-none-eabi/lib\libsysbase.a(kill.o)
                0x0000000002014c60                _kill_r
 .text._lseek_r
                0x0000000002014c74       0x88 c:/devkitpro/devkitarm/bin/../lib/gcc/arm-none-eabi/10.1.0/../../../../arm-none-eabi/lib\libsysbase.a(lseek.o)
                0x0000000002014c74                _lseek_r
 .text._read_r  0x0000000002014cfc       0x84 c:/devkitpro/devkitarm/bin/../lib/gcc/arm-none-eabi/10.1.0/../../../../arm-none-eabi/lib\libsysbase.a(read.o)
                0x0000000002014cfc                _read_r
 .text._sbrk_r  0x0000000002014d80       0x7c c:/devkitpro/devkitarm/bin/../lib/gcc/arm-none-eabi/10.1.0/../../../../arm-none-eabi/lib\libsysbase.a(sbrk.o)
                0x0000000002014d80                _sbrk_r
 .text._write_r
                0x0000000002014dfc       0x84 c:/devkitpro/devkitarm/bin/../lib/gcc/arm-none-eabi/10.1.0/../../../../arm-none-eabi/lib\libsysbase.a(write.o)
                0x0000000002014dfc                _write_r
 .text._exit    0x0000000002014e80       0x28 c:/devkitpro/devkitarm/bin/../lib/gcc/arm-none-eabi/10.1.0/../../../../arm-none-eabi/lib\libsysbase.a(_exit.o)
                0x0000000002014e80                _exit
 .text.build_argv
                0x0000000002014ea8       0x80 c:/devkitpro/devkitarm/bin/../lib/gcc/arm-none-eabi/10.1.0/../../../../arm-none-eabi/lib\libsysbase.a(build_argv.o)
                0x0000000002014ea8                build_argv
 .text.__flockfile
                0x0000000002014f28       0x14 c:/devkitpro/devkitarm/bin/../lib/gcc/arm-none-eabi/10.1.0/../../../../arm-none-eabi/lib\libsysbase.a(flock.o)
                0x0000000002014f28                __flockfile
 .text.__funlockfile
                0x0000000002014f3c       0x14 c:/devkitpro/devkitarm/bin/../lib/gcc/arm-none-eabi/10.1.0/../../../../arm-none-eabi/lib\libsysbase.a(flock.o)
                0x0000000002014f3c                __funlockfile
 .text.__libc_lock_acquire
                0x0000000002014f50       0x18 c:/devkitpro/devkitarm/bin/../lib/gcc/arm-none-eabi/10.1.0/../../../../arm-none-eabi/lib\libsysbase.a(syscall_support.o)
                0x0000000002014f50                __libc_lock_acquire
 .text.__libc_lock_release
                0x0000000002014f68       0x18 c:/devkitpro/devkitarm/bin/../lib/gcc/arm-none-eabi/10.1.0/../../../../arm-none-eabi/lib\libsysbase.a(syscall_support.o)
                0x0000000002014f68                __libc_lock_release
 .text.__libc_lock_init_recursive
                0x0000000002014f80       0x18 c:/devkitpro/devkitarm/bin/../lib/gcc/arm-none-eabi/10.1.0/../../../../arm-none-eabi/lib\libsysbase.a(syscall_support.o)
                0x0000000002014f80                __libc_lock_init_recursive
 .text.__libc_lock_acquire_recursive
                0x0000000002014f98       0x18 c:/devkitpro/devkitarm/bin/../lib/gcc/arm-none-eabi/10.1.0/../../../../arm-none-eabi/lib\libsysbase.a(syscall_support.o)
                0x0000000002014f98                __libc_lock_acquire_recursive
 .text.__libc_lock_release_recursive
                0x0000000002014fb0       0x18 c:/devkitpro/devkitarm/bin/../lib/gcc/arm-none-eabi/10.1.0/../../../../arm-none-eabi/lib\libsysbase.a(syscall_support.o)
                0x0000000002014fb0                __libc_lock_release_recursive
 .text.__libc_lock_close_recursive
                0x0000000002014fc8       0x18 c:/devkitpro/devkitarm/bin/../lib/gcc/arm-none-eabi/10.1.0/../../../../arm-none-eabi/lib\libsysbase.a(syscall_support.o)
                0x0000000002014fc8                __libc_lock_close_recursive
 .text.__get_handle
                0x0000000002014fe0       0x40 c:/devkitpro/devkitarm/bin/../lib/gcc/arm-none-eabi/10.1.0/../../../../arm-none-eabi/lib\libsysbase.a(handle_manager.o)
                0x0000000002014fe0                __get_handle
 .text._close_r
                0x0000000002015020       0xfc c:/devkitpro/devkitarm/bin/../lib/gcc/arm-none-eabi/10.1.0/../../../../arm-none-eabi/lib\libsysbase.a(handle_manager.o)
                0x0000000002015020                _close_r
 .text.__getreent
                0x000000000201511c       0x24 c:/devkitpro/devkitarm/bin/../lib/gcc/arm-none-eabi/10.1.0/../../../../arm-none-eabi/lib\libsysbase.a(getreent.o)
                0x000000000201511c                __getreent
 .text.__udivmoddi4
                0x0000000002015140      0x128 c:/devkitpro/devkitarm/bin/../lib/gcc/arm-none-eabi/10.1.0\libgcc.a(_udivmoddi4.o)
                0x0000000002015140                __udivmoddi4
 .text.__udivmoddi4.__stub
                0x0000000002015268      0x130 linker stubs
 *(EXCLUDE_FILE(*.twl*) .gnu.warning)
 *(EXCLUDE_FILE(*.twl*) .gnu.linkonce.t*)
 *(.glue_7)
 .glue_7        0x00000000020153d0        0x0 linker stubs
 *(.glue_7t)
 .glue_7t       0x00000000020153d0        0x0 linker stubs
                0x00000000020153d0                . = ALIGN (0x4)

.vfp11_veneer   0x00000000020153d0        0x0
 .vfp11_veneer  0x00000000020153d0        0x0 linker stubs

.v4_bx          0x00000000020153d0        0x0
 .v4_bx         0x00000000020153d0        0x0 linker stubs

.iplt           0x00000000020153d0        0x0
 .iplt          0x00000000020153d0        0x0 c:/devkitpro/devkitarm/bin/../lib/gcc/arm-none-eabi/10.1.0/../../../../arm-none-eabi/lib/ds_arm9_crt0.o

.fini           0x00000000020153d0       0x18
 *(.fini)
 .fini          0x00000000020153d0        0xc c:/devkitpro/devkitarm/bin/../lib/gcc/arm-none-eabi/10.1.0/crti.o
                0x00000000020153d0                _fini
 .fini          0x00000000020153dc        0xc c:/devkitpro/devkitarm/bin/../lib/gcc/arm-none-eabi/10.1.0/crtn.o
                0x00000000020153e8                __text_end = .

.rodata         0x00000000020153e8     0xeab4
 *(EXCLUDE_FILE(*.twl*) .rodata)
 .rodata        0x00000000020153e8      0xb00 board_bg.o
                0x00000000020153e8                board_bgTiles
                0x00000000020154e8                board_bgMap
                0x0000000002015ce8                board_bgPal
 .rodata        0x0000000002015ee8      0x110 i_square.o
                0x0000000002015ee8                i_squareTiles
                0x0000000002015fe8                i_squarePal
 .rodata        0x0000000002015ff8      0x110 j_square.o
                0x0000000002015ff8                j_squareTiles
                0x00000000020160f8                j_squarePal
 .rodata        0x0000000002016108      0x110 l_square.o
                0x0000000002016108                l_squareTiles
                0x0000000002016208                l_squarePal
 .rodata        0x0000000002016218     0x4500 main_menu.o
                0x0000000002016218                main_menuTiles
                0x0000000002019d18                main_menuMap
                0x000000000201a518                main_menuPal
 .rodata        0x000000000201a718      0x110 menu_cursor.o
                0x000000000201a718                menu_cursorTiles
                0x000000000201a818                menu_cursorPal
 .rodata        0x000000000201a828      0x110 o_square.o
                0x000000000201a828                o_squareTiles
                0x000000000201a928                o_squarePal
 .rodata        0x000000000201a938      0x110 s_square.o
                0x000000000201a938                s_squareTiles
                0x000000000201aa38                s_squarePal
 .rodata        0x000000000201aa48      0x110 t_square.o
                0x000000000201aa48                t_squareTiles
                0x000000000201ab48                t_squarePal
 .rodata        0x000000000201ab58      0x110 z_square.o
                0x000000000201ab58                z_squareTiles
                0x000000000201ac58                z_squarePal
 .rodata        0x000000000201ac68       0x10 TetrisTile.o
                0x000000000201ac68                vtable for TetrisTile
 .rodata        0x000000000201ac78     0x2004 C:/devkitPro/libnds/lib\libnds9.a(default_font.bin.o)
                0x000000000201ac78                default_font_bin
                0x000000000201cc78                default_font_bin_size
                0x000000000201cc78                default_font_bin_end
 *all.rodata*(*)
 *(EXCLUDE_FILE(*.twl*) .roda)
 *(EXCLUDE_FILE(*.twl*) .rodata.*)
 .rodata._ZNSt13random_deviceC2Ev.str1.4
                0x000000000201cc7c        0x8 Board.o
 .rodata._ZNSt6vectorISt10shared_ptrI10TetrisTileESaIS2_EE17_M_realloc_insertIJS2_EEEvN9__gnu_cxx17__normal_iteratorIPS2_S4_EEDpOT_.str1.4
                0x000000000201cc84       0x1a Board.o
 *fill*         0x000000000201cc9e        0x2 ff
 .rodata._ZTVSt23_Sp_counted_ptr_inplaceI10TetrisTileSaIS0_ELN9__gnu_cxx12_Lock_policyE0EE
                0x000000000201cca0       0x1c Board.o
                0x000000000201cca0                vtable for std::_Sp_counted_ptr_inplace<TetrisTile, std::allocator<TetrisTile>, (__gnu_cxx::_Lock_policy)0>
 .rodata._ZZNSt19_Sp_make_shared_tag5_S_tiEvE5__tag
                0x000000000201ccbc        0x8 Board.o
                0x000000000201ccbc                std::_Sp_make_shared_tag::_S_ti()::__tag
 .rodata.str1.4
                0x000000000201ccc4      0x12f Cursor.o
 .rodata.str1.4
                0x000000000201cdf3      0x12d Square.o
 .rodata._ZNSt6vectorIiSaIiEE17_M_realloc_insertIJRKiEEEvN9__gnu_cxx17__normal_iteratorIPiS1_EEDpOT_.str1.4
                0x000000000201cdf3       0x1a Square.o
 .rodata._ZNSt6vectorISt10unique_ptrI6SquareSt14default_deleteIS1_EESaIS4_EE17_M_realloc_insertIJS4_EEEvN9__gnu_cxx17__normal_iteratorIPS4_S6_EEDpOT_.str1.4
                0x000000000201cdf3       0x1a TetrisTile.o
 *fill*         0x000000000201cdf3        0x1 ff
 .rodata.__sassert.str1.4
                0x000000000201cdf4       0x42 C:/devkitPro/libnds/lib\libnds9.a(sassert.o)
 *fill*         0x000000000201ce36        0x2 ff
 .rodata.con_write.str1.4
                0x000000000201ce38       0x30 C:/devkitPro/libnds/lib\libnds9.a(console.o)
 .rodata.con_write
                0x000000000201ce68       0xd4 C:/devkitPro/libnds/lib\libnds9.a(console.o)
 .rodata.str1.4
                0x000000000201cf3c       0x14 C:/devkitPro/libnds/lib\libnds9.a(console.o)
 .rodata.dotab_stdout
                0x000000000201cf50       0x70 C:/devkitPro/libnds/lib\libnds9.a(console.o)
 .rodata.SIN_LUT
                0x000000000201cfc0      0x102 C:/devkitPro/libnds/lib\libnds9.a(trig.o)
                0x000000000201cfc0                SIN_LUT
 *fill*         0x000000000201d0c2        0x2 ff
 .rodata._ZNSt13random_device14_M_init_pretr1ERKNSt7__cxx1112basic_stringIcSt11char_traitsIcESaIcEEE.str1.4
                0x000000000201d0c4       0x3a c:/devkitpro/devkitarm/bin/../lib/gcc/arm-none-eabi/10.1.0/../../../../arm-none-eabi/lib\libstdc++.a(random.o)
                                         0x42 (size before relaxing)
 *fill*         0x000000000201d0fe        0x2 ff
 .rodata._ZTSSt19_Sp_make_shared_tag
                0x000000000201d100       0x18 c:/devkitpro/devkitarm/bin/../lib/gcc/arm-none-eabi/10.1.0/../../../../arm-none-eabi/lib\libstdc++.a(shared_ptr.o)
                0x000000000201d100                typeinfo name for std::_Sp_make_shared_tag
 .rodata._ZTISt19_Sp_make_shared_tag
                0x000000000201d118        0x8 c:/devkitpro/devkitarm/bin/../lib/gcc/arm-none-eabi/10.1.0/../../../../arm-none-eabi/lib\libstdc++.a(shared_ptr.o)
                0x000000000201d118                typeinfo for std::_Sp_make_shared_tag
 .rodata._ZNKSt9bad_alloc4whatEv.str1.4
                0x000000000201d120        0xf c:/devkitpro/devkitarm/bin/../lib/gcc/arm-none-eabi/10.1.0/../../../../arm-none-eabi/lib\libstdc++.a(bad_alloc.o)
 *fill*         0x000000000201d12f        0x1 ff
 .rodata._ZTISt9bad_alloc
                0x000000000201d130        0xc c:/devkitpro/devkitarm/bin/../lib/gcc/arm-none-eabi/10.1.0/../../../../arm-none-eabi/lib\libstdc++.a(bad_alloc.o)
                0x000000000201d130                typeinfo for std::bad_alloc
 .rodata._ZTSSt9bad_alloc
                0x000000000201d13c        0xd c:/devkitpro/devkitarm/bin/../lib/gcc/arm-none-eabi/10.1.0/../../../../arm-none-eabi/lib\libstdc++.a(bad_alloc.o)
                0x000000000201d13c                typeinfo name for std::bad_alloc
 *fill*         0x000000000201d149        0x3 ff
 .rodata._ZTVSt9bad_alloc
                0x000000000201d14c       0x14 c:/devkitpro/devkitarm/bin/../lib/gcc/arm-none-eabi/10.1.0/../../../../arm-none-eabi/lib\libstdc++.a(bad_alloc.o)
                0x000000000201d14c                vtable for std::bad_alloc
 .rodata._ZTIN10__cxxabiv117__class_type_infoE
                0x000000000201d160        0xc c:/devkitpro/devkitarm/bin/../lib/gcc/arm-none-eabi/10.1.0/../../../../arm-none-eabi/lib\libstdc++.a(class_type_info.o)
                0x000000000201d160                typeinfo for __cxxabiv1::__class_type_info
 .rodata._ZTSN10__cxxabiv117__class_type_infoE
                0x000000000201d16c       0x22 c:/devkitpro/devkitarm/bin/../lib/gcc/arm-none-eabi/10.1.0/../../../../arm-none-eabi/lib\libstdc++.a(class_type_info.o)
                0x000000000201d16c                typeinfo name for __cxxabiv1::__class_type_info
 *fill*         0x000000000201d18e        0x2 ff
 .rodata._ZTVN10__cxxabiv117__class_type_infoE
                0x000000000201d190       0x2c c:/devkitpro/devkitarm/bin/../lib/gcc/arm-none-eabi/10.1.0/../../../../arm-none-eabi/lib\libstdc++.a(class_type_info.o)
                0x000000000201d190                vtable for __cxxabiv1::__class_type_info
 .rodata._ZNKSt13bad_exception4whatEv.str1.4
                0x000000000201d1bc       0x13 c:/devkitpro/devkitarm/bin/../lib/gcc/arm-none-eabi/10.1.0/../../../../arm-none-eabi/lib\libstdc++.a(eh_exception.o)
 *fill*         0x000000000201d1cf        0x1 ff
 .rodata._ZTIN10__cxxabiv115__forced_unwindE
                0x000000000201d1d0        0x8 c:/devkitpro/devkitarm/bin/../lib/gcc/arm-none-eabi/10.1.0/../../../../arm-none-eabi/lib\libstdc++.a(eh_exception.o)
                0x000000000201d1d0                typeinfo for __cxxabiv1::__forced_unwind
 .rodata._ZTIN10__cxxabiv119__foreign_exceptionE
                0x000000000201d1d8        0x8 c:/devkitpro/devkitarm/bin/../lib/gcc/arm-none-eabi/10.1.0/../../../../arm-none-eabi/lib\libstdc++.a(eh_exception.o)
                0x000000000201d1d8                typeinfo for __cxxabiv1::__foreign_exception
 .rodata._ZTISt13bad_exception
                0x000000000201d1e0        0xc c:/devkitpro/devkitarm/bin/../lib/gcc/arm-none-eabi/10.1.0/../../../../arm-none-eabi/lib\libstdc++.a(eh_exception.o)
                0x000000000201d1e0                typeinfo for std::bad_exception
 .rodata._ZTISt9exception
                0x000000000201d1ec        0x8 c:/devkitpro/devkitarm/bin/../lib/gcc/arm-none-eabi/10.1.0/../../../../arm-none-eabi/lib\libstdc++.a(eh_exception.o)
                0x000000000201d1ec                typeinfo for std::exception
 .rodata._ZTSN10__cxxabiv115__forced_unwindE
                0x000000000201d1f4       0x20 c:/devkitpro/devkitarm/bin/../lib/gcc/arm-none-eabi/10.1.0/../../../../arm-none-eabi/lib\libstdc++.a(eh_exception.o)
                0x000000000201d1f4                typeinfo name for __cxxabiv1::__forced_unwind
 .rodata._ZTSN10__cxxabiv119__foreign_exceptionE
                0x000000000201d214       0x24 c:/devkitpro/devkitarm/bin/../lib/gcc/arm-none-eabi/10.1.0/../../../../arm-none-eabi/lib\libstdc++.a(eh_exception.o)
                0x000000000201d214                typeinfo name for __cxxabiv1::__foreign_exception
 .rodata._ZTSSt13bad_exception
                0x000000000201d238       0x12 c:/devkitpro/devkitarm/bin/../lib/gcc/arm-none-eabi/10.1.0/../../../../arm-none-eabi/lib\libstdc++.a(eh_exception.o)
                0x000000000201d238                typeinfo name for std::bad_exception
 *fill*         0x000000000201d24a        0x2 ff
 .rodata._ZTSSt9exception
                0x000000000201d24c        0xd c:/devkitpro/devkitarm/bin/../lib/gcc/arm-none-eabi/10.1.0/../../../../arm-none-eabi/lib\libstdc++.a(eh_exception.o)
                0x000000000201d24c                typeinfo name for std::exception
 *fill*         0x000000000201d259        0x3 ff
 .rodata._ZTVSt13bad_exception
                0x000000000201d25c       0x14 c:/devkitpro/devkitarm/bin/../lib/gcc/arm-none-eabi/10.1.0/../../../../arm-none-eabi/lib\libstdc++.a(eh_exception.o)
                0x000000000201d25c                vtable for std::bad_exception
 .rodata._ZTIN10__cxxabiv120__si_class_type_infoE
                0x000000000201d270        0xc c:/devkitpro/devkitarm/bin/../lib/gcc/arm-none-eabi/10.1.0/../../../../arm-none-eabi/lib\libstdc++.a(si_class_type_info.o)
                0x000000000201d270                typeinfo for __cxxabiv1::__si_class_type_info
 .rodata._ZTSN10__cxxabiv120__si_class_type_infoE
                0x000000000201d27c       0x25 c:/devkitpro/devkitarm/bin/../lib/gcc/arm-none-eabi/10.1.0/../../../../arm-none-eabi/lib\libstdc++.a(si_class_type_info.o)
                0x000000000201d27c                typeinfo name for __cxxabiv1::__si_class_type_info
 *fill*         0x000000000201d2a1        0x3 ff
 .rodata._ZTVN10__cxxabiv120__si_class_type_infoE
                0x000000000201d2a4       0x2c c:/devkitpro/devkitarm/bin/../lib/gcc/arm-none-eabi/10.1.0/../../../../arm-none-eabi/lib\libstdc++.a(si_class_type_info.o)